Archive member included because of file (symbol)

/home/karshan/gits/vaayu/software/gcc-arm-none-eabi-4_7-2013q3/bin/../lib/gcc/arm-none-eabi/4.7.4/armv7e-m/libgcc.a(_lshrdi3.o)
                              project_build//home/karshan/gits/vaayu/software/mios32/trunk//modules/app_lcd/universal/app_lcd.o (__aeabi_llsr)
/home/karshan/gits/vaayu/software/gcc-arm-none-eabi-4_7-2013q3/bin/../lib/gcc/arm-none-eabi/4.7.4/armv7e-m/libgcc.a(_ashldi3.o)
                              project_build//home/karshan/gits/vaayu/software/mios32/trunk//modules/app_lcd/universal/app_lcd.o (__aeabi_llsl)
/home/karshan/gits/vaayu/software/gcc-arm-none-eabi-4_7-2013q3/bin/../lib/gcc/arm-none-eabi/4.7.4/armv7e-m/libgcc.a(_arm_muldivdf3.o)
                              project_build//home/karshan/gits/vaayu/software/mios32/trunk//mios32/common/mios32_osc.o (__aeabi_dmul)
/home/karshan/gits/vaayu/software/gcc-arm-none-eabi-4_7-2013q3/bin/../lib/gcc/arm-none-eabi/4.7.4/armv7e-m/libgcc.a(_arm_fixdfsi.o)
                              project_build//home/karshan/gits/vaayu/software/mios32/trunk//mios32/common/mios32_osc.o (__aeabi_d2iz)
/home/karshan/gits/vaayu/software/gcc-arm-none-eabi-4_7-2013q3/bin/../lib/gcc/arm-none-eabi/4.7.4/armv7e-m/libgcc.a(_arm_muldivsf3.o)
                              project_build//home/karshan/gits/vaayu/software/mios32/trunk//mios32/common/mios32_osc.o (__aeabi_fmul)
/home/karshan/gits/vaayu/software/gcc-arm-none-eabi-4_7-2013q3/bin/../lib/gcc/arm-none-eabi/4.7.4/armv7e-m/libgcc.a(_arm_fixsfsi.o)
                              project_build//home/karshan/gits/vaayu/software/mios32/trunk//mios32/common/mios32_osc.o (__aeabi_f2iz)
/home/karshan/gits/vaayu/software/gcc-arm-none-eabi-4_7-2013q3/bin/../lib/gcc/arm-none-eabi/4.7.4/../../../../arm-none-eabi/lib/armv7e-m/libc_s.a(lib_a-ctype_.o)
                              project_build//home/karshan/gits/vaayu/software/mios32/trunk//programming_models/traditional/strtol.o (__ctype_ptr__)
/home/karshan/gits/vaayu/software/gcc-arm-none-eabi-4_7-2013q3/bin/../lib/gcc/arm-none-eabi/4.7.4/../../../../arm-none-eabi/lib/armv7e-m/libc_s.a(lib_a-init.o)
                              project_build//home/karshan/gits/vaayu/software/mios32/trunk//programming_models/traditional/main.o (__libc_init_array)
/home/karshan/gits/vaayu/software/gcc-arm-none-eabi-4_7-2013q3/bin/../lib/gcc/arm-none-eabi/4.7.4/../../../../arm-none-eabi/lib/armv7e-m/libc_s.a(lib_a-memcpy.o)
                              project_build//home/karshan/gits/vaayu/software/mios32/trunk//FreeRTOS/Source/queue.o (memcpy)
/home/karshan/gits/vaayu/software/gcc-arm-none-eabi-4_7-2013q3/bin/../lib/gcc/arm-none-eabi/4.7.4/../../../../arm-none-eabi/lib/armv7e-m/libc_s.a(lib_a-memmove.o)
                              project_build//home/karshan/gits/vaayu/software/mios32/trunk//FreeRTOS/Source/portable/MemMang/umm_malloc.o (memmove)
/home/karshan/gits/vaayu/software/gcc-arm-none-eabi-4_7-2013q3/bin/../lib/gcc/arm-none-eabi/4.7.4/../../../../arm-none-eabi/lib/armv7e-m/libc_s.a(lib_a-memset.o)
                              project_build//home/karshan/gits/vaayu/software/mios32/trunk//FreeRTOS/Source/tasks.o (memset)
/home/karshan/gits/vaayu/software/gcc-arm-none-eabi-4_7-2013q3/bin/../lib/gcc/arm-none-eabi/4.7.4/../../../../arm-none-eabi/lib/armv7e-m/libc_s.a(lib_a-stpcpy.o)
                              project_build//home/karshan/gits/vaayu/software/mios32/trunk//mios32/common/mios32_osc.o (stpcpy)
/home/karshan/gits/vaayu/software/gcc-arm-none-eabi-4_7-2013q3/bin/../lib/gcc/arm-none-eabi/4.7.4/../../../../arm-none-eabi/lib/armv7e-m/libc_s.a(lib_a-strcasecmp.o)
                              project_build//home/karshan/gits/vaayu/software/mios32/trunk//modules/app_lcd/universal/app_lcd.o (strcasecmp)
/home/karshan/gits/vaayu/software/gcc-arm-none-eabi-4_7-2013q3/bin/../lib/gcc/arm-none-eabi/4.7.4/../../../../arm-none-eabi/lib/armv7e-m/libc_s.a(lib_a-strlen.o)
                              project_build//home/karshan/gits/vaayu/software/mios32/trunk//mios32/common/mios32_midi.o (strlen)
/home/karshan/gits/vaayu/software/gcc-arm-none-eabi-4_7-2013q3/bin/../lib/gcc/arm-none-eabi/4.7.4/../../../../arm-none-eabi/lib/armv7e-m/libc_s.a(lib_a-strncmp.o)
                              project_build//home/karshan/gits/vaayu/software/mios32/trunk//mios32/common/mios32_osc.o (strncmp)
/home/karshan/gits/vaayu/software/gcc-arm-none-eabi-4_7-2013q3/bin/../lib/gcc/arm-none-eabi/4.7.4/../../../../arm-none-eabi/lib/armv7e-m/libc_s.a(lib_a-strncpy.o)
                              project_build//home/karshan/gits/vaayu/software/mios32/trunk//FreeRTOS/Source/tasks.o (strncpy)
/home/karshan/gits/vaayu/software/gcc-arm-none-eabi-4_7-2013q3/bin/../lib/gcc/arm-none-eabi/4.7.4/../../../../arm-none-eabi/lib/armv7e-m/libc_s.a(lib_a-strtok_r.o)
                              project_build//home/karshan/gits/vaayu/software/mios32/trunk//modules/app_lcd/universal/app_lcd.o (strtok_r)

Allocating common symbols
[...]
Memory Configuration

Name             Origin             Length             Attributes
RAM              0x20000000         0x00030000         xrw
FLASH_SECTOR0    0x08000000         0x00004000         xr
FLASH_SECTOR1    0x08004000         0x00004000         xr
FLASH_SECTOR2    0x08008000         0x00004000         xr
FLASH_SECTOR3    0x0800c000         0x00004000         xr
FLASH            0x08010000         0x000f0000         xr
FLASHB1          0x00000000         0x00000000         xr
EXTMEMB0         0x00000000         0x00000000         xr
EXTMEMB1         0x00000000         0x00000000         xr
EXTMEMB2         0x00000000         0x00000000         xr
EXTMEMB3         0x00000000         0x00000000         xr
*default*        0x00000000         0xffffffff

Linker script and memory map

LOAD project_build/app.o
LOAD project_build//home/karshan/gits/vaayu/software/mios32/trunk//programming_models/traditional/main.o
LOAD project_build//home/karshan/gits/vaayu/software/mios32/trunk//programming_models/traditional/strtol.o
LOAD project_build//home/karshan/gits/vaayu/software/mios32/trunk//FreeRTOS/Source/tasks.o
LOAD project_build//home/karshan/gits/vaayu/software/mios32/trunk//FreeRTOS/Source/list.o
LOAD project_build//home/karshan/gits/vaayu/software/mios32/trunk//FreeRTOS/Source/queue.o
LOAD project_build//home/karshan/gits/vaayu/software/mios32/trunk//FreeRTOS/Source/timers.o
LOAD project_build//home/karshan/gits/vaayu/software/mios32/trunk//FreeRTOS/Source/portable/GCC/ARM_CM3/port.o
LOAD project_build//home/karshan/gits/vaayu/software/mios32/trunk//FreeRTOS/Source/portable/MemMang/umm_malloc.o
LOAD project_build//home/karshan/gits/vaayu/software/mios32/trunk//programming_models/traditional/startup_stm32f4xx.o
LOAD project_build//home/karshan/gits/vaayu/software/mios32/trunk//mios32/common/mios32_srio.o
LOAD project_build//home/karshan/gits/vaayu/software/mios32/trunk//mios32/common/mios32_din.o
LOAD project_build//home/karshan/gits/vaayu/software/mios32/trunk//mios32/common/mios32_dout.o
LOAD project_build//home/karshan/gits/vaayu/software/mios32/trunk//mios32/common/mios32_enc.o
LOAD project_build//home/karshan/gits/vaayu/software/mios32/trunk//mios32/common/mios32_lcd.o
LOAD project_build//home/karshan/gits/vaayu/software/mios32/trunk//mios32/common/mios32_midi.o
LOAD project_build//home/karshan/gits/vaayu/software/mios32/trunk//mios32/common/mios32_osc.o
LOAD project_build//home/karshan/gits/vaayu/software/mios32/trunk//mios32/common/mios32_com.o
LOAD project_build//home/karshan/gits/vaayu/software/mios32/trunk//mios32/common/mios32_uart_midi.o
LOAD project_build//home/karshan/gits/vaayu/software/mios32/trunk//mios32/common/mios32_spi_midi.o
LOAD project_build//home/karshan/gits/vaayu/software/mios32/trunk//mios32/common/mios32_iic_midi.o
LOAD project_build//home/karshan/gits/vaayu/software/mios32/trunk//mios32/common/mios32_iic_bs.o
LOAD project_build//home/karshan/gits/vaayu/software/mios32/trunk//mios32/common/mios32_mf.o
LOAD project_build//home/karshan/gits/vaayu/software/mios32/trunk//mios32/common/mios32_sdcard.o
LOAD project_build//home/karshan/gits/vaayu/software/mios32/trunk//mios32/common/mios32_enc28j60.o
LOAD project_build//home/karshan/gits/vaayu/software/mios32/trunk//mios32/common/mios32_timestamp.o
LOAD project_build//home/karshan/gits/vaayu/software/mios32/trunk//mios32/STM32F4xx/mios32_bsl.o
LOAD project_build//home/karshan/gits/vaayu/software/mios32/trunk//mios32/STM32F4xx/mios32_sys.o
LOAD project_build//home/karshan/gits/vaayu/software/mios32/trunk//mios32/STM32F4xx/mios32_irq.o
LOAD project_build//home/karshan/gits/vaayu/software/mios32/trunk//mios32/STM32F4xx/mios32_spi.o
LOAD project_build//home/karshan/gits/vaayu/software/mios32/trunk//mios32/STM32F4xx/mios32_i2s.o
LOAD project_build//home/karshan/gits/vaayu/software/mios32/trunk//mios32/STM32F4xx/mios32_board.o
LOAD project_build//home/karshan/gits/vaayu/software/mios32/trunk//mios32/STM32F4xx/mios32_timer.o
LOAD project_build//home/karshan/gits/vaayu/software/mios32/trunk//mios32/STM32F4xx/mios32_stopwatch.o
LOAD project_build//home/karshan/gits/vaayu/software/mios32/trunk//mios32/STM32F4xx/mios32_delay.o
LOAD project_build//home/karshan/gits/vaayu/software/mios32/trunk//mios32/STM32F4xx/mios32_ain.o
LOAD project_build//home/karshan/gits/vaayu/software/mios32/trunk//mios32/STM32F4xx/mios32_usb.o
LOAD project_build//home/karshan/gits/vaayu/software/mios32/trunk//mios32/STM32F4xx/mios32_usb_midi.o
LOAD project_build//home/karshan/gits/vaayu/software/mios32/trunk//mios32/STM32F4xx/mios32_usb_com.o
LOAD project_build//home/karshan/gits/vaayu/software/mios32/trunk//mios32/STM32F4xx/mios32_uart.o
LOAD project_build//home/karshan/gits/vaayu/software/mios32/trunk//mios32/STM32F4xx/mios32_iic.o
LOAD project_build//home/karshan/gits/vaayu/software/mios32/trunk//mios32/common/printf-stdarg.o
LOAD project_build//home/karshan/gits/vaayu/software/mios32/trunk//drivers/STM32F4xx/v1.1.0/STM32F4xx_StdPeriph_Driver/src/misc.o
LOAD project_build//home/karshan/gits/vaayu/software/mios32/trunk//drivers/STM32F4xx/v1.1.0/STM32F4xx_StdPeriph_Driver/src/stm32f4xx_adc.o
LOAD project_build//home/karshan/gits/vaayu/software/mios32/trunk//drivers/STM32F4xx/v1.1.0/STM32F4xx_StdPeriph_Driver/src/stm32f4xx_can.o
LOAD project_build//home/karshan/gits/vaayu/software/mios32/trunk//drivers/STM32F4xx/v1.1.0/STM32F4xx_StdPeriph_Driver/src/stm32f4xx_crc.o
LOAD project_build//home/karshan/gits/vaayu/software/mios32/trunk//drivers/STM32F4xx/v1.1.0/STM32F4xx_StdPeriph_Driver/src/stm32f4xx_cryp.o
LOAD project_build//home/karshan/gits/vaayu/software/mios32/trunk//drivers/STM32F4xx/v1.1.0/STM32F4xx_StdPeriph_Driver/src/stm32f4xx_cryp_aes.o
LOAD project_build//home/karshan/gits/vaayu/software/mios32/trunk//drivers/STM32F4xx/v1.1.0/STM32F4xx_StdPeriph_Driver/src/stm32f4xx_cryp_des.o
LOAD project_build//home/karshan/gits/vaayu/software/mios32/trunk//drivers/STM32F4xx/v1.1.0/STM32F4xx_StdPeriph_Driver/src/stm32f4xx_cryp_tdes.o
LOAD project_build//home/karshan/gits/vaayu/software/mios32/trunk//drivers/STM32F4xx/v1.1.0/STM32F4xx_StdPeriph_Driver/src/stm32f4xx_dac.o
LOAD project_build//home/karshan/gits/vaayu/software/mios32/trunk//drivers/STM32F4xx/v1.1.0/STM32F4xx_StdPeriph_Driver/src/stm32f4xx_dbgmcu.o
LOAD project_build//home/karshan/gits/vaayu/software/mios32/trunk//drivers/STM32F4xx/v1.1.0/STM32F4xx_StdPeriph_Driver/src/stm32f4xx_dcmi.o
LOAD project_build//home/karshan/gits/vaayu/software/mios32/trunk//drivers/STM32F4xx/v1.1.0/STM32F4xx_StdPeriph_Driver/src/stm32f4xx_dma.o
LOAD project_build//home/karshan/gits/vaayu/software/mios32/trunk//drivers/STM32F4xx/v1.1.0/STM32F4xx_StdPeriph_Driver/src/stm32f4xx_exti.o
LOAD project_build//home/karshan/gits/vaayu/software/mios32/trunk//drivers/STM32F4xx/v1.1.0/STM32F4xx_StdPeriph_Driver/src/stm32f4xx_flash.o
LOAD project_build//home/karshan/gits/vaayu/software/mios32/trunk//drivers/STM32F4xx/v1.1.0/STM32F4xx_StdPeriph_Driver/src/stm32f4xx_fsmc.o
LOAD project_build//home/karshan/gits/vaayu/software/mios32/trunk//drivers/STM32F4xx/v1.1.0/STM32F4xx_StdPeriph_Driver/src/stm32f4xx_gpio.o
LOAD project_build//home/karshan/gits/vaayu/software/mios32/trunk//drivers/STM32F4xx/v1.1.0/STM32F4xx_StdPeriph_Driver/src/stm32f4xx_hash.o
LOAD project_build//home/karshan/gits/vaayu/software/mios32/trunk//drivers/STM32F4xx/v1.1.0/STM32F4xx_StdPeriph_Driver/src/stm32f4xx_hash_md5.o
LOAD project_build//home/karshan/gits/vaayu/software/mios32/trunk//drivers/STM32F4xx/v1.1.0/STM32F4xx_StdPeriph_Driver/src/stm32f4xx_hash_sha1.o
LOAD project_build//home/karshan/gits/vaayu/software/mios32/trunk//drivers/STM32F4xx/v1.1.0/STM32F4xx_StdPeriph_Driver/src/stm32f4xx_i2c.o
LOAD project_build//home/karshan/gits/vaayu/software/mios32/trunk//drivers/STM32F4xx/v1.1.0/STM32F4xx_StdPeriph_Driver/src/stm32f4xx_iwdg.o
LOAD project_build//home/karshan/gits/vaayu/software/mios32/trunk//drivers/STM32F4xx/v1.1.0/STM32F4xx_StdPeriph_Driver/src/stm32f4xx_pwr.o
LOAD project_build//home/karshan/gits/vaayu/software/mios32/trunk//drivers/STM32F4xx/v1.1.0/STM32F4xx_StdPeriph_Driver/src/stm32f4xx_rcc.o
LOAD project_build//home/karshan/gits/vaayu/software/mios32/trunk//drivers/STM32F4xx/v1.1.0/STM32F4xx_StdPeriph_Driver/src/stm32f4xx_rng.o
LOAD project_build//home/karshan/gits/vaayu/software/mios32/trunk//drivers/STM32F4xx/v1.1.0/STM32F4xx_StdPeriph_Driver/src/stm32f4xx_rtc.o
LOAD project_build//home/karshan/gits/vaayu/software/mios32/trunk//drivers/STM32F4xx/v1.1.0/STM32F4xx_StdPeriph_Driver/src/stm32f4xx_sdio.o
LOAD project_build//home/karshan/gits/vaayu/software/mios32/trunk//drivers/STM32F4xx/v1.1.0/STM32F4xx_StdPeriph_Driver/src/stm32f4xx_spi.o
LOAD project_build//home/karshan/gits/vaayu/software/mios32/trunk//drivers/STM32F4xx/v1.1.0/STM32F4xx_StdPeriph_Driver/src/stm32f4xx_syscfg.o
LOAD project_build//home/karshan/gits/vaayu/software/mios32/trunk//drivers/STM32F4xx/v1.1.0/STM32F4xx_StdPeriph_Driver/src/stm32f4xx_tim.o
LOAD project_build//home/karshan/gits/vaayu/software/mios32/trunk//drivers/STM32F4xx/v1.1.0/STM32F4xx_StdPeriph_Driver/src/stm32f4xx_usart.o
LOAD project_build//home/karshan/gits/vaayu/software/mios32/trunk//drivers/STM32F4xx/v1.1.0/STM32F4xx_StdPeriph_Driver/src/stm32f4xx_wwdg.o
LOAD project_build//home/karshan/gits/vaayu/software/mios32/trunk//drivers/STM32F4xx/v1.1.0/STM32_USB_Device_Library/Core/src/usbd_core.o
LOAD project_build//home/karshan/gits/vaayu/software/mios32/trunk//drivers/STM32F4xx/v1.1.0/STM32_USB_Device_Library/Core/src/usbd_ioreq.o
LOAD project_build//home/karshan/gits/vaayu/software/mios32/trunk//drivers/STM32F4xx/v1.1.0/STM32_USB_Device_Library/Core/src/usbd_req.o
LOAD project_build//home/karshan/gits/vaayu/software/mios32/trunk//drivers/STM32F4xx/v1.1.0/STM32_USB_HOST_Library/Core/src/usbh_core.o
LOAD project_build//home/karshan/gits/vaayu/software/mios32/trunk//drivers/STM32F4xx/v1.1.0/STM32_USB_HOST_Library/Core/src/usbh_hcs.o
LOAD project_build//home/karshan/gits/vaayu/software/mios32/trunk//drivers/STM32F4xx/v1.1.0/STM32_USB_HOST_Library/Core/src/usbh_ioreq.o
LOAD project_build//home/karshan/gits/vaayu/software/mios32/trunk//drivers/STM32F4xx/v1.1.0/STM32_USB_HOST_Library/Core/src/usbh_stdreq.o
LOAD project_build//home/karshan/gits/vaayu/software/mios32/trunk//drivers/STM32F4xx/v1.1.0/STM32_USB_OTG_Driver/src/usb_core.o
LOAD project_build//home/karshan/gits/vaayu/software/mios32/trunk//drivers/STM32F4xx/v1.1.0/STM32_USB_OTG_Driver/src/usb_dcd.o
LOAD project_build//home/karshan/gits/vaayu/software/mios32/trunk//drivers/STM32F4xx/v1.1.0/STM32_USB_OTG_Driver/src/usb_dcd_int.o
LOAD project_build//home/karshan/gits/vaayu/software/mios32/trunk//drivers/STM32F4xx/v1.1.0/STM32_USB_OTG_Driver/src/usb_hcd.o
LOAD project_build//home/karshan/gits/vaayu/software/mios32/trunk//drivers/STM32F4xx/v1.1.0/STM32_USB_OTG_Driver/src/usb_hcd_int.o
LOAD project_build//home/karshan/gits/vaayu/software/mios32/trunk//drivers/STM32F4xx/v1.1.0/STM32_USB_OTG_Driver/src/usb_otg.o
LOAD project_build//home/karshan/gits/vaayu/software/mios32/trunk//modules/app_lcd/universal/app_lcd.o
LOAD project_build//home/karshan/gits/vaayu/software/mios32/trunk//modules/glcd_font/glcd_font_normal.o
LOAD project_build//home/karshan/gits/vaayu/software/mios32/trunk//modules/glcd_font/glcd_font_normal_inv.o
LOAD project_build//home/karshan/gits/vaayu/software/mios32/trunk//modules/glcd_font/glcd_font_big.o
LOAD project_build//home/karshan/gits/vaayu/software/mios32/trunk//modules/glcd_font/glcd_font_small.o
LOAD project_build//home/karshan/gits/vaayu/software/mios32/trunk//modules/glcd_font/glcd_font_tiny.o
LOAD project_build//home/karshan/gits/vaayu/software/mios32/trunk//modules/glcd_font/glcd_font_knob_icons.o
LOAD project_build//home/karshan/gits/vaayu/software/mios32/trunk//modules/glcd_font/glcd_font_meter_icons_h.o
LOAD project_build//home/karshan/gits/vaayu/software/mios32/trunk//modules/glcd_font/glcd_font_meter_icons_v.o
LOAD project_build//home/karshan/gits/vaayu/software/mios32/trunk//programming_models/traditional/mini_cpp.o
LOAD project_build//home/karshan/gits/vaayu/software/mios32/trunk//programming_models/traditional/freertos_heap.o
LOAD /home/karshan/gits/vaayu/software/gcc-arm-none-eabi-4_7-2013q3/bin/../lib/gcc/arm-none-eabi/4.7.4/../../../../arm-none-eabi/lib/armv7e-m/libstdc++_s.a
START GROUP
LOAD /home/karshan/gits/vaayu/software/gcc-arm-none-eabi-4_7-2013q3/bin/../lib/gcc/arm-none-eabi/4.7.4/armv7e-m/libgcc.a
LOAD /home/karshan/gits/vaayu/software/gcc-arm-none-eabi-4_7-2013q3/bin/../lib/gcc/arm-none-eabi/4.7.4/../../../../arm-none-eabi/lib/armv7e-m/libc_s.a
END GROUP
                0x20020000                _estack = 0x20020000
                0x00000080                __Stack_Size = 0x80
                0x00000080                PROVIDE (_Stack_Size, __Stack_Size)
                0x2001ff80                __Stack_Init = (_estack - __Stack_Size)
                0x2001ff80                PROVIDE (_Stack_Init, __Stack_Init)
                0x00000100                _Minimum_Stack_Size = 0x100
                0x42000000                PERIPH_BB_BASE = 0x42000000
                0x22000000                SRAM_BB_BASE = 0x22000000
                0x20000000                SRAM_BASE = 0x20000000
                0x40000000                PERIPH_BASE = 0x40000000
                0x40022000                PROVIDE (FLASH_BASE, 0x40022000)
                0x1ffff800                PROVIDE (OB_BASE, 0x1ffff800)
                0x40000000                APB1PERIPH_BASE = PERIPH_BASE
                0x40010000                APB2PERIPH_BASE = (PERIPH_BASE + 0x10000)
                0x40020000                AHBPERIPH_BASE = (PERIPH_BASE + 0x20000)
                0x40000000                PROVIDE (TIM2, (APB1PERIPH_BASE + 0x0))
                0x40000400                PROVIDE (TIM3, (APB1PERIPH_BASE + 0x400))
                0x40000800                PROVIDE (TIM4, (APB1PERIPH_BASE + 0x800))
                0x40002800                PROVIDE (RTC, (APB1PERIPH_BASE + 0x2800))
                0x40002c00                PROVIDE (WWDG, (APB1PERIPH_BASE + 0x2c00))
                0x40003000                PROVIDE (IWDG, (APB1PERIPH_BASE + 0x3000))
                0x40003800                PROVIDE (SPI2, (APB1PERIPH_BASE + 0x3800))
                0x40004400                PROVIDE (USART2, (APB1PERIPH_BASE + 0x4400))
                0x40004800                PROVIDE (USART3, (APB1PERIPH_BASE + 0x4800))
                0x40005400                PROVIDE (I2C1, (APB1PERIPH_BASE + 0x5400))
                0x40005800                PROVIDE (I2C2, (APB1PERIPH_BASE + 0x5800))
                0x40006400                PROVIDE (CAN, (APB1PERIPH_BASE + 0x6400))
                0x40006c00                PROVIDE (BKP, (APB1PERIPH_BASE + 0x6c00))
                0x40007000                PROVIDE (PWR, (APB1PERIPH_BASE + 0x7000))
                0x40010000                PROVIDE (AFIO, (APB2PERIPH_BASE + 0x0))
                0x40010400                PROVIDE (EXTI, (APB2PERIPH_BASE + 0x400))
                0x40010800                PROVIDE (GPIOA, (APB2PERIPH_BASE + 0x800))
                0x40010c00                PROVIDE (GPIOB, (APB2PERIPH_BASE + 0xc00))
                0x40011000                PROVIDE (GPIOC, (APB2PERIPH_BASE + 0x1000))
                0x40011400                PROVIDE (GPIOD, (APB2PERIPH_BASE + 0x1400))
                0x40011800                PROVIDE (GPIOE, (APB2PERIPH_BASE + 0x1800))
                0x40012400                PROVIDE (ADC1, (APB2PERIPH_BASE + 0x2400))
                0x40012800                PROVIDE (ADC2, (APB2PERIPH_BASE + 0x2800))
                0x40012c00                PROVIDE (TIM1, (APB2PERIPH_BASE + 0x2c00))
                0x40013000                PROVIDE (SPI1, (APB2PERIPH_BASE + 0x3000))
                0x40013800                PROVIDE (USART1, (APB2PERIPH_BASE + 0x3800))
                0x40020000                PROVIDE (DMA, (AHBPERIPH_BASE + 0x0))
                0x40020008                PROVIDE (DMA_Channel1, (AHBPERIPH_BASE + 0x8))
                0x4002001c                PROVIDE (DMA_Channel2, (AHBPERIPH_BASE + 0x1c))
                0x40020030                PROVIDE (DMA_Channel3, (AHBPERIPH_BASE + 0x30))
                0x40020044                PROVIDE (DMA_Channel4, (AHBPERIPH_BASE + 0x44))
                0x40020058                PROVIDE (DMA_Channel5, (AHBPERIPH_BASE + 0x58))
                0x4002006c                PROVIDE (DMA_Channel6, (AHBPERIPH_BASE + 0x6c))
                0x40020080                PROVIDE (DMA_Channel7, (AHBPERIPH_BASE + 0x80))
                0x40021000                PROVIDE (RCC, (AHBPERIPH_BASE + 0x1000))
                0xe000e000                SCS_BASE = 0xe000e000
                0xe000e010                PROVIDE (SysTick, (SCS_BASE + 0x10))
                0xe000e100                PROVIDE (NVIC, (SCS_BASE + 0x100))
                0xe000ed00                PROVIDE (SCB, (SCS_BASE + 0xd00))

.mios32_bsl     0x08000000     0x4000
                0x08000000                . = ALIGN (0x4)
 *(.mios32_bsl)
 .mios32_bsl    0x08000000     0x4000 project_build//home/karshan/gits/vaayu/software/mios32/trunk//mios32/STM32F4xx/mios32_bsl.o
                0x08000000                mios32_bsl_image
                0x08004000                . = ALIGN (0x4)

.isr_vector     0x08004000      0x188
                0x08004000                _mios32_sys_isr_vector = .
                0x08004000                . = ALIGN (0x4)
 *(.isr_vector)
 .isr_vector    0x08004000      0x188 project_build//home/karshan/gits/vaayu/software/mios32/trunk//programming_models/traditional/startup_stm32f4xx.o
                0x08004000                g_pfnVectors
                0x08004188                . = ALIGN (0x4)
                0x08004000                PROVIDE (mios32_sys_isr_vector, _mios32_sys_isr_vector)

.flashtext      0x08010000        0x0
                0x08010000                . = ALIGN (0x4)
 *(.flashtext)
                0x08010000                . = ALIGN (0x4)

.text           0x08010000     0x98b4
                0x08010000                . = ALIGN (0x4)
 CREATE_OBJECT_SYMBOLS
 *(.text .text.* .gnu.linkonce.t.*)
 .text.APP_Init
                0x08010000       0x18 project_build/app.o
                0x08010000                APP_Init
 .text.APP_Background
                0x08010018        0x2 project_build/app.o
                0x08010018                APP_Background
 .text.APP_Tick
                0x0801001a        0x2 project_build/app.o
                0x0801001a                APP_Tick
 .text.APP_MIDI_Tick
                0x0801001c       0x28 project_build/app.o
                0x0801001c                APP_MIDI_Tick
 .text.APP_MIDI_NotifyPackage
                0x08010044       0x2c project_build/app.o
                0x08010044                APP_MIDI_NotifyPackage
 .text.APP_SRIO_ServicePrepare
                0x08010070        0x2 project_build/app.o
                0x08010070                APP_SRIO_ServicePrepare
 .text.APP_SRIO_ServiceFinish
                0x08010072        0x2 project_build/app.o
                0x08010072                APP_SRIO_ServiceFinish
 .text.APP_DIN_NotifyToggle
                0x08010074        0x2 project_build/app.o
                0x08010074                APP_DIN_NotifyToggle
 .text.APP_ENC_NotifyChange
                0x08010076        0x2 project_build/app.o
                0x08010076                APP_ENC_NotifyChange
 .text.APP_AIN_NotifyChange
                0x08010078        0x2 project_build/app.o
                0x08010078                APP_AIN_NotifyChange
 .text.SRIO_ServiceFinish
                0x0801007a        0xe project_build//home/karshan/gits/vaayu/software/mios32/trunk//programming_models/traditional/main.o
                0x0801007a                SRIO_ServiceFinish
 .text.TASK_Hooks
                0x08010088       0x48 project_build//home/karshan/gits/vaayu/software/mios32/trunk//programming_models/traditional/main.o
 .text.TASK_MIDI_Hooks
                0x080100d0       0x34 project_build//home/karshan/gits/vaayu/software/mios32/trunk//programming_models/traditional/main.o
 .text.startup.main
                0x08010104       0xe0 project_build//home/karshan/gits/vaayu/software/mios32/trunk//programming_models/traditional/main.o
                0x08010104                main
 .text.vApplicationTickHook
                0x080101e4       0x18 project_build//home/karshan/gits/vaayu/software/mios32/trunk//programming_models/traditional/main.o
                0x080101e4                vApplicationTickHook
 .text.vApplicationIdleHook
                0x080101fc        0x4 project_build//home/karshan/gits/vaayu/software/mios32/trunk//programming_models/traditional/main.o
                0x080101fc                vApplicationIdleHook
 .text._abort   0x08010200       0x40 project_build//home/karshan/gits/vaayu/software/mios32/trunk//programming_models/traditional/main.o
                0x08010200                _abort
 .text.HardFault_Handler_c
                0x08010240      0x148 project_build//home/karshan/gits/vaayu/software/mios32/trunk//programming_models/traditional/main.o
                0x08010240                HardFault_Handler_c
 .text.HardFault_Handler
                0x08010388       0x14 project_build//home/karshan/gits/vaayu/software/mios32/trunk//programming_models/traditional/main.o
                0x08010388                HardFault_Handler
 .text.prvAddCurrentTaskToDelayedList
                0x0801039c       0x50 project_build//home/karshan/gits/vaayu/software/mios32/trunk//FreeRTOS/Source/tasks.o
 .text.xTaskGenericCreate
                0x080103ec      0x194 project_build//home/karshan/gits/vaayu/software/mios32/trunk//FreeRTOS/Source/tasks.o
                0x080103ec                xTaskGenericCreate
 .text.vTaskStartScheduler
                0x08010580       0x4c project_build//home/karshan/gits/vaayu/software/mios32/trunk//FreeRTOS/Source/tasks.o
                0x08010580                vTaskStartScheduler
 .text.vTaskSuspendAll
                0x080105cc       0x10 project_build//home/karshan/gits/vaayu/software/mios32/trunk//FreeRTOS/Source/tasks.o
                0x080105cc                vTaskSuspendAll
 .text.xTaskGetTickCount
                0x080105dc       0x18 project_build//home/karshan/gits/vaayu/software/mios32/trunk//FreeRTOS/Source/tasks.o
                0x080105dc                xTaskGetTickCount
 .text.vTaskIncrementTick
                0x080105f4       0xec project_build//home/karshan/gits/vaayu/software/mios32/trunk//FreeRTOS/Source/tasks.o
                0x080105f4                vTaskIncrementTick
 .text.xTaskResumeAll
                0x080106e0       0xc4 project_build//home/karshan/gits/vaayu/software/mios32/trunk//FreeRTOS/Source/tasks.o
                0x080106e0                xTaskResumeAll
 .text.prvIdleTask
                0x080107a4       0x68 project_build//home/karshan/gits/vaayu/software/mios32/trunk//FreeRTOS/Source/tasks.o
 .text.vTaskDelayUntil
                0x0801080c       0x78 project_build//home/karshan/gits/vaayu/software/mios32/trunk//FreeRTOS/Source/tasks.o
                0x0801080c                vTaskDelayUntil
 .text.vTaskSwitchContext
                0x08010884       0x54 project_build//home/karshan/gits/vaayu/software/mios32/trunk//FreeRTOS/Source/tasks.o
                0x08010884                vTaskSwitchContext
 .text.vListInitialise
                0x080108d8       0x16 project_build//home/karshan/gits/vaayu/software/mios32/trunk//FreeRTOS/Source/list.o
                0x080108d8                vListInitialise
 .text.vListInitialiseItem
                0x080108ee        0x6 project_build//home/karshan/gits/vaayu/software/mios32/trunk//FreeRTOS/Source/list.o
                0x080108ee                vListInitialiseItem
 .text.vListInsertEnd
                0x080108f4       0x1a project_build//home/karshan/gits/vaayu/software/mios32/trunk//FreeRTOS/Source/list.o
                0x080108f4                vListInsertEnd
 .text.vListInsert
                0x0801090e       0x30 project_build//home/karshan/gits/vaayu/software/mios32/trunk//FreeRTOS/Source/list.o
                0x0801090e                vListInsert
 .text.uxListRemove
                0x0801093e       0x22 project_build//home/karshan/gits/vaayu/software/mios32/trunk//FreeRTOS/Source/list.o
                0x0801093e                uxListRemove
 .text.prvPortStartFirstTask
                0x08010960       0x14 project_build//home/karshan/gits/vaayu/software/mios32/trunk//FreeRTOS/Source/portable/GCC/ARM_CM3/port.o
 .text.pxPortInitialiseStack
                0x08010974       0x16 project_build//home/karshan/gits/vaayu/software/mios32/trunk//FreeRTOS/Source/portable/GCC/ARM_CM3/port.o
                0x08010974                pxPortInitialiseStack
 *fill*         0x0801098a        0x2 00
 .text.vPortSVCHandler
                0x0801098c       0x20 project_build//home/karshan/gits/vaayu/software/mios32/trunk//FreeRTOS/Source/portable/GCC/ARM_CM3/port.o
                0x0801098c                vPortSVCHandler
 .text.vPortYieldFromISR
                0x080109ac       0x10 project_build//home/karshan/gits/vaayu/software/mios32/trunk//FreeRTOS/Source/portable/GCC/ARM_CM3/port.o
                0x080109ac                vPortYieldFromISR
 .text.ulPortSetInterruptMask
                0x080109bc       0x10 project_build//home/karshan/gits/vaayu/software/mios32/trunk//FreeRTOS/Source/portable/GCC/ARM_CM3/port.o
                0x080109bc                ulPortSetInterruptMask
 .text.vPortEnterCritical
                0x080109cc       0x14 project_build//home/karshan/gits/vaayu/software/mios32/trunk//FreeRTOS/Source/portable/GCC/ARM_CM3/port.o
                0x080109cc                vPortEnterCritical
 .text.vPortClearInterruptMask
                0x080109e0        0x6 project_build//home/karshan/gits/vaayu/software/mios32/trunk//FreeRTOS/Source/portable/GCC/ARM_CM3/port.o
                0x080109e0                vPortClearInterruptMask
 *fill*         0x080109e6        0x2 00
 .text.vPortExitCritical
                0x080109e8       0x14 project_build//home/karshan/gits/vaayu/software/mios32/trunk//FreeRTOS/Source/portable/GCC/ARM_CM3/port.o
                0x080109e8                vPortExitCritical
 .text.xPortPendSVHandler
                0x080109fc       0x3c project_build//home/karshan/gits/vaayu/software/mios32/trunk//FreeRTOS/Source/portable/GCC/ARM_CM3/port.o
                0x080109fc                xPortPendSVHandler
 .text.xPortSysTickHandler
                0x08010a38       0x20 project_build//home/karshan/gits/vaayu/software/mios32/trunk//FreeRTOS/Source/portable/GCC/ARM_CM3/port.o
                0x08010a38                xPortSysTickHandler
 .text.vPortSetupTimerInterrupt
                0x08010a58       0x18 project_build//home/karshan/gits/vaayu/software/mios32/trunk//FreeRTOS/Source/portable/GCC/ARM_CM3/port.o
                0x08010a58                vPortSetupTimerInterrupt
 .text.xPortStartScheduler
                0x08010a70       0x30 project_build//home/karshan/gits/vaayu/software/mios32/trunk//FreeRTOS/Source/portable/GCC/ARM_CM3/port.o
                0x08010a70                xPortStartScheduler
 .text.umm_disconnect_from_free_list
                0x08010aa0       0x2c project_build//home/karshan/gits/vaayu/software/mios32/trunk//FreeRTOS/Source/portable/MemMang/umm_malloc.o
 .text.umm_assimilate_up
                0x08010acc       0x4c project_build//home/karshan/gits/vaayu/software/mios32/trunk//FreeRTOS/Source/portable/MemMang/umm_malloc.o
 .text.vPortFree
                0x08010b18       0x74 project_build//home/karshan/gits/vaayu/software/mios32/trunk//FreeRTOS/Source/portable/MemMang/umm_malloc.o
                0x08010b18                vPortFree
 .text.pvPortMalloc
                0x08010b8c      0x11c project_build//home/karshan/gits/vaayu/software/mios32/trunk//FreeRTOS/Source/portable/MemMang/umm_malloc.o
                0x08010b8c                pvPortMalloc
 .text.Default_Handler
                0x08010ca8        0x2 project_build//home/karshan/gits/vaayu/software/mios32/trunk//programming_models/traditional/startup_stm32f4xx.o
                0x08010ca8                RTC_Alarm_IRQHandler
                0x08010ca8                HASH_RNG_IRQHandler
                0x08010ca8                EXTI2_IRQHandler
                0x08010ca8                TIM8_CC_IRQHandler
                0x08010ca8                DebugMon_Handler
                0x08010ca8                TIM1_CC_IRQHandler
                0x08010ca8                DMA2_Stream5_IRQHandler
                0x08010ca8                DMA1_Stream5_IRQHandler
                0x08010ca8                SysTick_Handler
                0x08010ca8                PVD_IRQHandler
                0x08010ca8                SDIO_IRQHandler
                0x08010ca8                TAMP_STAMP_IRQHandler
                0x08010ca8                PendSV_Handler
                0x08010ca8                NMI_Handler
                0x08010ca8                CAN2_RX1_IRQHandler
                0x08010ca8                EXTI3_IRQHandler
                0x08010ca8                TIM8_TRG_COM_TIM14_IRQHandler
                0x08010ca8                TIM1_UP_TIM10_IRQHandler
                0x08010ca8                TIM8_UP_TIM13_IRQHandler
                0x08010ca8                I2C3_ER_IRQHandler
                0x08010ca8                EXTI0_IRQHandler
                0x08010ca8                CAN1_RX0_IRQHandler
                0x08010ca8                FPU_IRQHandler
                0x08010ca8                OTG_HS_WKUP_IRQHandler
                0x08010ca8                UsageFault_Handler
                0x08010ca8                CAN2_SCE_IRQHandler
                0x08010ca8                SPI1_IRQHandler
                0x08010ca8                TIM6_DAC_IRQHandler
                0x08010ca8                TIM1_BRK_TIM9_IRQHandler
                0x08010ca8                DCMI_IRQHandler
                0x08010ca8                CAN2_RX0_IRQHandler
                0x08010ca8                DMA2_Stream3_IRQHandler
                0x08010ca8                USART6_IRQHandler
                0x08010ca8                CRYP_IRQHandler
                0x08010ca8                CAN1_RX1_IRQHandler
                0x08010ca8                UART5_IRQHandler
                0x08010ca8                DMA2_Stream0_IRQHandler
                0x08010ca8                TIM4_IRQHandler
                0x08010ca8                DMA1_Stream6_IRQHandler
                0x08010ca8                DMA1_Stream1_IRQHandler
                0x08010ca8                UART4_IRQHandler
                0x08010ca8                RCC_IRQHandler
                0x08010ca8                TIM8_BRK_TIM12_IRQHandler
                0x08010ca8                Default_Handler
                0x08010ca8                EXTI15_10_IRQHandler
                0x08010ca8                ADC_IRQHandler
                0x08010ca8                DMA1_Stream7_IRQHandler
                0x08010ca8                TIM7_IRQHandler
                0x08010ca8                CAN2_TX_IRQHandler
                0x08010ca8                DMA2_Stream7_IRQHandler
                0x08010ca8                I2C3_EV_IRQHandler
                0x08010ca8                EXTI9_5_IRQHandler
                0x08010ca8                RTC_WKUP_IRQHandler
                0x08010ca8                ETH_WKUP_IRQHandler
                0x08010ca8                SPI2_IRQHandler
                0x08010ca8                OTG_HS_EP1_IN_IRQHandler
                0x08010ca8                MemManage_Handler
                0x08010ca8                DMA1_Stream0_IRQHandler
                0x08010ca8                CAN1_TX_IRQHandler
                0x08010ca8                SVC_Handler
                0x08010ca8                EXTI4_IRQHandler
                0x08010ca8                FSMC_IRQHandler
                0x08010ca8                ETH_IRQHandler
                0x08010ca8                OTG_HS_EP1_OUT_IRQHandler
                0x08010ca8                WWDG_IRQHandler
                0x08010ca8                OTG_FS_WKUP_IRQHandler
                0x08010ca8                TIM1_TRG_COM_TIM11_IRQHandler
                0x08010ca8                OTG_HS_IRQHandler
                0x08010ca8                EXTI1_IRQHandler
                0x08010ca8                DMA2_Stream1_IRQHandler
                0x08010ca8                CAN1_SCE_IRQHandler
                0x08010ca8                FLASH_IRQHandler
                0x08010ca8                DMA2_Stream4_IRQHandler
                0x08010ca8                BusFault_Handler
                0x08010ca8                USART1_IRQHandler
                0x08010ca8                SPI3_IRQHandler
                0x08010ca8                DMA1_Stream4_IRQHandler
                0x08010ca8                DMA2_Stream6_IRQHandler
 *fill*         0x08010caa        0x2 00
 .text.Reset_Handler
                0x08010cac       0x4c project_build//home/karshan/gits/vaayu/software/mios32/trunk//programming_models/traditional/startup_stm32f4xx.o
                0x08010cac                Reset_Handler
 .text._init    0x08010cf8        0x2 project_build//home/karshan/gits/vaayu/software/mios32/trunk//programming_models/traditional/startup_stm32f4xx.o
                0x08010cf8                _init
 *fill*         0x08010cfa        0x2 00
 .text.MIOS32_SRIO_DMA_Callback
                0x08010cfc       0xac project_build//home/karshan/gits/vaayu/software/mios32/trunk//mios32/common/mios32_srio.o
 .text.MIOS32_SRIO_Init
                0x08010da8       0x90 project_build//home/karshan/gits/vaayu/software/mios32/trunk//mios32/common/mios32_srio.o
                0x08010da8                MIOS32_SRIO_Init
 .text.MIOS32_SRIO_ScanNumGet
                0x08010e38        0xc project_build//home/karshan/gits/vaayu/software/mios32/trunk//mios32/common/mios32_srio.o
                0x08010e38                MIOS32_SRIO_ScanNumGet
 .text.MIOS32_SRIO_DebounceStart
                0x08010e44       0x14 project_build//home/karshan/gits/vaayu/software/mios32/trunk//mios32/common/mios32_srio.o
                0x08010e44                MIOS32_SRIO_DebounceStart
 .text.MIOS32_SRIO_ScanStart
                0x08010e58       0x78 project_build//home/karshan/gits/vaayu/software/mios32/trunk//mios32/common/mios32_srio.o
                0x08010e58                MIOS32_SRIO_ScanStart
 .text.MIOS32_DIN_Init
                0x08010ed0       0x28 project_build//home/karshan/gits/vaayu/software/mios32/trunk//mios32/common/mios32_din.o
                0x08010ed0                MIOS32_DIN_Init
 .text.MIOS32_DIN_SRChangedGetAndClear
                0x08010ef8       0x30 project_build//home/karshan/gits/vaayu/software/mios32/trunk//mios32/common/mios32_din.o
                0x08010ef8                MIOS32_DIN_SRChangedGetAndClear
 .text.MIOS32_DIN_Handler
                0x08010f28       0x64 project_build//home/karshan/gits/vaayu/software/mios32/trunk//mios32/common/mios32_din.o
                0x08010f28                MIOS32_DIN_Handler
 .text.MIOS32_DOUT_Init
                0x08010f8c       0x1c project_build//home/karshan/gits/vaayu/software/mios32/trunk//mios32/common/mios32_dout.o
                0x08010f8c                MIOS32_DOUT_Init
 .text.MIOS32_ENC_Init
                0x08010fa8       0x6c project_build//home/karshan/gits/vaayu/software/mios32/trunk//mios32/common/mios32_enc.o
                0x08010fa8                MIOS32_ENC_Init
 .text.MIOS32_ENC_UpdateStates
                0x08011014      0x26c project_build//home/karshan/gits/vaayu/software/mios32/trunk//mios32/common/mios32_enc.o
                0x08011014                MIOS32_ENC_UpdateStates
 .text.MIOS32_ENC_Handler
                0x08011280       0x44 project_build//home/karshan/gits/vaayu/software/mios32/trunk//mios32/common/mios32_enc.o
                0x08011280                MIOS32_ENC_Handler
 .text.MIOS32_LCD_ParametersFetchFromBslInfoRange
                0x080112c4       0x64 project_build//home/karshan/gits/vaayu/software/mios32/trunk//mios32/common/mios32_lcd.o
                0x080112c4                MIOS32_LCD_ParametersFetchFromBslInfoRange
 .text.MIOS32_LCD_TypeIsGLCD
                0x08011328       0x10 project_build//home/karshan/gits/vaayu/software/mios32/trunk//mios32/common/mios32_lcd.o
                0x08011328                MIOS32_LCD_TypeIsGLCD
 .text.MIOS32_LCD_DeviceSet
                0x08011338        0xc project_build//home/karshan/gits/vaayu/software/mios32/trunk//mios32/common/mios32_lcd.o
                0x08011338                MIOS32_LCD_DeviceSet
 .text.MIOS32_LCD_CursorSet
                0x08011344       0x44 project_build//home/karshan/gits/vaayu/software/mios32/trunk//mios32/common/mios32_lcd.o
                0x08011344                MIOS32_LCD_CursorSet
 .text.MIOS32_LCD_GCursorSet
                0x08011388       0x14 project_build//home/karshan/gits/vaayu/software/mios32/trunk//mios32/common/mios32_lcd.o
                0x08011388                MIOS32_LCD_GCursorSet
 .text.MIOS32_LCD_CursorMapSet
                0x0801139c       0x18 project_build//home/karshan/gits/vaayu/software/mios32/trunk//mios32/common/mios32_lcd.o
                0x0801139c                MIOS32_LCD_CursorMapSet
 .text.MIOS32_LCD_FontInit
                0x080113b4       0x24 project_build//home/karshan/gits/vaayu/software/mios32/trunk//mios32/common/mios32_lcd.o
                0x080113b4                MIOS32_LCD_FontInit
 .text.MIOS32_LCD_Clear
                0x080113d8        0x4 project_build//home/karshan/gits/vaayu/software/mios32/trunk//mios32/common/mios32_lcd.o
                0x080113d8                MIOS32_LCD_Clear
 .text.MIOS32_LCD_Init
                0x080113dc       0x54 project_build//home/karshan/gits/vaayu/software/mios32/trunk//mios32/common/mios32_lcd.o
                0x080113dc                MIOS32_LCD_Init
 .text.MIOS32_LCD_PrintChar
                0x08011430       0x64 project_build//home/karshan/gits/vaayu/software/mios32/trunk//mios32/common/mios32_lcd.o
                0x08011430                MIOS32_LCD_PrintChar
 .text.MIOS32_LCD_PrintString
                0x08011494       0x18 project_build//home/karshan/gits/vaayu/software/mios32/trunk//mios32/common/mios32_lcd.o
                0x08011494                MIOS32_LCD_PrintString
 .text.MIOS32_LCD_PrintBootMessage
                0x080114ac       0x3c project_build//home/karshan/gits/vaayu/software/mios32/trunk//mios32/common/mios32_lcd.o
                0x080114ac                MIOS32_LCD_PrintBootMessage
 .text.MIOS32_LCD_PrintFormattedString
                0x080114e8       0x24 project_build//home/karshan/gits/vaayu/software/mios32/trunk//mios32/common/mios32_lcd.o
                0x080114e8                MIOS32_LCD_PrintFormattedString
 .text.MIOS32_LCD_BColourSet
                0x0801150c        0x4 project_build//home/karshan/gits/vaayu/software/mios32/trunk//mios32/common/mios32_lcd.o
                0x0801150c                MIOS32_LCD_BColourSet
 .text.MIOS32_LCD_FColourSet
                0x08011510        0x4 project_build//home/karshan/gits/vaayu/software/mios32/trunk//mios32/common/mios32_lcd.o
                0x08011510                MIOS32_LCD_FColourSet
 .text.MIOS32_MIDI_Init
                0x08011514       0xd8 project_build//home/karshan/gits/vaayu/software/mios32/trunk//mios32/common/mios32_midi.o
                0x08011514                MIOS32_MIDI_Init
 .text.MIOS32_MIDI_SendPackage
                0x080115ec       0x9c project_build//home/karshan/gits/vaayu/software/mios32/trunk//mios32/common/mios32_midi.o
                0x080115ec                MIOS32_MIDI_SendPackage
 .text.MIOS32_MIDI_SendSysEx
                0x08011688       0x82 project_build//home/karshan/gits/vaayu/software/mios32/trunk//mios32/common/mios32_midi.o
                0x08011688                MIOS32_MIDI_SendSysEx
 *fill*         0x0801170a        0x2 00
 .text.MIOS32_MIDI_SYSEX_SendAckStr
                0x0801170c       0x5c project_build//home/karshan/gits/vaayu/software/mios32/trunk//mios32/common/mios32_midi.o
 .text.MIOS32_MIDI_SYSEX_SendAck
                0x08011768       0x48 project_build//home/karshan/gits/vaayu/software/mios32/trunk//mios32/common/mios32_midi.o
 .text.MIOS32_MIDI_SendDebugStringHeader
                0x080117b0       0x68 project_build//home/karshan/gits/vaayu/software/mios32/trunk//mios32/common/mios32_midi.o
                0x080117b0                MIOS32_MIDI_SendDebugStringHeader
 .text.MIOS32_MIDI_SendDebugStringBody
                0x08011818       0x6a project_build//home/karshan/gits/vaayu/software/mios32/trunk//mios32/common/mios32_midi.o
                0x08011818                MIOS32_MIDI_SendDebugStringBody
 .text.MIOS32_MIDI_SendDebugStringFooter
                0x08011882       0x1a project_build//home/karshan/gits/vaayu/software/mios32/trunk//mios32/common/mios32_midi.o
                0x08011882                MIOS32_MIDI_SendDebugStringFooter
 .text.MIOS32_MIDI_SendDebugString
                0x0801189c       0x38 project_build//home/karshan/gits/vaayu/software/mios32/trunk//mios32/common/mios32_midi.o
                0x0801189c                MIOS32_MIDI_SendDebugString
 .text.MIOS32_MIDI_SendDebugMessage
                0x080118d4       0x50 project_build//home/karshan/gits/vaayu/software/mios32/trunk//mios32/common/mios32_midi.o
                0x080118d4                MIOS32_MIDI_SendDebugMessage
 .text.MIOS32_MIDI_TimeOut
                0x08011924       0x50 project_build//home/karshan/gits/vaayu/software/mios32/trunk//mios32/common/mios32_midi.o
 .text.MIOS32_MIDI_Periodic_mS
                0x08011974       0x34 project_build//home/karshan/gits/vaayu/software/mios32/trunk//mios32/common/mios32_midi.o
                0x08011974                MIOS32_MIDI_Periodic_mS
 .text.MIOS32_MIDI_SendByteToRxCallback
                0x080119a8       0x14 project_build//home/karshan/gits/vaayu/software/mios32/trunk//mios32/common/mios32_midi.o
                0x080119a8                MIOS32_MIDI_SendByteToRxCallback
 .text.MIOS32_MIDI_SendPackageToRxCallback
                0x080119bc       0x50 project_build//home/karshan/gits/vaayu/software/mios32/trunk//mios32/common/mios32_midi.o
                0x080119bc                MIOS32_MIDI_SendPackageToRxCallback
 .text.MIOS32_MIDI_DebugPortSet
                0x08011a0c       0x18 project_build//home/karshan/gits/vaayu/software/mios32/trunk//mios32/common/mios32_midi.o
                0x08011a0c                MIOS32_MIDI_DebugPortSet
 .text.MIOS32_MIDI_SYSEX_Cmd
                0x08011a24      0x1b4 project_build//home/karshan/gits/vaayu/software/mios32/trunk//mios32/common/mios32_midi.o
 .text.MIOS32_MIDI_SYSEX_Parser
                0x08011bd8       0xd8 project_build//home/karshan/gits/vaayu/software/mios32/trunk//mios32/common/mios32_midi.o
 .text.MIOS32_MIDI_ReceivePackage
                0x08011cb0      0x22c project_build//home/karshan/gits/vaayu/software/mios32/trunk//mios32/common/mios32_midi.o
                0x08011cb0                MIOS32_MIDI_ReceivePackage
 .text.MIOS32_MIDI_Receive_Handler
                0x08011edc      0x138 project_build//home/karshan/gits/vaayu/software/mios32/trunk//mios32/common/mios32_midi.o
                0x08011edc                MIOS32_MIDI_Receive_Handler
 .text.MIOS32_OSC_Init
                0x08012014        0xc project_build//home/karshan/gits/vaayu/software/mios32/trunk//mios32/common/mios32_osc.o
                0x08012014                MIOS32_OSC_Init
 .text.MIOS32_COM_Init
                0x08012020       0x24 project_build//home/karshan/gits/vaayu/software/mios32/trunk//mios32/common/mios32_com.o
                0x08012020                MIOS32_COM_Init
 .text.MIOS32_COM_SendBuffer
                0x08012044       0x2c project_build//home/karshan/gits/vaayu/software/mios32/trunk//mios32/common/mios32_com.o
                0x08012044                MIOS32_COM_SendBuffer
 .text.MIOS32_COM_SendChar
                0x08012070       0x12 project_build//home/karshan/gits/vaayu/software/mios32/trunk//mios32/common/mios32_com.o
                0x08012070                MIOS32_COM_SendChar
 .text.MIOS32_COM_Receive_Handler
                0x08012082       0x12 project_build//home/karshan/gits/vaayu/software/mios32/trunk//mios32/common/mios32_com.o
                0x08012082                MIOS32_COM_Receive_Handler
 .text.MIOS32_UART_MIDI_RS_Reset
                0x08012094       0x30 project_build//home/karshan/gits/vaayu/software/mios32/trunk//mios32/common/mios32_uart_midi.o
                0x08012094                MIOS32_UART_MIDI_RS_Reset
 .text.MIOS32_UART_MIDI_Init
                0x080120c4       0x4c project_build//home/karshan/gits/vaayu/software/mios32/trunk//mios32/common/mios32_uart_midi.o
                0x080120c4                MIOS32_UART_MIDI_Init
 .text.MIOS32_UART_MIDI_Periodic_mS
                0x08012110       0x50 project_build//home/karshan/gits/vaayu/software/mios32/trunk//mios32/common/mios32_uart_midi.o
                0x08012110                MIOS32_UART_MIDI_Periodic_mS
 .text.MIOS32_UART_MIDI_PackageSend_NonBlocking
                0x08012160       0xb8 project_build//home/karshan/gits/vaayu/software/mios32/trunk//mios32/common/mios32_uart_midi.o
                0x08012160                MIOS32_UART_MIDI_PackageSend_NonBlocking
 .text.MIOS32_UART_MIDI_PackageSend
                0x08012218       0x14 project_build//home/karshan/gits/vaayu/software/mios32/trunk//mios32/common/mios32_uart_midi.o
                0x08012218                MIOS32_UART_MIDI_PackageSend
 .text.MIOS32_UART_MIDI_PackageReceive
                0x0801222c      0x1b0 project_build//home/karshan/gits/vaayu/software/mios32/trunk//mios32/common/mios32_uart_midi.o
                0x0801222c                MIOS32_UART_MIDI_PackageReceive
 .text.MIOS32_SPI_MIDI_Init
                0x080123dc        0x6 project_build//home/karshan/gits/vaayu/software/mios32/trunk//mios32/common/mios32_spi_midi.o
                0x080123dc                MIOS32_SPI_MIDI_Init
 .text.MIOS32_SPI_MIDI_Periodic_mS
                0x080123e2        0x4 project_build//home/karshan/gits/vaayu/software/mios32/trunk//mios32/common/mios32_spi_midi.o
                0x080123e2                MIOS32_SPI_MIDI_Periodic_mS
 .text.MIOS32_SPI_MIDI_PackageSend
                0x080123e6        0x6 project_build//home/karshan/gits/vaayu/software/mios32/trunk//mios32/common/mios32_spi_midi.o
                0x080123e6                MIOS32_SPI_MIDI_PackageSend
 .text.MIOS32_SPI_MIDI_PackageReceive
                0x080123ec        0x6 project_build//home/karshan/gits/vaayu/software/mios32/trunk//mios32/common/mios32_spi_midi.o
                0x080123ec                MIOS32_SPI_MIDI_PackageReceive
 .text.MIOS32_IIC_MIDI_Init
                0x080123f2        0x6 project_build//home/karshan/gits/vaayu/software/mios32/trunk//mios32/common/mios32_iic_midi.o
                0x080123f2                MIOS32_IIC_MIDI_Init
 .text.MIOS32_IIC_MIDI_Periodic_mS
                0x080123f8        0x4 project_build//home/karshan/gits/vaayu/software/mios32/trunk//mios32/common/mios32_iic_midi.o
                0x080123f8                MIOS32_IIC_MIDI_Periodic_mS
 .text.MIOS32_IIC_MIDI_PackageSend
                0x080123fc        0x6 project_build//home/karshan/gits/vaayu/software/mios32/trunk//mios32/common/mios32_iic_midi.o
                0x080123fc                MIOS32_IIC_MIDI_PackageSend
 .text.MIOS32_IIC_BS_Init
                0x08012402        0x6 project_build//home/karshan/gits/vaayu/software/mios32/trunk//mios32/common/mios32_iic_bs.o
                0x08012402                MIOS32_IIC_BS_Init
 .text.MIOS32_MF_Init
                0x08012408        0x6 project_build//home/karshan/gits/vaayu/software/mios32/trunk//mios32/common/mios32_mf.o
                0x08012408                MIOS32_MF_Init
 *fill*         0x0801240e        0x2 00
 .text.MIOS32_TIMESTAMP_Init
                0x08012410       0x14 project_build//home/karshan/gits/vaayu/software/mios32/trunk//mios32/common/mios32_timestamp.o
                0x08012410                MIOS32_TIMESTAMP_Init
 .text.MIOS32_TIMESTAMP_Inc
                0x08012424       0x10 project_build//home/karshan/gits/vaayu/software/mios32/trunk//mios32/common/mios32_timestamp.o
                0x08012424                MIOS32_TIMESTAMP_Inc
 .text.MIOS32_SYS_Reset
                0x08012434       0xac project_build//home/karshan/gits/vaayu/software/mios32/trunk//mios32/STM32F4xx/mios32_sys.o
                0x08012434                MIOS32_SYS_Reset
 .text.MIOS32_SYS_ChipIDGet
                0x080124e0        0xc project_build//home/karshan/gits/vaayu/software/mios32/trunk//mios32/STM32F4xx/mios32_sys.o
                0x080124e0                MIOS32_SYS_ChipIDGet
 .text.MIOS32_SYS_FlashSizeGet
                0x080124ec       0x10 project_build//home/karshan/gits/vaayu/software/mios32/trunk//mios32/STM32F4xx/mios32_sys.o
                0x080124ec                MIOS32_SYS_FlashSizeGet
 .text.MIOS32_SYS_RAMSizeGet
                0x080124fc        0x6 project_build//home/karshan/gits/vaayu/software/mios32/trunk//mios32/STM32F4xx/mios32_sys.o
                0x080124fc                MIOS32_SYS_RAMSizeGet
 *fill*         0x08012502        0x2 00
 .text.MIOS32_SYS_SerialNumberGet
                0x08012504       0x34 project_build//home/karshan/gits/vaayu/software/mios32/trunk//mios32/STM32F4xx/mios32_sys.o
                0x08012504                MIOS32_SYS_SerialNumberGet
 .text.MIOS32_SYS_TimeSet
                0x08012538       0x7c project_build//home/karshan/gits/vaayu/software/mios32/trunk//mios32/STM32F4xx/mios32_sys.o
                0x08012538                MIOS32_SYS_TimeSet
 .text.MIOS32_SYS_Init
                0x080125b4      0x130 project_build//home/karshan/gits/vaayu/software/mios32/trunk//mios32/STM32F4xx/mios32_sys.o
                0x080125b4                MIOS32_SYS_Init
 .text.MIOS32_IRQ_Disable
                0x080126e4       0x28 project_build//home/karshan/gits/vaayu/software/mios32/trunk//mios32/STM32F4xx/mios32_irq.o
                0x080126e4                MIOS32_IRQ_Disable
 .text.MIOS32_IRQ_Enable
                0x0801270c       0x28 project_build//home/karshan/gits/vaayu/software/mios32/trunk//mios32/STM32F4xx/mios32_irq.o
                0x0801270c                MIOS32_IRQ_Enable
 .text.MIOS32_IRQ_Install
                0x08012734       0x4c project_build//home/karshan/gits/vaayu/software/mios32/trunk//mios32/STM32F4xx/mios32_irq.o
                0x08012734                MIOS32_IRQ_Install
 .text.MIOS32_SPI_IO_Init
                0x08012780      0x27c project_build//home/karshan/gits/vaayu/software/mios32/trunk//mios32/STM32F4xx/mios32_spi.o
                0x08012780                MIOS32_SPI_IO_Init
 .text.MIOS32_SPI_RC_PinSet
                0x080129fc       0x78 project_build//home/karshan/gits/vaayu/software/mios32/trunk//mios32/STM32F4xx/mios32_spi.o
                0x080129fc                MIOS32_SPI_RC_PinSet
 .text.MIOS32_SPI_TransferByte
                0x08012a74       0x4c project_build//home/karshan/gits/vaayu/software/mios32/trunk//mios32/STM32F4xx/mios32_spi.o
                0x08012a74                MIOS32_SPI_TransferByte
 .text.MIOS32_SPI_TransferModeInit
                0x08012ac0      0x110 project_build//home/karshan/gits/vaayu/software/mios32/trunk//mios32/STM32F4xx/mios32_spi.o
                0x08012ac0                MIOS32_SPI_TransferModeInit
 .text.MIOS32_SPI_Init
                0x08012bd0      0x258 project_build//home/karshan/gits/vaayu/software/mios32/trunk//mios32/STM32F4xx/mios32_spi.o
                0x08012bd0                MIOS32_SPI_Init
 .text.MIOS32_SPI_TransferBlock
                0x08012e28      0x128 project_build//home/karshan/gits/vaayu/software/mios32/trunk//mios32/STM32F4xx/mios32_spi.o
                0x08012e28                MIOS32_SPI_TransferBlock
 .text.DMA2_Stream2_IRQHandler
                0x08012f50       0x20 project_build//home/karshan/gits/vaayu/software/mios32/trunk//mios32/STM32F4xx/mios32_spi.o
                0x08012f50                DMA2_Stream2_IRQHandler
 .text.DMA1_Stream3_IRQHandler
                0x08012f70       0x20 project_build//home/karshan/gits/vaayu/software/mios32/trunk//mios32/STM32F4xx/mios32_spi.o
                0x08012f70                DMA1_Stream3_IRQHandler
 .text.DMA1_Stream2_IRQHandler
                0x08012f90       0x20 project_build//home/karshan/gits/vaayu/software/mios32/trunk//mios32/STM32F4xx/mios32_spi.o
                0x08012f90                DMA1_Stream2_IRQHandler
 .text.MIOS32_BOARD_PinInitHlp
                0x08012fb0       0x74 project_build//home/karshan/gits/vaayu/software/mios32/trunk//mios32/STM32F4xx/mios32_board.o
 .text.MIOS32_BOARD_Init
                0x08013024       0x1c project_build//home/karshan/gits/vaayu/software/mios32/trunk//mios32/STM32F4xx/mios32_board.o
                0x08013024                MIOS32_BOARD_Init
 .text.MIOS32_BOARD_LED_Init
                0x08013040       0x58 project_build//home/karshan/gits/vaayu/software/mios32/trunk//mios32/STM32F4xx/mios32_board.o
                0x08013040                MIOS32_BOARD_LED_Init
 .text.MIOS32_BOARD_LED_Set
                0x08013098       0x64 project_build//home/karshan/gits/vaayu/software/mios32/trunk//mios32/STM32F4xx/mios32_board.o
                0x08013098                MIOS32_BOARD_LED_Set
 .text.MIOS32_BOARD_LED_Get
                0x080130fc       0x2c project_build//home/karshan/gits/vaayu/software/mios32/trunk//mios32/STM32F4xx/mios32_board.o
                0x080130fc                MIOS32_BOARD_LED_Get
 .text.MIOS32_BOARD_J10_PinInit
                0x08013128       0x48 project_build//home/karshan/gits/vaayu/software/mios32/trunk//mios32/STM32F4xx/mios32_board.o
                0x08013128                MIOS32_BOARD_J10_PinInit
 .text.MIOS32_BOARD_J10_PinSet
                0x08013170       0x44 project_build//home/karshan/gits/vaayu/software/mios32/trunk//mios32/STM32F4xx/mios32_board.o
                0x08013170                MIOS32_BOARD_J10_PinSet
 .text.MIOS32_BOARD_J15_PortInit
                0x080131b4       0xc0 project_build//home/karshan/gits/vaayu/software/mios32/trunk//mios32/STM32F4xx/mios32_board.o
                0x080131b4                MIOS32_BOARD_J15_PortInit
 .text.MIOS32_BOARD_J15_DataSet
                0x08013274       0x44 project_build//home/karshan/gits/vaayu/software/mios32/trunk//mios32/STM32F4xx/mios32_board.o
                0x08013274                MIOS32_BOARD_J15_DataSet
 .text.MIOS32_BOARD_J15_SerDataShift
                0x080132b8       0x68 project_build//home/karshan/gits/vaayu/software/mios32/trunk//mios32/STM32F4xx/mios32_board.o
                0x080132b8                MIOS32_BOARD_J15_SerDataShift
 .text.MIOS32_BOARD_J15_RS_Set
                0x08013320       0x18 project_build//home/karshan/gits/vaayu/software/mios32/trunk//mios32/STM32F4xx/mios32_board.o
                0x08013320                MIOS32_BOARD_J15_RS_Set
 .text.MIOS32_BOARD_J15_RW_Set
                0x08013338       0x18 project_build//home/karshan/gits/vaayu/software/mios32/trunk//mios32/STM32F4xx/mios32_board.o
                0x08013338                MIOS32_BOARD_J15_RW_Set
 .text.MIOS32_BOARD_J15_E_Set
                0x08013350       0x30 project_build//home/karshan/gits/vaayu/software/mios32/trunk//mios32/STM32F4xx/mios32_board.o
                0x08013350                MIOS32_BOARD_J15_E_Set
 .text.MIOS32_BOARD_J15_GetD7In
                0x08013380       0x10 project_build//home/karshan/gits/vaayu/software/mios32/trunk//mios32/STM32F4xx/mios32_board.o
                0x08013380                MIOS32_BOARD_J15_GetD7In
 .text.MIOS32_BOARD_J15_D7InPullUpEnable
                0x08013390        0x4 project_build//home/karshan/gits/vaayu/software/mios32/trunk//mios32/STM32F4xx/mios32_board.o
                0x08013390                MIOS32_BOARD_J15_D7InPullUpEnable
 .text.MIOS32_BOARD_J15_PollUnbusy
                0x08013394       0x80 project_build//home/karshan/gits/vaayu/software/mios32/trunk//mios32/STM32F4xx/mios32_board.o
                0x08013394                MIOS32_BOARD_J15_PollUnbusy
 .text.TIM2_IRQHandler
                0x08013414       0x24 project_build//home/karshan/gits/vaayu/software/mios32/trunk//mios32/STM32F4xx/mios32_timer.o
                0x08013414                TIM2_IRQHandler
 .text.TIM3_IRQHandler
                0x08013438       0x24 project_build//home/karshan/gits/vaayu/software/mios32/trunk//mios32/STM32F4xx/mios32_timer.o
                0x08013438                TIM3_IRQHandler
 .text.TIM5_IRQHandler
                0x0801345c       0x24 project_build//home/karshan/gits/vaayu/software/mios32/trunk//mios32/STM32F4xx/mios32_timer.o
                0x0801345c                TIM5_IRQHandler
 .text.MIOS32_DELAY_Init
                0x08013480       0x44 project_build//home/karshan/gits/vaayu/software/mios32/trunk//mios32/STM32F4xx/mios32_delay.o
                0x08013480                MIOS32_DELAY_Init
 .text.MIOS32_DELAY_Wait_uS
                0x080134c4       0x18 project_build//home/karshan/gits/vaayu/software/mios32/trunk//mios32/STM32F4xx/mios32_delay.o
                0x080134c4                MIOS32_DELAY_Wait_uS
 .text.MIOS32_AIN_Init
                0x080134dc        0x6 project_build//home/karshan/gits/vaayu/software/mios32/trunk//mios32/STM32F4xx/mios32_ain.o
                0x080134dc                MIOS32_AIN_Init
 .text.MIOS32_AIN_Handler
                0x080134e2        0x6 project_build//home/karshan/gits/vaayu/software/mios32/trunk//mios32/STM32F4xx/mios32_ain.o
                0x080134e2                MIOS32_AIN_Handler
 .text.USBD_USR_DeviceDescriptor
                0x080134e8        0xc project_build//home/karshan/gits/vaayu/software/mios32/trunk//mios32/STM32F4xx/mios32_usb.o
 .text.USBD_USR_LangIDStrDescriptor
                0x080134f4        0xc project_build//home/karshan/gits/vaayu/software/mios32/trunk//mios32/STM32F4xx/mios32_usb.o
 .text.USBD_USR_Init
                0x08013500        0x2 project_build//home/karshan/gits/vaayu/software/mios32/trunk//mios32/STM32F4xx/mios32_usb.o
 .text.USBD_USR_DeviceReset
                0x08013502        0x2 project_build//home/karshan/gits/vaayu/software/mios32/trunk//mios32/STM32F4xx/mios32_usb.o
 .text.USBD_USR_DeviceConnected
                0x08013504        0x2 project_build//home/karshan/gits/vaayu/software/mios32/trunk//mios32/STM32F4xx/mios32_usb.o
 .text.USBD_USR_DeviceSuspended
                0x08013506        0x2 project_build//home/karshan/gits/vaayu/software/mios32/trunk//mios32/STM32F4xx/mios32_usb.o
 .text.USBD_USR_DeviceResumed
                0x08013508        0x2 project_build//home/karshan/gits/vaayu/software/mios32/trunk//mios32/STM32F4xx/mios32_usb.o
 .text.USBH_USR_Init
                0x0801350a        0x2 project_build//home/karshan/gits/vaayu/software/mios32/trunk//mios32/STM32F4xx/mios32_usb.o
 .text.USBH_USR_DeviceAttached
                0x0801350c        0x2 project_build//home/karshan/gits/vaayu/software/mios32/trunk//mios32/STM32F4xx/mios32_usb.o
 .text.USBH_USR_UnrecoveredError
                0x0801350e        0x2 project_build//home/karshan/gits/vaayu/software/mios32/trunk//mios32/STM32F4xx/mios32_usb.o
 .text.USBH_USR_ResetDevice
                0x08013510        0x2 project_build//home/karshan/gits/vaayu/software/mios32/trunk//mios32/STM32F4xx/mios32_usb.o
 .text.USBH_USR_DeviceSpeedDetected
                0x08013512        0x2 project_build//home/karshan/gits/vaayu/software/mios32/trunk//mios32/STM32F4xx/mios32_usb.o
 .text.USBH_USR_Device_DescAvailable
                0x08013514        0x2 project_build//home/karshan/gits/vaayu/software/mios32/trunk//mios32/STM32F4xx/mios32_usb.o
 .text.USBH_USR_DeviceAddressAssigned
                0x08013516        0x2 project_build//home/karshan/gits/vaayu/software/mios32/trunk//mios32/STM32F4xx/mios32_usb.o
 .text.USBH_USR_Configuration_DescAvailable
                0x08013518        0x2 project_build//home/karshan/gits/vaayu/software/mios32/trunk//mios32/STM32F4xx/mios32_usb.o
 .text.USBH_USR_Manufacturer_String
                0x0801351a        0x2 project_build//home/karshan/gits/vaayu/software/mios32/trunk//mios32/STM32F4xx/mios32_usb.o
 .text.USBH_USR_Product_String
                0x0801351c        0x2 project_build//home/karshan/gits/vaayu/software/mios32/trunk//mios32/STM32F4xx/mios32_usb.o
 .text.USBH_USR_SerialNum_String
                0x0801351e        0x2 project_build//home/karshan/gits/vaayu/software/mios32/trunk//mios32/STM32F4xx/mios32_usb.o
 .text.USBH_USR_EnumerationDone
                0x08013520        0x2 project_build//home/karshan/gits/vaayu/software/mios32/trunk//mios32/STM32F4xx/mios32_usb.o
 .text.USBH_USR_DeviceNotSupported
                0x08013522        0x2 project_build//home/karshan/gits/vaayu/software/mios32/trunk//mios32/STM32F4xx/mios32_usb.o
 .text.USBH_USR_UserInput
                0x08013524        0x4 project_build//home/karshan/gits/vaayu/software/mios32/trunk//mios32/STM32F4xx/mios32_usb.o
 .text.USBH_USR_OverCurrentDetected
                0x08013528        0x2 project_build//home/karshan/gits/vaayu/software/mios32/trunk//mios32/STM32F4xx/mios32_usb.o
 .text.USBH_USR_Application
                0x0801352a        0x4 project_build//home/karshan/gits/vaayu/software/mios32/trunk//mios32/STM32F4xx/mios32_usb.o
 .text.USBH_USR_DeInit
                0x0801352e        0x2 project_build//home/karshan/gits/vaayu/software/mios32/trunk//mios32/STM32F4xx/mios32_usb.o
 .text.MIOS32_USB_CLASS_Setup
                0x08013530        0x4 project_build//home/karshan/gits/vaayu/software/mios32/trunk//mios32/STM32F4xx/mios32_usb.o
 .text.MIOS32_USB_CLASS_EP0_RxReady
                0x08013534        0x4 project_build//home/karshan/gits/vaayu/software/mios32/trunk//mios32/STM32F4xx/mios32_usb.o
 .text.MIOS32_USB_CLASS_GetCfgDesc
                0x08013538        0xc project_build//home/karshan/gits/vaayu/software/mios32/trunk//mios32/STM32F4xx/mios32_usb.o
 .text.USBD_USR_SerialStrDescriptor
                0x08013544       0x38 project_build//home/karshan/gits/vaayu/software/mios32/trunk//mios32/STM32F4xx/mios32_usb.o
 .text.USBD_USR_ProductStrDescriptor
                0x0801357c       0x5c project_build//home/karshan/gits/vaayu/software/mios32/trunk//mios32/STM32F4xx/mios32_usb.o
 .text.USBD_USR_InterfaceStrDescriptor
                0x080135d8        0x4 project_build//home/karshan/gits/vaayu/software/mios32/trunk//mios32/STM32F4xx/mios32_usb.o
 .text.USBD_USR_ConfigStrDescriptor
                0x080135dc        0x4 project_build//home/karshan/gits/vaayu/software/mios32/trunk//mios32/STM32F4xx/mios32_usb.o
 .text.MIOS32_USB_CLASS_GetUsrStrDesc
                0x080135e0        0x6 project_build//home/karshan/gits/vaayu/software/mios32/trunk//mios32/STM32F4xx/mios32_usb.o
 *fill*         0x080135e6        0x2 00
 .text.USBD_USR_ManufacturerStrDescriptor
                0x080135e8       0x2c project_build//home/karshan/gits/vaayu/software/mios32/trunk//mios32/STM32F4xx/mios32_usb.o
 .text.MIOS32_USB_CLASS_DataOut
                0x08013614       0x12 project_build//home/karshan/gits/vaayu/software/mios32/trunk//mios32/STM32F4xx/mios32_usb.o
 .text.MIOS32_USB_CLASS_DataIn
                0x08013626       0x12 project_build//home/karshan/gits/vaayu/software/mios32/trunk//mios32/STM32F4xx/mios32_usb.o
 .text.MIOS32_USB_CLASS_DeInit
                0x08013638       0x16 project_build//home/karshan/gits/vaayu/software/mios32/trunk//mios32/STM32F4xx/mios32_usb.o
 .text.USBH_USR_DeviceDisconnected
                0x0801364e        0x6 project_build//home/karshan/gits/vaayu/software/mios32/trunk//mios32/STM32F4xx/mios32_usb.o
 .text.USBD_USR_DeviceDisconnected
                0x08013654        0x6 project_build//home/karshan/gits/vaayu/software/mios32/trunk//mios32/STM32F4xx/mios32_usb.o
 .text.USBD_USR_DeviceConfigured
                0x0801365a        0x6 project_build//home/karshan/gits/vaayu/software/mios32/trunk//mios32/STM32F4xx/mios32_usb.o
 .text.MIOS32_USB_CLASS_Init
                0x08013660       0x34 project_build//home/karshan/gits/vaayu/software/mios32/trunk//mios32/STM32F4xx/mios32_usb.o
 .text.USB_OTG_BSP_Init
                0x08013694       0x9c project_build//home/karshan/gits/vaayu/software/mios32/trunk//mios32/STM32F4xx/mios32_usb.o
                0x08013694                USB_OTG_BSP_Init
 .text.USB_OTG_BSP_EnableInterrupt
                0x08013730        0x8 project_build//home/karshan/gits/vaayu/software/mios32/trunk//mios32/STM32F4xx/mios32_usb.o
                0x08013730                USB_OTG_BSP_EnableInterrupt
 .text.OTG_FS_IRQHandler
                0x08013738       0x28 project_build//home/karshan/gits/vaayu/software/mios32/trunk//mios32/STM32F4xx/mios32_usb.o
                0x08013738                OTG_FS_IRQHandler
 .text.USB_OTG_BSP_uDelay
                0x08013760        0x6 project_build//home/karshan/gits/vaayu/software/mios32/trunk//mios32/STM32F4xx/mios32_usb.o
                0x08013760                USB_OTG_BSP_uDelay
 .text.USB_OTG_BSP_mDelay
                0x08013766        0xc project_build//home/karshan/gits/vaayu/software/mios32/trunk//mios32/STM32F4xx/mios32_usb.o
                0x08013766                USB_OTG_BSP_mDelay
 *fill*         0x08013772        0x2 00
 .text.USB_OTG_BSP_ConfigVBUS
                0x08013774       0x44 project_build//home/karshan/gits/vaayu/software/mios32/trunk//mios32/STM32F4xx/mios32_usb.o
                0x08013774                USB_OTG_BSP_ConfigVBUS
 .text.USB_OTG_BSP_DriveVBUS
                0x080137b8       0x14 project_build//home/karshan/gits/vaayu/software/mios32/trunk//mios32/STM32F4xx/mios32_usb.o
                0x080137b8                USB_OTG_BSP_DriveVBUS
 .text.MIOS32_USB_IsInitialized
                0x080137cc        0xc project_build//home/karshan/gits/vaayu/software/mios32/trunk//mios32/STM32F4xx/mios32_usb.o
                0x080137cc                MIOS32_USB_IsInitialized
 .text.MIOS32_USB_ForceSingleUSB
                0x080137d8       0x24 project_build//home/karshan/gits/vaayu/software/mios32/trunk//mios32/STM32F4xx/mios32_usb.o
                0x080137d8                MIOS32_USB_ForceSingleUSB
 .text.MIOS32_USB_ForceDeviceMode
                0x080137fc       0x24 project_build//home/karshan/gits/vaayu/software/mios32/trunk//mios32/STM32F4xx/mios32_usb.o
                0x080137fc                MIOS32_USB_ForceDeviceMode
 .text.MIOS32_USB_Init
                0x08013820       0xec project_build//home/karshan/gits/vaayu/software/mios32/trunk//mios32/STM32F4xx/mios32_usb.o
                0x08013820                MIOS32_USB_Init
 .text.USBH_ClassRequest
                0x0801390c        0x4 project_build//home/karshan/gits/vaayu/software/mios32/trunk//mios32/STM32F4xx/mios32_usb_midi.o
 .text.USBH_InterfaceDeInit
                0x08013910       0x3c project_build//home/karshan/gits/vaayu/software/mios32/trunk//mios32/STM32F4xx/mios32_usb_midi.o
 .text.MIOS32_USB_MIDI_RxBufferHandler
                0x0801394c       0xac project_build//home/karshan/gits/vaayu/software/mios32/trunk//mios32/STM32F4xx/mios32_usb_midi.o
 .text.MIOS32_USB_MIDI_TxBufferHandler
                0x080139f8       0xac project_build//home/karshan/gits/vaayu/software/mios32/trunk//mios32/STM32F4xx/mios32_usb_midi.o
 .text.USBH_Handle
                0x08013aa4      0x1f0 project_build//home/karshan/gits/vaayu/software/mios32/trunk//mios32/STM32F4xx/mios32_usb_midi.o
 .text.MIOS32_USB_MIDI_Init
                0x08013c94        0xc project_build//home/karshan/gits/vaayu/software/mios32/trunk//mios32/STM32F4xx/mios32_usb_midi.o
                0x08013c94                MIOS32_USB_MIDI_Init
 .text.MIOS32_USB_MIDI_ChangeConnectionState
                0x08013ca0       0x64 project_build//home/karshan/gits/vaayu/software/mios32/trunk//mios32/STM32F4xx/mios32_usb_midi.o
                0x08013ca0                MIOS32_USB_MIDI_ChangeConnectionState
 .text.MIOS32_USB_MIDI_CheckAvailable
                0x08013d04       0x20 project_build//home/karshan/gits/vaayu/software/mios32/trunk//mios32/STM32F4xx/mios32_usb_midi.o
                0x08013d04                MIOS32_USB_MIDI_CheckAvailable
 .text.USBH_InterfaceInit
                0x08013d24      0x104 project_build//home/karshan/gits/vaayu/software/mios32/trunk//mios32/STM32F4xx/mios32_usb_midi.o
 .text.MIOS32_USB_MIDI_PackageSend_NonBlocking
                0x08013e28       0x70 project_build//home/karshan/gits/vaayu/software/mios32/trunk//mios32/STM32F4xx/mios32_usb_midi.o
                0x08013e28                MIOS32_USB_MIDI_PackageSend_NonBlocking
 .text.MIOS32_USB_MIDI_PackageSend
                0x08013e98       0x30 project_build//home/karshan/gits/vaayu/software/mios32/trunk//mios32/STM32F4xx/mios32_usb_midi.o
                0x08013e98                MIOS32_USB_MIDI_PackageSend
 .text.MIOS32_USB_MIDI_PackageReceive
                0x08013ec8       0x54 project_build//home/karshan/gits/vaayu/software/mios32/trunk//mios32/STM32F4xx/mios32_usb_midi.o
                0x08013ec8                MIOS32_USB_MIDI_PackageReceive
 .text.MIOS32_USB_MIDI_Periodic_mS
                0x08013f1c       0x28 project_build//home/karshan/gits/vaayu/software/mios32/trunk//mios32/STM32F4xx/mios32_usb_midi.o
                0x08013f1c                MIOS32_USB_MIDI_Periodic_mS
 .text.MIOS32_USB_MIDI_EP1_IN_Callback
                0x08013f44       0x10 project_build//home/karshan/gits/vaayu/software/mios32/trunk//mios32/STM32F4xx/mios32_usb_midi.o
                0x08013f44                MIOS32_USB_MIDI_EP1_IN_Callback
 .text.MIOS32_USB_MIDI_EP2_OUT_Callback
                0x08013f54       0x10 project_build//home/karshan/gits/vaayu/software/mios32/trunk//mios32/STM32F4xx/mios32_usb_midi.o
                0x08013f54                MIOS32_USB_MIDI_EP2_OUT_Callback
 .text.MIOS32_UART_BaudrateSet
                0x08013f64       0x58 project_build//home/karshan/gits/vaayu/software/mios32/trunk//mios32/STM32F4xx/mios32_uart.o
                0x08013f64                MIOS32_UART_BaudrateSet
 .text.MIOS32_UART_Init
                0x08013fbc      0x140 project_build//home/karshan/gits/vaayu/software/mios32/trunk//mios32/STM32F4xx/mios32_uart.o
                0x08013fbc                MIOS32_UART_Init
 .text.MIOS32_UART_RxBufferGet
                0x080140fc       0x58 project_build//home/karshan/gits/vaayu/software/mios32/trunk//mios32/STM32F4xx/mios32_uart.o
                0x080140fc                MIOS32_UART_RxBufferGet
 .text.MIOS32_UART_RxBufferPut
                0x08014154       0x5c project_build//home/karshan/gits/vaayu/software/mios32/trunk//mios32/STM32F4xx/mios32_uart.o
                0x08014154                MIOS32_UART_RxBufferPut
 .text.MIOS32_UART_TxBufferGet
                0x080141b0       0x58 project_build//home/karshan/gits/vaayu/software/mios32/trunk//mios32/STM32F4xx/mios32_uart.o
                0x080141b0                MIOS32_UART_TxBufferGet
 .text.MIOS32_UART_TxBufferPutMore_NonBlocking
                0x08014208       0x90 project_build//home/karshan/gits/vaayu/software/mios32/trunk//mios32/STM32F4xx/mios32_uart.o
                0x08014208                MIOS32_UART_TxBufferPutMore_NonBlocking
 .text.MIOS32_UART_TxBufferPutMore
                0x08014298       0x18 project_build//home/karshan/gits/vaayu/software/mios32/trunk//mios32/STM32F4xx/mios32_uart.o
                0x08014298                MIOS32_UART_TxBufferPutMore
 .text.USART2_IRQHandler
                0x080142b0       0x60 project_build//home/karshan/gits/vaayu/software/mios32/trunk//mios32/STM32F4xx/mios32_uart.o
                0x080142b0                USART2_IRQHandler
 .text.USART3_IRQHandler
                0x08014310       0x64 project_build//home/karshan/gits/vaayu/software/mios32/trunk//mios32/STM32F4xx/mios32_uart.o
                0x08014310                USART3_IRQHandler
 .text.EV_IRQHandler
                0x08014374      0x162 project_build//home/karshan/gits/vaayu/software/mios32/trunk//mios32/STM32F4xx/mios32_iic.o
 *fill*         0x080144d6        0x2 00
 .text.ER_IRQHandler
                0x080144d8       0x7c project_build//home/karshan/gits/vaayu/software/mios32/trunk//mios32/STM32F4xx/mios32_iic.o
 .text.I2C2_EV_IRQHandler
                0x08014554        0xc project_build//home/karshan/gits/vaayu/software/mios32/trunk//mios32/STM32F4xx/mios32_iic.o
                0x08014554                I2C2_EV_IRQHandler
 .text.I2C2_ER_IRQHandler
                0x08014560        0xc project_build//home/karshan/gits/vaayu/software/mios32/trunk//mios32/STM32F4xx/mios32_iic.o
                0x08014560                I2C2_ER_IRQHandler
 .text.I2C1_EV_IRQHandler
                0x0801456c        0xc project_build//home/karshan/gits/vaayu/software/mios32/trunk//mios32/STM32F4xx/mios32_iic.o
                0x0801456c                I2C1_EV_IRQHandler
 .text.I2C1_ER_IRQHandler
                0x08014578        0xc project_build//home/karshan/gits/vaayu/software/mios32/trunk//mios32/STM32F4xx/mios32_iic.o
                0x08014578                I2C1_ER_IRQHandler
 .text.printchar
                0x08014584       0x16 project_build//home/karshan/gits/vaayu/software/mios32/trunk//mios32/common/printf-stdarg.o
 .text.prints   0x0801459a       0x82 project_build//home/karshan/gits/vaayu/software/mios32/trunk//mios32/common/printf-stdarg.o
 .text.printi   0x0801461c       0x98 project_build//home/karshan/gits/vaayu/software/mios32/trunk//mios32/common/printf-stdarg.o
 .text.print    0x080146b4      0x120 project_build//home/karshan/gits/vaayu/software/mios32/trunk//mios32/common/printf-stdarg.o
 .text.sprintf  0x080147d4       0x1e project_build//home/karshan/gits/vaayu/software/mios32/trunk//mios32/common/printf-stdarg.o
                0x080147d4                sprintf
 .text.vsprintf
                0x080147f2       0x10 project_build//home/karshan/gits/vaayu/software/mios32/trunk//mios32/common/printf-stdarg.o
                0x080147f2                vsprintf
 *fill*         0x08014802        0x2 00
 .text.NVIC_PriorityGroupConfig
                0x08014804       0x14 project_build//home/karshan/gits/vaayu/software/mios32/trunk//drivers/STM32F4xx/v1.1.0/STM32F4xx_StdPeriph_Driver/src/misc.o
                0x08014804                NVIC_PriorityGroupConfig
 .text.NVIC_SetVectorTable
                0x08014818       0x14 project_build//home/karshan/gits/vaayu/software/mios32/trunk//drivers/STM32F4xx/v1.1.0/STM32F4xx_StdPeriph_Driver/src/misc.o
                0x08014818                NVIC_SetVectorTable
 .text.DMA_Init
                0x0801482c       0x54 project_build//home/karshan/gits/vaayu/software/mios32/trunk//drivers/STM32F4xx/v1.1.0/STM32F4xx_StdPeriph_Driver/src/stm32f4xx_dma.o
                0x0801482c                DMA_Init
 .text.DMA_StructInit
                0x08014880       0x22 project_build//home/karshan/gits/vaayu/software/mios32/trunk//drivers/STM32F4xx/v1.1.0/STM32F4xx_StdPeriph_Driver/src/stm32f4xx_dma.o
                0x08014880                DMA_StructInit
 .text.DMA_Cmd  0x080148a2       0x12 project_build//home/karshan/gits/vaayu/software/mios32/trunk//drivers/STM32F4xx/v1.1.0/STM32F4xx_StdPeriph_Driver/src/stm32f4xx_dma.o
                0x080148a2                DMA_Cmd
 .text.DMA_ClearFlag
                0x080148b4       0x30 project_build//home/karshan/gits/vaayu/software/mios32/trunk//drivers/STM32F4xx/v1.1.0/STM32F4xx_StdPeriph_Driver/src/stm32f4xx_dma.o
                0x080148b4                DMA_ClearFlag
 .text.EXTI_ClearITPendingBit
                0x080148e4        0xc project_build//home/karshan/gits/vaayu/software/mios32/trunk//drivers/STM32F4xx/v1.1.0/STM32F4xx_StdPeriph_Driver/src/stm32f4xx_exti.o
                0x080148e4                EXTI_ClearITPendingBit
 .text.GPIO_Init
                0x080148f0       0x9a project_build//home/karshan/gits/vaayu/software/mios32/trunk//drivers/STM32F4xx/v1.1.0/STM32F4xx_StdPeriph_Driver/src/stm32f4xx_gpio.o
                0x080148f0                GPIO_Init
 .text.GPIO_StructInit
                0x0801498a       0x12 project_build//home/karshan/gits/vaayu/software/mios32/trunk//drivers/STM32F4xx/v1.1.0/STM32F4xx_StdPeriph_Driver/src/stm32f4xx_gpio.o
                0x0801498a                GPIO_StructInit
 .text.GPIO_SetBits
                0x0801499c        0x4 project_build//home/karshan/gits/vaayu/software/mios32/trunk//drivers/STM32F4xx/v1.1.0/STM32F4xx_StdPeriph_Driver/src/stm32f4xx_gpio.o
                0x0801499c                GPIO_SetBits
 .text.GPIO_ResetBits
                0x080149a0        0x4 project_build//home/karshan/gits/vaayu/software/mios32/trunk//drivers/STM32F4xx/v1.1.0/STM32F4xx_StdPeriph_Driver/src/stm32f4xx_gpio.o
                0x080149a0                GPIO_ResetBits
 .text.GPIO_PinAFConfig
                0x080149a4       0x2e project_build//home/karshan/gits/vaayu/software/mios32/trunk//drivers/STM32F4xx/v1.1.0/STM32F4xx_StdPeriph_Driver/src/stm32f4xx_gpio.o
                0x080149a4                GPIO_PinAFConfig
 .text.I2C_GenerateSTOP
                0x080149d2       0x18 project_build//home/karshan/gits/vaayu/software/mios32/trunk//drivers/STM32F4xx/v1.1.0/STM32F4xx_StdPeriph_Driver/src/stm32f4xx_i2c.o
                0x080149d2                I2C_GenerateSTOP
 .text.I2C_ITConfig
                0x080149ea       0x12 project_build//home/karshan/gits/vaayu/software/mios32/trunk//drivers/STM32F4xx/v1.1.0/STM32F4xx_StdPeriph_Driver/src/stm32f4xx_i2c.o
                0x080149ea                I2C_ITConfig
 .text.I2C_GetLastEvent
                0x080149fc       0x10 project_build//home/karshan/gits/vaayu/software/mios32/trunk//drivers/STM32F4xx/v1.1.0/STM32F4xx_StdPeriph_Driver/src/stm32f4xx_i2c.o
                0x080149fc                I2C_GetLastEvent
 .text.I2C_ClearITPendingBit
                0x08014a0c        0x8 project_build//home/karshan/gits/vaayu/software/mios32/trunk//drivers/STM32F4xx/v1.1.0/STM32F4xx_StdPeriph_Driver/src/stm32f4xx_i2c.o
                0x08014a0c                I2C_ClearITPendingBit
 .text.PWR_BackupAccessCmd
                0x08014a14        0xc project_build//home/karshan/gits/vaayu/software/mios32/trunk//drivers/STM32F4xx/v1.1.0/STM32F4xx_StdPeriph_Driver/src/stm32f4xx_pwr.o
                0x08014a14                PWR_BackupAccessCmd
 .text.RCC_GetClocksFreq
                0x08014a20       0x8c project_build//home/karshan/gits/vaayu/software/mios32/trunk//drivers/STM32F4xx/v1.1.0/STM32F4xx_StdPeriph_Driver/src/stm32f4xx_rcc.o
                0x08014a20                RCC_GetClocksFreq
 .text.RCC_RTCCLKConfig
                0x08014aac       0x30 project_build//home/karshan/gits/vaayu/software/mios32/trunk//drivers/STM32F4xx/v1.1.0/STM32F4xx_StdPeriph_Driver/src/stm32f4xx_rcc.o
                0x08014aac                RCC_RTCCLKConfig
 .text.RCC_RTCCLKCmd
                0x08014adc        0xc project_build//home/karshan/gits/vaayu/software/mios32/trunk//drivers/STM32F4xx/v1.1.0/STM32F4xx_StdPeriph_Driver/src/stm32f4xx_rcc.o
                0x08014adc                RCC_RTCCLKCmd
 .text.RCC_AHB1PeriphClockCmd
                0x08014ae8       0x18 project_build//home/karshan/gits/vaayu/software/mios32/trunk//drivers/STM32F4xx/v1.1.0/STM32F4xx_StdPeriph_Driver/src/stm32f4xx_rcc.o
                0x08014ae8                RCC_AHB1PeriphClockCmd
 .text.RCC_AHB2PeriphClockCmd
                0x08014b00       0x18 project_build//home/karshan/gits/vaayu/software/mios32/trunk//drivers/STM32F4xx/v1.1.0/STM32F4xx_StdPeriph_Driver/src/stm32f4xx_rcc.o
                0x08014b00                RCC_AHB2PeriphClockCmd
 .text.RCC_APB1PeriphClockCmd
                0x08014b18       0x18 project_build//home/karshan/gits/vaayu/software/mios32/trunk//drivers/STM32F4xx/v1.1.0/STM32F4xx_StdPeriph_Driver/src/stm32f4xx_rcc.o
                0x08014b18                RCC_APB1PeriphClockCmd
 .text.RCC_APB2PeriphClockCmd
                0x08014b30       0x18 project_build//home/karshan/gits/vaayu/software/mios32/trunk//drivers/STM32F4xx/v1.1.0/STM32F4xx_StdPeriph_Driver/src/stm32f4xx_rcc.o
                0x08014b30                RCC_APB2PeriphClockCmd
 .text.RCC_AHB1PeriphResetCmd
                0x08014b48       0x18 project_build//home/karshan/gits/vaayu/software/mios32/trunk//drivers/STM32F4xx/v1.1.0/STM32F4xx_StdPeriph_Driver/src/stm32f4xx_rcc.o
                0x08014b48                RCC_AHB1PeriphResetCmd
 .text.RCC_AHB2PeriphResetCmd
                0x08014b60       0x18 project_build//home/karshan/gits/vaayu/software/mios32/trunk//drivers/STM32F4xx/v1.1.0/STM32F4xx_StdPeriph_Driver/src/stm32f4xx_rcc.o
                0x08014b60                RCC_AHB2PeriphResetCmd
 .text.RCC_APB1PeriphResetCmd
                0x08014b78       0x18 project_build//home/karshan/gits/vaayu/software/mios32/trunk//drivers/STM32F4xx/v1.1.0/STM32F4xx_StdPeriph_Driver/src/stm32f4xx_rcc.o
                0x08014b78                RCC_APB1PeriphResetCmd
 .text.RCC_APB2PeriphResetCmd
                0x08014b90       0x18 project_build//home/karshan/gits/vaayu/software/mios32/trunk//drivers/STM32F4xx/v1.1.0/STM32F4xx_StdPeriph_Driver/src/stm32f4xx_rcc.o
                0x08014b90                RCC_APB2PeriphResetCmd
 .text.RTC_ByteToBcd2
                0x08014ba8       0x18 project_build//home/karshan/gits/vaayu/software/mios32/trunk//drivers/STM32F4xx/v1.1.0/STM32F4xx_StdPeriph_Driver/src/stm32f4xx_rtc.o
 .text.RTC_StructInit
                0x08014bc0        0xc project_build//home/karshan/gits/vaayu/software/mios32/trunk//drivers/STM32F4xx/v1.1.0/STM32F4xx_StdPeriph_Driver/src/stm32f4xx_rtc.o
                0x08014bc0                RTC_StructInit
 .text.RTC_EnterInitMode
                0x08014bcc       0x40 project_build//home/karshan/gits/vaayu/software/mios32/trunk//drivers/STM32F4xx/v1.1.0/STM32F4xx_StdPeriph_Driver/src/stm32f4xx_rtc.o
                0x08014bcc                RTC_EnterInitMode
 .text.RTC_ExitInitMode
                0x08014c0c       0x10 project_build//home/karshan/gits/vaayu/software/mios32/trunk//drivers/STM32F4xx/v1.1.0/STM32F4xx_StdPeriph_Driver/src/stm32f4xx_rtc.o
                0x08014c0c                RTC_ExitInitMode
 .text.RTC_Init
                0x08014c1c       0x48 project_build//home/karshan/gits/vaayu/software/mios32/trunk//drivers/STM32F4xx/v1.1.0/STM32F4xx_StdPeriph_Driver/src/stm32f4xx_rtc.o
                0x08014c1c                RTC_Init
 .text.RTC_WaitForSynchro
                0x08014c64       0x44 project_build//home/karshan/gits/vaayu/software/mios32/trunk//drivers/STM32F4xx/v1.1.0/STM32F4xx_StdPeriph_Driver/src/stm32f4xx_rtc.o
                0x08014c64                RTC_WaitForSynchro
 .text.RTC_SetTime
                0x08014ca8       0x8c project_build//home/karshan/gits/vaayu/software/mios32/trunk//drivers/STM32F4xx/v1.1.0/STM32F4xx_StdPeriph_Driver/src/stm32f4xx_rtc.o
                0x08014ca8                RTC_SetTime
 .text.RTC_TimeStructInit
                0x08014d34        0xc project_build//home/karshan/gits/vaayu/software/mios32/trunk//drivers/STM32F4xx/v1.1.0/STM32F4xx_StdPeriph_Driver/src/stm32f4xx_rtc.o
                0x08014d34                RTC_TimeStructInit
 .text.SPI_Init
                0x08014d40       0x3e project_build//home/karshan/gits/vaayu/software/mios32/trunk//drivers/STM32F4xx/v1.1.0/STM32F4xx_StdPeriph_Driver/src/stm32f4xx_spi.o
                0x08014d40                SPI_Init
 .text.SPI_Cmd  0x08014d7e       0x18 project_build//home/karshan/gits/vaayu/software/mios32/trunk//drivers/STM32F4xx/v1.1.0/STM32F4xx_StdPeriph_Driver/src/stm32f4xx_spi.o
                0x08014d7e                SPI_Cmd
 .text.SPI_I2S_DMACmd
                0x08014d96       0x12 project_build//home/karshan/gits/vaayu/software/mios32/trunk//drivers/STM32F4xx/v1.1.0/STM32F4xx_StdPeriph_Driver/src/stm32f4xx_spi.o
                0x08014d96                SPI_I2S_DMACmd
 .text.TIM_TimeBaseInit
                0x08014da8       0x7c project_build//home/karshan/gits/vaayu/software/mios32/trunk//drivers/STM32F4xx/v1.1.0/STM32F4xx_StdPeriph_Driver/src/stm32f4xx_tim.o
                0x08014da8                TIM_TimeBaseInit
 .text.TIM_Cmd  0x08014e24       0x18 project_build//home/karshan/gits/vaayu/software/mios32/trunk//drivers/STM32F4xx/v1.1.0/STM32F4xx_StdPeriph_Driver/src/stm32f4xx_tim.o
                0x08014e24                TIM_Cmd
 .text.TIM_GetITStatus
                0x08014e3c       0x16 project_build//home/karshan/gits/vaayu/software/mios32/trunk//drivers/STM32F4xx/v1.1.0/STM32F4xx_StdPeriph_Driver/src/stm32f4xx_tim.o
                0x08014e3c                TIM_GetITStatus
 .text.TIM_ClearITPendingBit
                0x08014e52        0x8 project_build//home/karshan/gits/vaayu/software/mios32/trunk//drivers/STM32F4xx/v1.1.0/STM32F4xx_StdPeriph_Driver/src/stm32f4xx_tim.o
                0x08014e52                TIM_ClearITPendingBit
 *fill*         0x08014e5a        0x2 00
 .text.USART_Init
                0x08014e5c       0xb8 project_build//home/karshan/gits/vaayu/software/mios32/trunk//drivers/STM32F4xx/v1.1.0/STM32F4xx_StdPeriph_Driver/src/stm32f4xx_usart.o
                0x08014e5c                USART_Init
 .text.USART_Cmd
                0x08014f14       0x18 project_build//home/karshan/gits/vaayu/software/mios32/trunk//drivers/STM32F4xx/v1.1.0/STM32F4xx_StdPeriph_Driver/src/stm32f4xx_usart.o
                0x08014f14                USART_Cmd
 .text.USART_ITConfig
                0x08014f2c       0x34 project_build//home/karshan/gits/vaayu/software/mios32/trunk//drivers/STM32F4xx/v1.1.0/STM32F4xx_StdPeriph_Driver/src/stm32f4xx_usart.o
                0x08014f2c                USART_ITConfig
 .text.USBD_Resume
                0x08014f60       0x16 project_build//home/karshan/gits/vaayu/software/mios32/trunk//drivers/STM32F4xx/v1.1.0/STM32_USB_Device_Library/Core/src/usbd_core.o
 .text.USBD_Suspend
                0x08014f76       0x1c project_build//home/karshan/gits/vaayu/software/mios32/trunk//drivers/STM32F4xx/v1.1.0/STM32_USB_Device_Library/Core/src/usbd_core.o
 .text.USBD_SOF
                0x08014f92       0x10 project_build//home/karshan/gits/vaayu/software/mios32/trunk//drivers/STM32F4xx/v1.1.0/STM32_USB_Device_Library/Core/src/usbd_core.o
 .text.USBD_IsoINIncomplete
                0x08014fa2        0xe project_build//home/karshan/gits/vaayu/software/mios32/trunk//drivers/STM32F4xx/v1.1.0/STM32_USB_Device_Library/Core/src/usbd_core.o
 .text.USBD_IsoOUTIncomplete
                0x08014fb0        0xe project_build//home/karshan/gits/vaayu/software/mios32/trunk//drivers/STM32F4xx/v1.1.0/STM32_USB_Device_Library/Core/src/usbd_core.o
 .text.USBD_Reset
                0x08014fbe       0x2e project_build//home/karshan/gits/vaayu/software/mios32/trunk//drivers/STM32F4xx/v1.1.0/STM32_USB_Device_Library/Core/src/usbd_core.o
 .text.USBD_SetupStage
                0x08014fec       0x48 project_build//home/karshan/gits/vaayu/software/mios32/trunk//drivers/STM32F4xx/v1.1.0/STM32_USB_Device_Library/Core/src/usbd_core.o
 .text.USBD_DataInStage
                0x08015034       0xb4 project_build//home/karshan/gits/vaayu/software/mios32/trunk//drivers/STM32F4xx/v1.1.0/STM32_USB_Device_Library/Core/src/usbd_core.o
 .text.USBD_DataOutStage
                0x080150e8       0x74 project_build//home/karshan/gits/vaayu/software/mios32/trunk//drivers/STM32F4xx/v1.1.0/STM32_USB_Device_Library/Core/src/usbd_core.o
 .text.USBD_Init
                0x0801515c       0x38 project_build//home/karshan/gits/vaayu/software/mios32/trunk//drivers/STM32F4xx/v1.1.0/STM32_USB_Device_Library/Core/src/usbd_core.o
                0x0801515c                USBD_Init
 .text.USBD_SetCfg
                0x08015194       0x18 project_build//home/karshan/gits/vaayu/software/mios32/trunk//drivers/STM32F4xx/v1.1.0/STM32_USB_Device_Library/Core/src/usbd_core.o
                0x08015194                USBD_SetCfg
 .text.USBD_ClrCfg
                0x080151ac        0xe project_build//home/karshan/gits/vaayu/software/mios32/trunk//drivers/STM32F4xx/v1.1.0/STM32_USB_Device_Library/Core/src/usbd_core.o
                0x080151ac                USBD_ClrCfg
 .text.USBD_CtlSendData
                0x080151ba       0x22 project_build//home/karshan/gits/vaayu/software/mios32/trunk//drivers/STM32F4xx/v1.1.0/STM32_USB_Device_Library/Core/src/usbd_ioreq.o
                0x080151ba                USBD_CtlSendData
 .text.USBD_CtlContinueSendData
                0x080151dc       0x12 project_build//home/karshan/gits/vaayu/software/mios32/trunk//drivers/STM32F4xx/v1.1.0/STM32_USB_Device_Library/Core/src/usbd_ioreq.o
                0x080151dc                USBD_CtlContinueSendData
 .text.USBD_CtlContinueRx
                0x080151ee       0x12 project_build//home/karshan/gits/vaayu/software/mios32/trunk//drivers/STM32F4xx/v1.1.0/STM32_USB_Device_Library/Core/src/usbd_ioreq.o
                0x080151ee                USBD_CtlContinueRx
 .text.USBD_CtlSendStatus
                0x08015200       0x1e project_build//home/karshan/gits/vaayu/software/mios32/trunk//drivers/STM32F4xx/v1.1.0/STM32_USB_Device_Library/Core/src/usbd_ioreq.o
                0x08015200                USBD_CtlSendStatus
 .text.USBD_CtlReceiveStatus
                0x0801521e       0x1e project_build//home/karshan/gits/vaayu/software/mios32/trunk//drivers/STM32F4xx/v1.1.0/STM32_USB_Device_Library/Core/src/usbd_ioreq.o
                0x0801521e                USBD_CtlReceiveStatus
 .text.USBD_ParseSetupRequest
                0x0801523c       0x44 project_build//home/karshan/gits/vaayu/software/mios32/trunk//drivers/STM32F4xx/v1.1.0/STM32_USB_Device_Library/Core/src/usbd_req.o
                0x0801523c                USBD_ParseSetupRequest
 .text.USBD_CtlError
                0x08015280       0x1c project_build//home/karshan/gits/vaayu/software/mios32/trunk//drivers/STM32F4xx/v1.1.0/STM32_USB_Device_Library/Core/src/usbd_req.o
                0x08015280                USBD_CtlError
 .text.USBD_StdEPReq
                0x0801529c       0xc4 project_build//home/karshan/gits/vaayu/software/mios32/trunk//drivers/STM32F4xx/v1.1.0/STM32_USB_Device_Library/Core/src/usbd_req.o
                0x0801529c                USBD_StdEPReq
 .text.USBD_StdItfReq
                0x08015360       0x30 project_build//home/karshan/gits/vaayu/software/mios32/trunk//drivers/STM32F4xx/v1.1.0/STM32_USB_Device_Library/Core/src/usbd_req.o
                0x08015360                USBD_StdItfReq
 .text.USBD_StdDevReq
                0x08015390      0x2ac project_build//home/karshan/gits/vaayu/software/mios32/trunk//drivers/STM32F4xx/v1.1.0/STM32_USB_Device_Library/Core/src/usbd_req.o
                0x08015390                USBD_StdDevReq
 .text.USBD_GetString
                0x0801563c       0x38 project_build//home/karshan/gits/vaayu/software/mios32/trunk//drivers/STM32F4xx/v1.1.0/STM32_USB_Device_Library/Core/src/usbd_req.o
                0x0801563c                USBD_GetString
 .text.USBH_Connected
                0x08015674        0xa project_build//home/karshan/gits/vaayu/software/mios32/trunk//drivers/STM32F4xx/v1.1.0/STM32_USB_HOST_Library/Core/src/usbh_core.o
                0x08015674                USBH_Connected
 .text.USBH_Disconnected
                0x0801567e        0xa project_build//home/karshan/gits/vaayu/software/mios32/trunk//drivers/STM32F4xx/v1.1.0/STM32_USB_HOST_Library/Core/src/usbh_core.o
                0x0801567e                USBH_Disconnected
 .text.USBH_SOF
                0x08015688        0x4 project_build//home/karshan/gits/vaayu/software/mios32/trunk//drivers/STM32F4xx/v1.1.0/STM32_USB_HOST_Library/Core/src/usbh_core.o
                0x08015688                USBH_SOF
 .text.USBH_DeInit
                0x0801568c       0x32 project_build//home/karshan/gits/vaayu/software/mios32/trunk//drivers/STM32F4xx/v1.1.0/STM32_USB_HOST_Library/Core/src/usbh_core.o
                0x0801568c                USBH_DeInit
 .text.USBH_Init
                0x080156be       0x42 project_build//home/karshan/gits/vaayu/software/mios32/trunk//drivers/STM32F4xx/v1.1.0/STM32_USB_HOST_Library/Core/src/usbh_core.o
                0x080156be                USBH_Init
 .text.USBH_ErrorHandle
                0x08015700       0x2a project_build//home/karshan/gits/vaayu/software/mios32/trunk//drivers/STM32F4xx/v1.1.0/STM32_USB_HOST_Library/Core/src/usbh_core.o
                0x08015700                USBH_ErrorHandle
 *fill*         0x0801572a        0x2 00
 .text.USBH_HandleControl
                0x0801572c      0x1b8 project_build//home/karshan/gits/vaayu/software/mios32/trunk//drivers/STM32F4xx/v1.1.0/STM32_USB_HOST_Library/Core/src/usbh_core.o
                0x0801572c                USBH_HandleControl
 .text.USBH_Process
                0x080158e4      0x344 project_build//home/karshan/gits/vaayu/software/mios32/trunk//drivers/STM32F4xx/v1.1.0/STM32_USB_HOST_Library/Core/src/usbh_core.o
                0x080158e4                USBH_Process
 .text.USBH_Open_Channel
                0x08015c28       0x54 project_build//home/karshan/gits/vaayu/software/mios32/trunk//drivers/STM32F4xx/v1.1.0/STM32_USB_HOST_Library/Core/src/usbh_hcs.o
                0x08015c28                USBH_Open_Channel
 .text.USBH_Modify_Channel
                0x08015c7c       0x3a project_build//home/karshan/gits/vaayu/software/mios32/trunk//drivers/STM32F4xx/v1.1.0/STM32_USB_HOST_Library/Core/src/usbh_hcs.o
                0x08015c7c                USBH_Modify_Channel
 .text.USBH_Alloc_Channel
                0x08015cb6       0x32 project_build//home/karshan/gits/vaayu/software/mios32/trunk//drivers/STM32F4xx/v1.1.0/STM32_USB_HOST_Library/Core/src/usbh_hcs.o
                0x08015cb6                USBH_Alloc_Channel
 .text.USBH_Free_Channel
                0x08015ce8       0x18 project_build//home/karshan/gits/vaayu/software/mios32/trunk//drivers/STM32F4xx/v1.1.0/STM32_USB_HOST_Library/Core/src/usbh_hcs.o
                0x08015ce8                USBH_Free_Channel
 .text.USBH_DeAllocate_AllChannel
                0x08015d00       0x1e project_build//home/karshan/gits/vaayu/software/mios32/trunk//drivers/STM32F4xx/v1.1.0/STM32_USB_HOST_Library/Core/src/usbh_hcs.o
                0x08015d00                USBH_DeAllocate_AllChannel
 .text.USBH_CtlReq
                0x08015d1e       0x48 project_build//home/karshan/gits/vaayu/software/mios32/trunk//drivers/STM32F4xx/v1.1.0/STM32_USB_HOST_Library/Core/src/usbh_ioreq.o
                0x08015d1e                USBH_CtlReq
 .text.USBH_CtlSendSetup