Archive member included because of file (symbol)

/home/karshan/gits/vaayu/software/gcc-arm-none-eabi-4_7-2013q3/bin/../lib/gcc/arm-none-eabi/4.7.4/armv7e-m/libgcc.a(_lshrdi3.o)
                              project_build//home/karshan/gits/vaayu/software/mios32/trunk//modules/app_lcd/universal/app_lcd.o (__aeabi_llsr)
/home/karshan/gits/vaayu/software/gcc-arm-none-eabi-4_7-2013q3/bin/../lib/gcc/arm-none-eabi/4.7.4/armv7e-m/libgcc.a(_ashldi3.o)
                              project_build//home/karshan/gits/vaayu/software/mios32/trunk//modules/app_lcd/universal/app_lcd.o (__aeabi_llsl)
/home/karshan/gits/vaayu/software/gcc-arm-none-eabi-4_7-2013q3/bin/../lib/gcc/arm-none-eabi/4.7.4/armv7e-m/libgcc.a(_arm_muldivdf3.o)
                              project_build//home/karshan/gits/vaayu/software/mios32/trunk//mios32/common/mios32_osc.o (__aeabi_dmul)
/home/karshan/gits/vaayu/software/gcc-arm-none-eabi-4_7-2013q3/bin/../lib/gcc/arm-none-eabi/4.7.4/armv7e-m/libgcc.a(_arm_fixdfsi.o)
                              project_build//home/karshan/gits/vaayu/software/mios32/trunk//mios32/common/mios32_osc.o (__aeabi_d2iz)
/home/karshan/gits/vaayu/software/gcc-arm-none-eabi-4_7-2013q3/bin/../lib/gcc/arm-none-eabi/4.7.4/armv7e-m/libgcc.a(_arm_muldivsf3.o)
                              project_build//home/karshan/gits/vaayu/software/mios32/trunk//mios32/common/mios32_osc.o (__aeabi_fmul)
/home/karshan/gits/vaayu/software/gcc-arm-none-eabi-4_7-2013q3/bin/../lib/gcc/arm-none-eabi/4.7.4/armv7e-m/libgcc.a(_arm_fixsfsi.o)
                              project_build//home/karshan/gits/vaayu/software/mios32/trunk//mios32/common/mios32_osc.o (__aeabi_f2iz)
/home/karshan/gits/vaayu/software/gcc-arm-none-eabi-4_7-2013q3/bin/../lib/gcc/arm-none-eabi/4.7.4/../../../../arm-none-eabi/lib/armv7e-m/libc_s.a(lib_a-ctype_.o)
                              project_build//home/karshan/gits/vaayu/software/mios32/trunk//programming_models/traditional/strtol.o (__ctype_ptr__)
/home/karshan/gits/vaayu/software/gcc-arm-none-eabi-4_7-2013q3/bin/../lib/gcc/arm-none-eabi/4.7.4/../../../../arm-none-eabi/lib/armv7e-m/libc_s.a(lib_a-init.o)
                              project_build//home/karshan/gits/vaayu/software/mios32/trunk//programming_models/traditional/main.o (__libc_init_array)
/home/karshan/gits/vaayu/software/gcc-arm-none-eabi-4_7-2013q3/bin/../lib/gcc/arm-none-eabi/4.7.4/../../../../arm-none-eabi/lib/armv7e-m/libc_s.a(lib_a-memcpy.o)
                              project_build//home/karshan/gits/vaayu/software/mios32/trunk//FreeRTOS/Source/queue.o (memcpy)
/home/karshan/gits/vaayu/software/gcc-arm-none-eabi-4_7-2013q3/bin/../lib/gcc/arm-none-eabi/4.7.4/../../../../arm-none-eabi/lib/armv7e-m/libc_s.a(lib_a-memmove.o)
                              project_build//home/karshan/gits/vaayu/software/mios32/trunk//FreeRTOS/Source/portable/MemMang/umm_malloc.o (memmove)
/home/karshan/gits/vaayu/software/gcc-arm-none-eabi-4_7-2013q3/bin/../lib/gcc/arm-none-eabi/4.7.4/../../../../arm-none-eabi/lib/armv7e-m/libc_s.a(lib_a-memset.o)
                              project_build//home/karshan/gits/vaayu/software/mios32/trunk//FreeRTOS/Source/tasks.o (memset)
/home/karshan/gits/vaayu/software/gcc-arm-none-eabi-4_7-2013q3/bin/../lib/gcc/arm-none-eabi/4.7.4/../../../../arm-none-eabi/lib/armv7e-m/libc_s.a(lib_a-stpcpy.o)
                              project_build//home/karshan/gits/vaayu/software/mios32/trunk//mios32/common/mios32_osc.o (stpcpy)
/home/karshan/gits/vaayu/software/gcc-arm-none-eabi-4_7-2013q3/bin/../lib/gcc/arm-none-eabi/4.7.4/../../../../arm-none-eabi/lib/armv7e-m/libc_s.a(lib_a-strcasecmp.o)
                              project_build//home/karshan/gits/vaayu/software/mios32/trunk//modules/app_lcd/universal/app_lcd.o (strcasecmp)
/home/karshan/gits/vaayu/software/gcc-arm-none-eabi-4_7-2013q3/bin/../lib/gcc/arm-none-eabi/4.7.4/../../../../arm-none-eabi/lib/armv7e-m/libc_s.a(lib_a-strlen.o)
                              project_build//home/karshan/gits/vaayu/software/mios32/trunk//mios32/common/mios32_midi.o (strlen)
/home/karshan/gits/vaayu/software/gcc-arm-none-eabi-4_7-2013q3/bin/../lib/gcc/arm-none-eabi/4.7.4/../../../../arm-none-eabi/lib/armv7e-m/libc_s.a(lib_a-strncmp.o)
                              project_build//home/karshan/gits/vaayu/software/mios32/trunk//mios32/common/mios32_osc.o (strncmp)
/home/karshan/gits/vaayu/software/gcc-arm-none-eabi-4_7-2013q3/bin/../lib/gcc/arm-none-eabi/4.7.4/../../../../arm-none-eabi/lib/armv7e-m/libc_s.a(lib_a-strncpy.o)
                              project_build//home/karshan/gits/vaayu/software/mios32/trunk//FreeRTOS/Source/tasks.o (strncpy)
/home/karshan/gits/vaayu/software/gcc-arm-none-eabi-4_7-2013q3/bin/../lib/gcc/arm-none-eabi/4.7.4/../../../../arm-none-eabi/lib/armv7e-m/libc_s.a(lib_a-strtok_r.o)
                              project_build//home/karshan/gits/vaayu/software/mios32/trunk//modules/app_lcd/universal/app_lcd.o (strtok_r)

Allocating common symbols
[...]
Memory Configuration

Name             Origin             Length             Attributes
RAM              0x20000000         0x00030000         xrw
FLASH_SECTOR0    0x08000000         0x00004000         xr
FLASH_SECTOR1    0x08004000         0x00004000         xr
FLASH_SECTOR2    0x08008000         0x00004000         xr
FLASH_SECTOR3    0x0800c000         0x00004000         xr
FLASH            0x08010000         0x000f0000         xr
FLASHB1          0x00000000         0x00000000         xr
EXTMEMB0         0x00000000         0x00000000         xr
EXTMEMB1         0x00000000         0x00000000         xr
EXTMEMB2         0x00000000         0x00000000         xr
EXTMEMB3         0x00000000         0x00000000         xr
*default*        0x00000000         0xffffffff

Linker script and memory map

LOAD project_build/app.o
LOAD project_build//home/karshan/gits/vaayu/software/mios32/trunk//programming_models/traditional/main.o
LOAD project_build//home/karshan/gits/vaayu/software/mios32/trunk//programming_models/traditional/strtol.o
LOAD project_build//home/karshan/gits/vaayu/software/mios32/trunk//FreeRTOS/Source/tasks.o
LOAD project_build//home/karshan/gits/vaayu/software/mios32/trunk//FreeRTOS/Source/list.o
LOAD project_build//home/karshan/gits/vaayu/software/mios32/trunk//FreeRTOS/Source/queue.o
LOAD project_build//home/karshan/gits/vaayu/software/mios32/trunk//FreeRTOS/Source/timers.o
LOAD project_build//home/karshan/gits/vaayu/software/mios32/trunk//FreeRTOS/Source/portable/GCC/ARM_CM3/port.o
LOAD project_build//home/karshan/gits/vaayu/software/mios32/trunk//FreeRTOS/Source/portable/MemMang/umm_malloc.o
LOAD project_build//home/karshan/gits/vaayu/software/mios32/trunk//programming_models/traditional/startup_stm32f4xx.o
LOAD project_build//home/karshan/gits/vaayu/software/mios32/trunk//mios32/common/mios32_srio.o
LOAD project_build//home/karshan/gits/vaayu/software/mios32/trunk//mios32/common/mios32_din.o
LOAD project_build//home/karshan/gits/vaayu/software/mios32/trunk//mios32/common/mios32_dout.o
LOAD project_build//home/karshan/gits/vaayu/software/mios32/trunk//mios32/common/mios32_enc.o
LOAD project_build//home/karshan/gits/vaayu/software/mios32/trunk//mios32/common/mios32_lcd.o
LOAD project_build//home/karshan/gits/vaayu/software/mios32/trunk//mios32/common/mios32_midi.o
LOAD project_build//home/karshan/gits/vaayu/software/mios32/trunk//mios32/common/mios32_osc.o
LOAD project_build//home/karshan/gits/vaayu/software/mios32/trunk//mios32/common/mios32_com.o
LOAD project_build//home/karshan/gits/vaayu/software/mios32/trunk//mios32/common/mios32_uart_midi.o
LOAD project_build//home/karshan/gits/vaayu/software/mios32/trunk//mios32/common/mios32_spi_midi.o
LOAD project_build//home/karshan/gits/vaayu/software/mios32/trunk//mios32/common/mios32_iic_midi.o
LOAD project_build//home/karshan/gits/vaayu/software/mios32/trunk//mios32/common/mios32_iic_bs.o
LOAD project_build//home/karshan/gits/vaayu/software/mios32/trunk//mios32/common/mios32_mf.o
LOAD project_build//home/karshan/gits/vaayu/software/mios32/trunk//mios32/common/mios32_sdcard.o
LOAD project_build//home/karshan/gits/vaayu/software/mios32/trunk//mios32/common/mios32_enc28j60.o
LOAD project_build//home/karshan/gits/vaayu/software/mios32/trunk//mios32/common/mios32_timestamp.o
LOAD project_build//home/karshan/gits/vaayu/software/mios32/trunk//mios32/STM32F4xx/mios32_bsl.o
LOAD project_build//home/karshan/gits/vaayu/software/mios32/trunk//mios32/STM32F4xx/mios32_sys.o
LOAD project_build//home/karshan/gits/vaayu/software/mios32/trunk//mios32/STM32F4xx/mios32_irq.o
LOAD project_build//home/karshan/gits/vaayu/software/mios32/trunk//mios32/STM32F4xx/mios32_spi.o
LOAD project_build//home/karshan/gits/vaayu/software/mios32/trunk//mios32/STM32F4xx/mios32_i2s.o
LOAD project_build//home/karshan/gits/vaayu/software/mios32/trunk//mios32/STM32F4xx/mios32_board.o
LOAD project_build//home/karshan/gits/vaayu/software/mios32/trunk//mios32/STM32F4xx/mios32_timer.o
LOAD project_build//home/karshan/gits/vaayu/software/mios32/trunk//mios32/STM32F4xx/mios32_stopwatch.o
LOAD project_build//home/karshan/gits/vaayu/software/mios32/trunk//mios32/STM32F4xx/mios32_delay.o
LOAD project_build//home/karshan/gits/vaayu/software/mios32/trunk//mios32/STM32F4xx/mios32_ain.o
LOAD project_build//home/karshan/gits/vaayu/software/mios32/trunk//mios32/STM32F4xx/mios32_usb.o
LOAD project_build//home/karshan/gits/vaayu/software/mios32/trunk//mios32/STM32F4xx/mios32_usb_midi.o
LOAD project_build//home/karshan/gits/vaayu/software/mios32/trunk//mios32/STM32F4xx/mios32_usb_com.o
LOAD project_build//home/karshan/gits/vaayu/software/mios32/trunk//mios32/STM32F4xx/mios32_uart.o
LOAD project_build//home/karshan/gits/vaayu/software/mios32/trunk//mios32/STM32F4xx/mios32_iic.o
LOAD project_build//home/karshan/gits/vaayu/software/mios32/trunk//mios32/common/printf-stdarg.o
LOAD project_build//home/karshan/gits/vaayu/software/mios32/trunk//drivers/STM32F4xx/v1.1.0/STM32F4xx_StdPeriph_Driver/src/misc.o
LOAD project_build//home/karshan/gits/vaayu/software/mios32/trunk//drivers/STM32F4xx/v1.1.0/STM32F4xx_StdPeriph_Driver/src/stm32f4xx_adc.o
LOAD project_build//home/karshan/gits/vaayu/software/mios32/trunk//drivers/STM32F4xx/v1.1.0/STM32F4xx_StdPeriph_Driver/src/stm32f4xx_can.o
LOAD project_build//home/karshan/gits/vaayu/software/mios32/trunk//drivers/STM32F4xx/v1.1.0/STM32F4xx_StdPeriph_Driver/src/stm32f4xx_crc.o
LOAD project_build//home/karshan/gits/vaayu/software/mios32/trunk//drivers/STM32F4xx/v1.1.0/STM32F4xx_StdPeriph_Driver/src/stm32f4xx_cryp.o
LOAD project_build//home/karshan/gits/vaayu/software/mios32/trunk//drivers/STM32F4xx/v1.1.0/STM32F4xx_StdPeriph_Driver/src/stm32f4xx_cryp_aes.o
LOAD project_build//home/karshan/gits/vaayu/software/mios32/trunk//drivers/STM32F4xx/v1.1.0/STM32F4xx_StdPeriph_Driver/src/stm32f4xx_cryp_des.o
LOAD project_build//home/karshan/gits/vaayu/software/mios32/trunk//drivers/STM32F4xx/v1.1.0/STM32F4xx_StdPeriph_Driver/src/stm32f4xx_cryp_tdes.o
LOAD project_build//home/karshan/gits/vaayu/software/mios32/trunk//drivers/STM32F4xx/v1.1.0/STM32F4xx_StdPeriph_Driver/src/stm32f4xx_dac.o
LOAD project_build//home/karshan/gits/vaayu/software/mios32/trunk//drivers/STM32F4xx/v1.1.0/STM32F4xx_StdPeriph_Driver/src/stm32f4xx_dbgmcu.o
LOAD project_build//home/karshan/gits/vaayu/software/mios32/trunk//drivers/STM32F4xx/v1.1.0/STM32F4xx_StdPeriph_Driver/src/stm32f4xx_dcmi.o
LOAD project_build//home/karshan/gits/vaayu/software/mios32/trunk//drivers/STM32F4xx/v1.1.0/STM32F4xx_StdPeriph_Driver/src/stm32f4xx_dma.o
LOAD project_build//home/karshan/gits/vaayu/software/mios32/trunk//drivers/STM32F4xx/v1.1.0/STM32F4xx_StdPeriph_Driver/src/stm32f4xx_exti.o
LOAD project_build//home/karshan/gits/vaayu/software/mios32/trunk//drivers/STM32F4xx/v1.1.0/STM32F4xx_StdPeriph_Driver/src/stm32f4xx_flash.o
LOAD project_build//home/karshan/gits/vaayu/software/mios32/trunk//drivers/STM32F4xx/v1.1.0/STM32F4xx_StdPeriph_Driver/src/stm32f4xx_fsmc.o
LOAD project_build//home/karshan/gits/vaayu/software/mios32/trunk//drivers/STM32F4xx/v1.1.0/STM32F4xx_StdPeriph_Driver/src/stm32f4xx_gpio.o
LOAD project_build//home/karshan/gits/vaayu/software/mios32/trunk//drivers/STM32F4xx/v1.1.0/STM32F4xx_StdPeriph_Driver/src/stm32f4xx_hash.o
LOAD project_build//home/karshan/gits/vaayu/software/mios32/trunk//drivers/STM32F4xx/v1.1.0/STM32F4xx_StdPeriph_Driver/src/stm32f4xx_hash_md5.o
LOAD project_build//home/karshan/gits/vaayu/software/mios32/trunk//drivers/STM32F4xx/v1.1.0/STM32F4xx_StdPeriph_Driver/src/stm32f4xx_hash_sha1.o
LOAD project_build//home/karshan/gits/vaayu/software/mios32/trunk//drivers/STM32F4xx/v1.1.0/STM32F4xx_StdPeriph_Driver/src/stm32f4xx_i2c.o
LOAD project_build//home/karshan/gits/vaayu/software/mios32/trunk//drivers/STM32F4xx/v1.1.0/STM32F4xx_StdPeriph_Driver/src/stm32f4xx_iwdg.o
LOAD project_build//home/karshan/gits/vaayu/software/mios32/trunk//drivers/STM32F4xx/v1.1.0/STM32F4xx_StdPeriph_Driver/src/stm32f4xx_pwr.o
LOAD project_build//home/karshan/gits/vaayu/software/mios32/trunk//drivers/STM32F4xx/v1.1.0/STM32F4xx_StdPeriph_Driver/src/stm32f4xx_rcc.o
LOAD project_build//home/karshan/gits/vaayu/software/mios32/trunk//drivers/STM32F4xx/v1.1.0/STM32F4xx_StdPeriph_Driver/src/stm32f4xx_rng.o
LOAD project_build//home/karshan/gits/vaayu/software/mios32/trunk//drivers/STM32F4xx/v1.1.0/STM32F4xx_StdPeriph_Driver/src/stm32f4xx_rtc.o
LOAD project_build//home/karshan/gits/vaayu/software/mios32/trunk//drivers/STM32F4xx/v1.1.0/STM32F4xx_StdPeriph_Driver/src/stm32f4xx_sdio.o
LOAD project_build//home/karshan/gits/vaayu/software/mios32/trunk//drivers/STM32F4xx/v1.1.0/STM32F4xx_StdPeriph_Driver/src/stm32f4xx_spi.o
LOAD project_build//home/karshan/gits/vaayu/software/mios32/trunk//drivers/STM32F4xx/v1.1.0/STM32F4xx_StdPeriph_Driver/src/stm32f4xx_syscfg.o
LOAD project_build//home/karshan/gits/vaayu/software/mios32/trunk//drivers/STM32F4xx/v1.1.0/STM32F4xx_StdPeriph_Driver/src/stm32f4xx_tim.o
LOAD project_build//home/karshan/gits/vaayu/software/mios32/trunk//drivers/STM32F4xx/v1.1.0/STM32F4xx_StdPeriph_Driver/src/stm32f4xx_usart.o
LOAD project_build//home/karshan/gits/vaayu/software/mios32/trunk//drivers/STM32F4xx/v1.1.0/STM32F4xx_StdPeriph_Driver/src/stm32f4xx_wwdg.o
LOAD project_build//home/karshan/gits/vaayu/software/mios32/trunk//drivers/STM32F4xx/v1.1.0/STM32_USB_Device_Library/Core/src/usbd_core.o
LOAD project_build//home/karshan/gits/vaayu/software/mios32/trunk//drivers/STM32F4xx/v1.1.0/STM32_USB_Device_Library/Core/src/usbd_ioreq.o
LOAD project_build//home/karshan/gits/vaayu/software/mios32/trunk//drivers/STM32F4xx/v1.1.0/STM32_USB_Device_Library/Core/src/usbd_req.o
LOAD project_build//home/karshan/gits/vaayu/software/mios32/trunk//drivers/STM32F4xx/v1.1.0/STM32_USB_HOST_Library/Core/src/usbh_core.o
LOAD project_build//home/karshan/gits/vaayu/software/mios32/trunk//drivers/STM32F4xx/v1.1.0/STM32_USB_HOST_Library/Core/src/usbh_hcs.o
LOAD project_build//home/karshan/gits/vaayu/software/mios32/trunk//drivers/STM32F4xx/v1.1.0/STM32_USB_HOST_Library/Core/src/usbh_ioreq.o
LOAD project_build//home/karshan/gits/vaayu/software/mios32/trunk//drivers/STM32F4xx/v1.1.0/STM32_USB_HOST_Library/Core/src/usbh_stdreq.o
LOAD project_build//home/karshan/gits/vaayu/software/mios32/trunk//drivers/STM32F4xx/v1.1.0/STM32_USB_OTG_Driver/src/usb_core.o
LOAD project_build//home/karshan/gits/vaayu/software/mios32/trunk//drivers/STM32F4xx/v1.1.0/STM32_USB_OTG_Driver/src/usb_dcd.o
LOAD project_build//home/karshan/gits/vaayu/software/mios32/trunk//drivers/STM32F4xx/v1.1.0/STM32_USB_OTG_Driver/src/usb_dcd_int.o
LOAD project_build//home/karshan/gits/vaayu/software/mios32/trunk//drivers/STM32F4xx/v1.1.0/STM32_USB_OTG_Driver/src/usb_hcd.o
LOAD project_build//home/karshan/gits/vaayu/software/mios32/trunk//drivers/STM32F4xx/v1.1.0/STM32_USB_OTG_Driver/src/usb_hcd_int.o
LOAD project_build//home/karshan/gits/vaayu/software/mios32/trunk//drivers/STM32F4xx/v1.1.0/STM32_USB_OTG_Driver/src/usb_otg.o
LOAD project_build//home/karshan/gits/vaayu/software/mios32/trunk//modules/app_lcd/universal/app_lcd.o
LOAD project_build//home/karshan/gits/vaayu/software/mios32/trunk//modules/glcd_font/glcd_font_normal.o
LOAD project_build//home/karshan/gits/vaayu/software/mios32/trunk//modules/glcd_font/glcd_font_normal_inv.o
LOAD project_build//home/karshan/gits/vaayu/software/mios32/trunk//modules/glcd_font/glcd_font_big.o
LOAD project_build//home/karshan/gits/vaayu/software/mios32/trunk//modules/glcd_font/glcd_font_small.o
LOAD project_build//home/karshan/gits/vaayu/software/mios32/trunk//modules/glcd_font/glcd_font_tiny.o
LOAD project_build//home/karshan/gits/vaayu/software/mios32/trunk//modules/glcd_font/glcd_font_knob_icons.o
LOAD project_build//home/karshan/gits/vaayu/software/mios32/trunk//modules/glcd_font/glcd_font_meter_icons_h.o
LOAD project_build//home/karshan/gits/vaayu/software/mios32/trunk//modules/glcd_font/glcd_font_meter_icons_v.o
LOAD project_build//home/karshan/gits/vaayu/software/mios32/trunk//programming_models/traditional/mini_cpp.o
LOAD project_build//home/karshan/gits/vaayu/software/mios32/trunk//programming_models/traditional/freertos_heap.o
LOAD /home/karshan/gits/vaayu/software/gcc-arm-none-eabi-4_7-2013q3/bin/../lib/gcc/arm-none-eabi/4.7.4/../../../../arm-none-eabi/lib/armv7e-m/libstdc++_s.a
START GROUP
LOAD /home/karshan/gits/vaayu/software/gcc-arm-none-eabi-4_7-2013q3/bin/../lib/gcc/arm-none-eabi/4.7.4/armv7e-m/libgcc.a
LOAD /home/karshan/gits/vaayu/software/gcc-arm-none-eabi-4_7-2013q3/bin/../lib/gcc/arm-none-eabi/4.7.4/../../../../arm-none-eabi/lib/armv7e-m/libc_s.a
END GROUP
                0x20020000                _estack = 0x20020000
                0x00000080                __Stack_Size = 0x80
                0x00000080                PROVIDE (_Stack_Size, __Stack_Size)
                0x2001ff80                __Stack_Init = (_estack - __Stack_Size)
                0x2001ff80                PROVIDE (_Stack_Init, __Stack_Init)
                0x00000100                _Minimum_Stack_Size = 0x100
                0x42000000                PERIPH_BB_BASE = 0x42000000
                0x22000000                SRAM_BB_BASE = 0x22000000
                0x20000000                SRAM_BASE = 0x20000000
                0x40000000                PERIPH_BASE = 0x40000000
                0x40022000                PROVIDE (FLASH_BASE, 0x40022000)
                0x1ffff800                PROVIDE (OB_BASE, 0x1ffff800)
                0x40000000                APB1PERIPH_BASE = PERIPH_BASE
                0x40010000                APB2PERIPH_BASE = (PERIPH_BASE + 0x10000)
                0x40020000                AHBPERIPH_BASE = (PERIPH_BASE + 0x20000)
                0x40000000                PROVIDE (TIM2, (APB1PERIPH_BASE + 0x0))
                0x40000400                PROVIDE (TIM3, (APB1PERIPH_BASE + 0x400))
                0x40000800                PROVIDE (TIM4, (APB1PERIPH_BASE + 0x800))
                0x40002800                PROVIDE (RTC, (APB1PERIPH_BASE + 0x2800))
                0x40002c00                PROVIDE (WWDG, (APB1PERIPH_BASE + 0x2c00))
                0x40003000                PROVIDE (IWDG, (APB1PERIPH_BASE + 0x3000))
                0x40003800                PROVIDE (SPI2, (APB1PERIPH_BASE + 0x3800))
                0x40004400                PROVIDE (USART2, (APB1PERIPH_BASE + 0x4400))
                0x40004800                PROVIDE (USART3, (APB1PERIPH_BASE + 0x4800))
                0x40005400                PROVIDE (I2C1, (APB1PERIPH_BASE + 0x5400))
                0x40005800                PROVIDE (I2C2, (APB1PERIPH_BASE + 0x5800))
                0x40006400                PROVIDE (CAN, (APB1PERIPH_BASE + 0x6400))
                0x40006c00                PROVIDE (BKP, (APB1PERIPH_BASE + 0x6c00))
                0x40007000                PROVIDE (PWR, (APB1PERIPH_BASE + 0x7000))
                0x40010000                PROVIDE (AFIO, (APB2PERIPH_BASE + 0x0))
                0x40010400                PROVIDE (EXTI, (APB2PERIPH_BASE + 0x400))
                0x40010800                PROVIDE (GPIOA, (APB2PERIPH_BASE + 0x800))
                0x40010c00                PROVIDE (GPIOB, (APB2PERIPH_BASE + 0xc00))
                0x40011000                PROVIDE (GPIOC, (APB2PERIPH_BASE + 0x1000))
                0x40011400                PROVIDE (GPIOD, (APB2PERIPH_BASE + 0x1400))
                0x40011800                PROVIDE (GPIOE, (APB2PERIPH_BASE + 0x1800))
                0x40012400                PROVIDE (ADC1, (APB2PERIPH_BASE + 0x2400))
                0x40012800                PROVIDE (ADC2, (APB2PERIPH_BASE + 0x2800))
                0x40012c00                PROVIDE (TIM1, (APB2PERIPH_BASE + 0x2c00))
                0x40013000                PROVIDE (SPI1, (APB2PERIPH_BASE + 0x3000))
                0x40013800                PROVIDE (USART1, (APB2PERIPH_BASE + 0x3800))
                0x40020000                PROVIDE (DMA, (AHBPERIPH_BASE + 0x0))
                0x40020008                PROVIDE (DMA_Channel1, (AHBPERIPH_BASE + 0x8))
                0x4002001c                PROVIDE (DMA_Channel2, (AHBPERIPH_BASE + 0x1c))
                0x40020030                PROVIDE (DMA_Channel3, (AHBPERIPH_BASE + 0x30))
                0x40020044                PROVIDE (DMA_Channel4, (AHBPERIPH_BASE + 0x44))
                0x40020058                PROVIDE (DMA_Channel5, (AHBPERIPH_BASE + 0x58))
                0x4002006c                PROVIDE (DMA_Channel6, (AHBPERIPH_BASE + 0x6c))
                0x40020080                PROVIDE (DMA_Channel7, (AHBPERIPH_BASE + 0x80))
                0x40021000                PROVIDE (RCC, (AHBPERIPH_BASE + 0x1000))
                0xe000e000                SCS_BASE = 0xe000e000
                0xe000e010                PROVIDE (SysTick, (SCS_BASE + 0x10))
                0xe000e100                PROVIDE (NVIC, (SCS_BASE + 0x100))
                0xe000ed00                PROVIDE (SCB, (SCS_BASE + 0xd00))

.mios32_bsl     0x08000000     0x4000
                0x08000000                . = ALIGN (0x4)
 *(.mios32_bsl)
 .mios32_bsl    0x08000000     0x4000 project_build//home/karshan/gits/vaayu/software/mios32/trunk//mios32/STM32F4xx/mios32_bsl.o
                0x08000000                mios32_bsl_image
                0x08004000                . = ALIGN (0x4)

.isr_vector     0x08004000      0x188
                0x08004000                _mios32_sys_isr_vector = .
                0x08004000                . = ALIGN (0x4)
 *(.isr_vector)
 .isr_vector    0x08004000      0x188 project_build//home/karshan/gits/vaayu/software/mios32/trunk//programming_models/traditional/startup_stm32f4xx.o
                0x08004000                g_pfnVectors
                0x08004188                . = ALIGN (0x4)
                0x08004000                PROVIDE (mios32_sys_isr_vector, _mios32_sys_isr_vector)

.flashtext      0x08010000        0x0
                0x08010000                . = ALIGN (0x4)
 *(.flashtext)
                0x08010000                . = ALIGN (0x4)

.text           0x08010000     0x7e2c
                0x08010000                . = ALIGN (0x4)
 CREATE_OBJECT_SYMBOLS
 *(.text .text.* .gnu.linkonce.t.*)
 .text.init_led_state
                0x08010000       0x1c project_build/app.o
                0x08010000                init_led_state
 .text.init_encoder_state
                0x0801001c       0x20 project_build/app.o
                0x0801001c                init_encoder_state
 .text.APP_Init
                0x0801003c       0x66 project_build/app.o
                0x0801003c                APP_Init
 .text.APP_Background
                0x080100a2        0x2 project_build/app.o
                0x080100a2                APP_Background
 .text.APP_MIDI_NotifyPackage
                0x080100a4        0x2 project_build/app.o
                0x080100a4                APP_MIDI_NotifyPackage
 .text.encoder_transition
                0x080100a6       0x56 project_build/app.o
                0x080100a6                encoder_transition
 .text.color_wheel
                0x080100fc       0x5e project_build/app.o
                0x080100fc                color_wheel
 .text.encoder_color_1
                0x0801015a        0xe project_build/app.o
                0x0801015a                encoder_color_1
 .text.encoder_color_2
                0x08010168       0x24 project_build/app.o
                0x08010168                encoder_color_2
 .text.get_button_val
                0x0801018c       0x2c project_build/app.o
                0x0801018c                get_button_val
 .text.po_clk   0x080101b8       0x26 project_build/app.o
                0x080101b8                po_clk
 .text.read_current_col
                0x080101de       0x56 project_build/app.o
                0x080101de                read_current_col
 .text.read_buttons
                0x08010234       0x54 project_build/app.o
                0x08010234                read_buttons
 .text.led_col_row_to_number
                0x08010288       0x48 project_build/app.o
                0x08010288                led_col_row_to_number
 .text.ws2812_low
                0x080102d0      0x106 project_build/app.o
                0x080102d0                ws2812_low
 .text.ws2812_high
                0x080103d6      0x106 project_build/app.o
                0x080103d6                ws2812_high
 .text.ws2812_shiftOut
                0x080104dc       0x24 project_build/app.o
                0x080104dc                ws2812_shiftOut
 .text.write_leds
                0x08010500       0x64 project_build/app.o
                0x08010500                write_leds
 .text.APP_Tick
                0x08010564      0x31c project_build/app.o
                0x08010564                APP_Tick
 .text.TASK_Hooks
                0x08010880       0x24 project_build//home/karshan/gits/vaayu/software/mios32/trunk//programming_models/traditional/main.o
 .text.APP_MIDI_Tick
                0x080108a4        0x2 project_build//home/karshan/gits/vaayu/software/mios32/trunk//programming_models/traditional/main.o
                0x080108a4                APP_MIDI_Tick
 *fill*         0x080108a6        0x2 00
 .text.TASK_MIDI_Hooks
                0x080108a8       0x34 project_build//home/karshan/gits/vaayu/software/mios32/trunk//programming_models/traditional/main.o
 .text.startup.main
                0x080108dc       0x90 project_build//home/karshan/gits/vaayu/software/mios32/trunk//programming_models/traditional/main.o
                0x080108dc                main
 .text.vApplicationTickHook
                0x0801096c        0x4 project_build//home/karshan/gits/vaayu/software/mios32/trunk//programming_models/traditional/main.o
                0x0801096c                vApplicationTickHook
 .text.vApplicationIdleHook
                0x08010970        0x4 project_build//home/karshan/gits/vaayu/software/mios32/trunk//programming_models/traditional/main.o
                0x08010970                vApplicationIdleHook
 .text._abort   0x08010974       0x40 project_build//home/karshan/gits/vaayu/software/mios32/trunk//programming_models/traditional/main.o
                0x08010974                _abort
 .text.HardFault_Handler_c
                0x080109b4      0x10c project_build//home/karshan/gits/vaayu/software/mios32/trunk//programming_models/traditional/main.o
                0x080109b4                HardFault_Handler_c
 .text.HardFault_Handler
                0x08010ac0       0x14 project_build//home/karshan/gits/vaayu/software/mios32/trunk//programming_models/traditional/main.o
                0x08010ac0                HardFault_Handler
 .text.prvAddCurrentTaskToDelayedList
                0x08010ad4       0x50 project_build//home/karshan/gits/vaayu/software/mios32/trunk//FreeRTOS/Source/tasks.o
 .text.xTaskGenericCreate
                0x08010b24      0x194 project_build//home/karshan/gits/vaayu/software/mios32/trunk//FreeRTOS/Source/tasks.o
                0x08010b24                xTaskGenericCreate
 .text.vTaskStartScheduler
                0x08010cb8       0x4c project_build//home/karshan/gits/vaayu/software/mios32/trunk//FreeRTOS/Source/tasks.o
                0x08010cb8                vTaskStartScheduler
 .text.vTaskSuspendAll
                0x08010d04       0x10 project_build//home/karshan/gits/vaayu/software/mios32/trunk//FreeRTOS/Source/tasks.o
                0x08010d04                vTaskSuspendAll
 .text.xTaskGetTickCount
                0x08010d14       0x18 project_build//home/karshan/gits/vaayu/software/mios32/trunk//FreeRTOS/Source/tasks.o
                0x08010d14                xTaskGetTickCount
 .text.vTaskIncrementTick
                0x08010d2c       0xec project_build//home/karshan/gits/vaayu/software/mios32/trunk//FreeRTOS/Source/tasks.o
                0x08010d2c                vTaskIncrementTick
 .text.xTaskResumeAll
                0x08010e18       0xc4 project_build//home/karshan/gits/vaayu/software/mios32/trunk//FreeRTOS/Source/tasks.o
                0x08010e18                xTaskResumeAll
 .text.prvIdleTask
                0x08010edc       0x68 project_build//home/karshan/gits/vaayu/software/mios32/trunk//FreeRTOS/Source/tasks.o
 .text.vTaskDelayUntil
                0x08010f44       0x78 project_build//home/karshan/gits/vaayu/software/mios32/trunk//FreeRTOS/Source/tasks.o
                0x08010f44                vTaskDelayUntil
 .text.vTaskSwitchContext
                0x08010fbc       0x54 project_build//home/karshan/gits/vaayu/software/mios32/trunk//FreeRTOS/Source/tasks.o
                0x08010fbc                vTaskSwitchContext
 .text.vListInitialise
                0x08011010       0x16 project_build//home/karshan/gits/vaayu/software/mios32/trunk//FreeRTOS/Source/list.o
                0x08011010                vListInitialise
 .text.vListInitialiseItem
                0x08011026        0x6 project_build//home/karshan/gits/vaayu/software/mios32/trunk//FreeRTOS/Source/list.o
                0x08011026                vListInitialiseItem
 .text.vListInsertEnd
                0x0801102c       0x1a project_build//home/karshan/gits/vaayu/software/mios32/trunk//FreeRTOS/Source/list.o
                0x0801102c                vListInsertEnd
 .text.vListInsert
                0x08011046       0x30 project_build//home/karshan/gits/vaayu/software/mios32/trunk//FreeRTOS/Source/list.o
                0x08011046                vListInsert
 .text.uxListRemove
                0x08011076       0x22 project_build//home/karshan/gits/vaayu/software/mios32/trunk//FreeRTOS/Source/list.o
                0x08011076                uxListRemove
 .text.prvPortStartFirstTask
                0x08011098       0x14 project_build//home/karshan/gits/vaayu/software/mios32/trunk//FreeRTOS/Source/portable/GCC/ARM_CM3/port.o
 .text.pxPortInitialiseStack
                0x080110ac       0x16 project_build//home/karshan/gits/vaayu/software/mios32/trunk//FreeRTOS/Source/portable/GCC/ARM_CM3/port.o
                0x080110ac                pxPortInitialiseStack
 *fill*         0x080110c2        0x2 00
 .text.vPortSVCHandler
                0x080110c4       0x20 project_build//home/karshan/gits/vaayu/software/mios32/trunk//FreeRTOS/Source/portable/GCC/ARM_CM3/port.o
                0x080110c4                vPortSVCHandler
 .text.vPortYieldFromISR
                0x080110e4       0x10 project_build//home/karshan/gits/vaayu/software/mios32/trunk//FreeRTOS/Source/portable/GCC/ARM_CM3/port.o
                0x080110e4                vPortYieldFromISR
 .text.ulPortSetInterruptMask
                0x080110f4       0x10 project_build//home/karshan/gits/vaayu/software/mios32/trunk//FreeRTOS/Source/portable/GCC/ARM_CM3/port.o
                0x080110f4                ulPortSetInterruptMask
 .text.vPortEnterCritical
                0x08011104       0x14 project_build//home/karshan/gits/vaayu/software/mios32/trunk//FreeRTOS/Source/portable/GCC/ARM_CM3/port.o
                0x08011104                vPortEnterCritical
 .text.vPortClearInterruptMask
                0x08011118        0x6 project_build//home/karshan/gits/vaayu/software/mios32/trunk//FreeRTOS/Source/portable/GCC/ARM_CM3/port.o
                0x08011118                vPortClearInterruptMask
 *fill*         0x0801111e        0x2 00
 .text.vPortExitCritical
                0x08011120       0x14 project_build//home/karshan/gits/vaayu/software/mios32/trunk//FreeRTOS/Source/portable/GCC/ARM_CM3/port.o
                0x08011120                vPortExitCritical
 .text.xPortPendSVHandler
                0x08011134       0x3c project_build//home/karshan/gits/vaayu/software/mios32/trunk//FreeRTOS/Source/portable/GCC/ARM_CM3/port.o
                0x08011134                xPortPendSVHandler
 .text.xPortSysTickHandler
                0x08011170       0x20 project_build//home/karshan/gits/vaayu/software/mios32/trunk//FreeRTOS/Source/portable/GCC/ARM_CM3/port.o
                0x08011170                xPortSysTickHandler
 .text.vPortSetupTimerInterrupt
                0x08011190       0x18 project_build//home/karshan/gits/vaayu/software/mios32/trunk//FreeRTOS/Source/portable/GCC/ARM_CM3/port.o
                0x08011190                vPortSetupTimerInterrupt
 .text.xPortStartScheduler
                0x080111a8       0x30 project_build//home/karshan/gits/vaayu/software/mios32/trunk//FreeRTOS/Source/portable/GCC/ARM_CM3/port.o
                0x080111a8                xPortStartScheduler
 .text.umm_disconnect_from_free_list
                0x080111d8       0x2c project_build//home/karshan/gits/vaayu/software/mios32/trunk//FreeRTOS/Source/portable/MemMang/umm_malloc.o
 .text.umm_assimilate_up
                0x08011204       0x4c project_build//home/karshan/gits/vaayu/software/mios32/trunk//FreeRTOS/Source/portable/MemMang/umm_malloc.o
 .text.vPortFree
                0x08011250       0x74 project_build//home/karshan/gits/vaayu/software/mios32/trunk//FreeRTOS/Source/portable/MemMang/umm_malloc.o
                0x08011250                vPortFree
 .text.pvPortMalloc
                0x080112c4      0x11c project_build//home/karshan/gits/vaayu/software/mios32/trunk//FreeRTOS/Source/portable/MemMang/umm_malloc.o
                0x080112c4                pvPortMalloc
 .text.Default_Handler
                0x080113e0        0x2 project_build//home/karshan/gits/vaayu/software/mios32/trunk//programming_models/traditional/startup_stm32f4xx.o
                0x080113e0                RTC_Alarm_IRQHandler
                0x080113e0                HASH_RNG_IRQHandler
                0x080113e0                EXTI2_IRQHandler
                0x080113e0                TIM8_CC_IRQHandler
                0x080113e0                DebugMon_Handler
                0x080113e0                TIM1_CC_IRQHandler
                0x080113e0                DMA2_Stream5_IRQHandler
                0x080113e0                DMA1_Stream5_IRQHandler
                0x080113e0                SysTick_Handler
                0x080113e0                PVD_IRQHandler
                0x080113e0                SDIO_IRQHandler
                0x080113e0                TAMP_STAMP_IRQHandler
                0x080113e0                PendSV_Handler
                0x080113e0                NMI_Handler
                0x080113e0                CAN2_RX1_IRQHandler
                0x080113e0                EXTI3_IRQHandler
                0x080113e0                TIM8_TRG_COM_TIM14_IRQHandler
                0x080113e0                TIM1_UP_TIM10_IRQHandler
                0x080113e0                TIM8_UP_TIM13_IRQHandler
                0x080113e0                I2C3_ER_IRQHandler
                0x080113e0                EXTI0_IRQHandler
                0x080113e0                DMA1_Stream2_IRQHandler
                0x080113e0                CAN1_RX0_IRQHandler
                0x080113e0                FPU_IRQHandler
                0x080113e0                OTG_HS_WKUP_IRQHandler
                0x080113e0                UsageFault_Handler
                0x080113e0                CAN2_SCE_IRQHandler
                0x080113e0                DMA2_Stream2_IRQHandler
                0x080113e0                SPI1_IRQHandler
                0x080113e0                TIM6_DAC_IRQHandler
                0x080113e0                TIM1_BRK_TIM9_IRQHandler
                0x080113e0                DCMI_IRQHandler
                0x080113e0                CAN2_RX0_IRQHandler
                0x080113e0                DMA2_Stream3_IRQHandler
                0x080113e0                USART6_IRQHandler
                0x080113e0                CRYP_IRQHandler
                0x080113e0                CAN1_RX1_IRQHandler
                0x080113e0                UART5_IRQHandler
                0x080113e0                DMA2_Stream0_IRQHandler
                0x080113e0                TIM4_IRQHandler
                0x080113e0                DMA1_Stream6_IRQHandler
                0x080113e0                DMA1_Stream1_IRQHandler
                0x080113e0                UART4_IRQHandler
                0x080113e0                RCC_IRQHandler
                0x080113e0                TIM8_BRK_TIM12_IRQHandler
                0x080113e0                Default_Handler
                0x080113e0                EXTI15_10_IRQHandler
                0x080113e0                ADC_IRQHandler
                0x080113e0                DMA1_Stream7_IRQHandler
                0x080113e0                TIM7_IRQHandler
                0x080113e0                CAN2_TX_IRQHandler
                0x080113e0                DMA2_Stream7_IRQHandler
                0x080113e0                I2C3_EV_IRQHandler
                0x080113e0                EXTI9_5_IRQHandler
                0x080113e0                RTC_WKUP_IRQHandler
                0x080113e0                ETH_WKUP_IRQHandler
                0x080113e0                SPI2_IRQHandler
                0x080113e0                OTG_HS_EP1_IN_IRQHandler
                0x080113e0                MemManage_Handler
                0x080113e0                DMA1_Stream0_IRQHandler
                0x080113e0                CAN1_TX_IRQHandler
                0x080113e0                SVC_Handler
                0x080113e0                EXTI4_IRQHandler
                0x080113e0                FSMC_IRQHandler
                0x080113e0                ETH_IRQHandler
                0x080113e0                OTG_HS_EP1_OUT_IRQHandler
                0x080113e0                WWDG_IRQHandler
                0x080113e0                OTG_FS_WKUP_IRQHandler
                0x080113e0                TIM1_TRG_COM_TIM11_IRQHandler
                0x080113e0                OTG_HS_IRQHandler
                0x080113e0                EXTI1_IRQHandler
                0x080113e0                DMA2_Stream1_IRQHandler
                0x080113e0                CAN1_SCE_IRQHandler
                0x080113e0                FLASH_IRQHandler
                0x080113e0                DMA2_Stream4_IRQHandler
                0x080113e0                BusFault_Handler
                0x080113e0                USART1_IRQHandler
                0x080113e0                SPI3_IRQHandler
                0x080113e0                DMA1_Stream4_IRQHandler
                0x080113e0                DMA2_Stream6_IRQHandler
                0x080113e0                DMA1_Stream3_IRQHandler
 *fill*         0x080113e2        0x2 00
 .text.Reset_Handler
                0x080113e4       0x4c project_build//home/karshan/gits/vaayu/software/mios32/trunk//programming_models/traditional/startup_stm32f4xx.o
                0x080113e4                Reset_Handler
 .text._init    0x08011430        0x2 project_build//home/karshan/gits/vaayu/software/mios32/trunk//programming_models/traditional/startup_stm32f4xx.o
                0x08011430                _init
 *fill*         0x08011432        0x2 00
 .text.MIOS32_MIDI_Init
                0x08011434       0xc8 project_build//home/karshan/gits/vaayu/software/mios32/trunk//mios32/common/mios32_midi.o
                0x08011434                MIOS32_MIDI_Init
 .text.MIOS32_MIDI_SendPackage
                0x080114fc       0x84 project_build//home/karshan/gits/vaayu/software/mios32/trunk//mios32/common/mios32_midi.o
                0x080114fc                MIOS32_MIDI_SendPackage
 .text.MIOS32_MIDI_SendEvent
                0x08011580       0x1e project_build//home/karshan/gits/vaayu/software/mios32/trunk//mios32/common/mios32_midi.o
                0x08011580                MIOS32_MIDI_SendEvent
 .text.MIOS32_MIDI_SendNoteOn
                0x0801159e        0x8 project_build//home/karshan/gits/vaayu/software/mios32/trunk//mios32/common/mios32_midi.o
                0x0801159e                MIOS32_MIDI_SendNoteOn
 .text.MIOS32_MIDI_SendCC
                0x080115a6        0x8 project_build//home/karshan/gits/vaayu/software/mios32/trunk//mios32/common/mios32_midi.o
                0x080115a6                MIOS32_MIDI_SendCC
 .text.MIOS32_MIDI_SendSysEx
                0x080115ae       0x82 project_build//home/karshan/gits/vaayu/software/mios32/trunk//mios32/common/mios32_midi.o
                0x080115ae                MIOS32_MIDI_SendSysEx
 .text.MIOS32_MIDI_SYSEX_SendAckStr
                0x08011630       0x5c project_build//home/karshan/gits/vaayu/software/mios32/trunk//mios32/common/mios32_midi.o
 .text.MIOS32_MIDI_SYSEX_SendAck
                0x0801168c       0x48 project_build//home/karshan/gits/vaayu/software/mios32/trunk//mios32/common/mios32_midi.o
 .text.MIOS32_MIDI_SendDebugStringHeader
                0x080116d4       0x68 project_build//home/karshan/gits/vaayu/software/mios32/trunk//mios32/common/mios32_midi.o
                0x080116d4                MIOS32_MIDI_SendDebugStringHeader
 .text.MIOS32_MIDI_SendDebugStringBody
                0x0801173c       0x6a project_build//home/karshan/gits/vaayu/software/mios32/trunk//mios32/common/mios32_midi.o
                0x0801173c                MIOS32_MIDI_SendDebugStringBody
 .text.MIOS32_MIDI_SendDebugStringFooter
                0x080117a6       0x1a project_build//home/karshan/gits/vaayu/software/mios32/trunk//mios32/common/mios32_midi.o
                0x080117a6                MIOS32_MIDI_SendDebugStringFooter
 .text.MIOS32_MIDI_SendDebugString
                0x080117c0       0x38 project_build//home/karshan/gits/vaayu/software/mios32/trunk//mios32/common/mios32_midi.o
                0x080117c0                MIOS32_MIDI_SendDebugString
 .text.MIOS32_MIDI_SendDebugMessage
                0x080117f8       0x50 project_build//home/karshan/gits/vaayu/software/mios32/trunk//mios32/common/mios32_midi.o
                0x080117f8                MIOS32_MIDI_SendDebugMessage
 .text.MIOS32_MIDI_TimeOut
                0x08011848       0x50 project_build//home/karshan/gits/vaayu/software/mios32/trunk//mios32/common/mios32_midi.o
 .text.MIOS32_MIDI_Periodic_mS
                0x08011898       0x34 project_build//home/karshan/gits/vaayu/software/mios32/trunk//mios32/common/mios32_midi.o
                0x08011898                MIOS32_MIDI_Periodic_mS
 .text.MIOS32_MIDI_SendByteToRxCallback
                0x080118cc       0x14 project_build//home/karshan/gits/vaayu/software/mios32/trunk//mios32/common/mios32_midi.o
                0x080118cc                MIOS32_MIDI_SendByteToRxCallback
 .text.MIOS32_MIDI_SendPackageToRxCallback
                0x080118e0       0x50 project_build//home/karshan/gits/vaayu/software/mios32/trunk//mios32/common/mios32_midi.o
                0x080118e0                MIOS32_MIDI_SendPackageToRxCallback
 .text.MIOS32_MIDI_DebugPortSet
                0x08011930       0x18 project_build//home/karshan/gits/vaayu/software/mios32/trunk//mios32/common/mios32_midi.o
                0x08011930                MIOS32_MIDI_DebugPortSet
 .text.MIOS32_MIDI_SYSEX_Cmd
                0x08011948      0x1b4 project_build//home/karshan/gits/vaayu/software/mios32/trunk//mios32/common/mios32_midi.o
 .text.MIOS32_MIDI_SYSEX_Parser
                0x08011afc       0xd8 project_build//home/karshan/gits/vaayu/software/mios32/trunk//mios32/common/mios32_midi.o
 .text.MIOS32_MIDI_ReceivePackage
                0x08011bd4      0x22c project_build//home/karshan/gits/vaayu/software/mios32/trunk//mios32/common/mios32_midi.o
                0x08011bd4                MIOS32_MIDI_ReceivePackage
 .text.MIOS32_MIDI_Receive_Handler
                0x08011e00      0x11c project_build//home/karshan/gits/vaayu/software/mios32/trunk//mios32/common/mios32_midi.o
                0x08011e00                MIOS32_MIDI_Receive_Handler
 .text.MIOS32_OSC_Init
                0x08011f1c        0xc project_build//home/karshan/gits/vaayu/software/mios32/trunk//mios32/common/mios32_osc.o
                0x08011f1c                MIOS32_OSC_Init
 .text.MIOS32_UART_MIDI_RS_Reset
                0x08011f28       0x30 project_build//home/karshan/gits/vaayu/software/mios32/trunk//mios32/common/mios32_uart_midi.o
                0x08011f28                MIOS32_UART_MIDI_RS_Reset
 .text.MIOS32_UART_MIDI_Init
                0x08011f58       0x4c project_build//home/karshan/gits/vaayu/software/mios32/trunk//mios32/common/mios32_uart_midi.o
                0x08011f58                MIOS32_UART_MIDI_Init
 .text.MIOS32_UART_MIDI_Periodic_mS
                0x08011fa4       0x50 project_build//home/karshan/gits/vaayu/software/mios32/trunk//mios32/common/mios32_uart_midi.o
                0x08011fa4                MIOS32_UART_MIDI_Periodic_mS
 .text.MIOS32_UART_MIDI_PackageSend_NonBlocking
                0x08011ff4       0xb8 project_build//home/karshan/gits/vaayu/software/mios32/trunk//mios32/common/mios32_uart_midi.o
                0x08011ff4                MIOS32_UART_MIDI_PackageSend_NonBlocking
 .text.MIOS32_UART_MIDI_PackageSend
                0x080120ac       0x14 project_build//home/karshan/gits/vaayu/software/mios32/trunk//mios32/common/mios32_uart_midi.o
                0x080120ac                MIOS32_UART_MIDI_PackageSend
 .text.MIOS32_UART_MIDI_PackageReceive
                0x080120c0      0x1b0 project_build//home/karshan/gits/vaayu/software/mios32/trunk//mios32/common/mios32_uart_midi.o
                0x080120c0                MIOS32_UART_MIDI_PackageReceive
 .text.MIOS32_SPI_MIDI_Periodic_mS
                0x08012270        0x4 project_build//home/karshan/gits/vaayu/software/mios32/trunk//mios32/common/mios32_spi_midi.o
                0x08012270                MIOS32_SPI_MIDI_Periodic_mS
 .text.MIOS32_IIC_MIDI_Init
                0x08012274        0x6 project_build//home/karshan/gits/vaayu/software/mios32/trunk//mios32/common/mios32_iic_midi.o
                0x08012274                MIOS32_IIC_MIDI_Init
 .text.MIOS32_IIC_MIDI_Periodic_mS
                0x0801227a        0x4 project_build//home/karshan/gits/vaayu/software/mios32/trunk//mios32/common/mios32_iic_midi.o
                0x0801227a                MIOS32_IIC_MIDI_Periodic_mS
 .text.MIOS32_IIC_MIDI_PackageSend
                0x0801227e        0x6 project_build//home/karshan/gits/vaayu/software/mios32/trunk//mios32/common/mios32_iic_midi.o
                0x0801227e                MIOS32_IIC_MIDI_PackageSend
 .text.MIOS32_TIMESTAMP_Init
                0x08012284       0x14 project_build//home/karshan/gits/vaayu/software/mios32/trunk//mios32/common/mios32_timestamp.o
                0x08012284                MIOS32_TIMESTAMP_Init
 .text.MIOS32_TIMESTAMP_Inc
                0x08012298       0x10 project_build//home/karshan/gits/vaayu/software/mios32/trunk//mios32/common/mios32_timestamp.o
                0x08012298                MIOS32_TIMESTAMP_Inc
 .text.MIOS32_SYS_Reset
                0x080122a8       0x84 project_build//home/karshan/gits/vaayu/software/mios32/trunk//mios32/STM32F4xx/mios32_sys.o
                0x080122a8                MIOS32_SYS_Reset
 .text.MIOS32_SYS_ChipIDGet
                0x0801232c        0xc project_build//home/karshan/gits/vaayu/software/mios32/trunk//mios32/STM32F4xx/mios32_sys.o
                0x0801232c                MIOS32_SYS_ChipIDGet
 .text.MIOS32_SYS_FlashSizeGet
                0x08012338       0x10 project_build//home/karshan/gits/vaayu/software/mios32/trunk//mios32/STM32F4xx/mios32_sys.o
                0x08012338                MIOS32_SYS_FlashSizeGet
 .text.MIOS32_SYS_RAMSizeGet
                0x08012348        0x6 project_build//home/karshan/gits/vaayu/software/mios32/trunk//mios32/STM32F4xx/mios32_sys.o
                0x08012348                MIOS32_SYS_RAMSizeGet
 *fill*         0x0801234e        0x2 00
 .text.MIOS32_SYS_SerialNumberGet
                0x08012350       0x34 project_build//home/karshan/gits/vaayu/software/mios32/trunk//mios32/STM32F4xx/mios32_sys.o
                0x08012350                MIOS32_SYS_SerialNumberGet
 .text.MIOS32_SYS_TimeSet
                0x08012384       0x7c project_build//home/karshan/gits/vaayu/software/mios32/trunk//mios32/STM32F4xx/mios32_sys.o
                0x08012384                MIOS32_SYS_TimeSet
 .text.MIOS32_SYS_Init
                0x08012400      0x130 project_build//home/karshan/gits/vaayu/software/mios32/trunk//mios32/STM32F4xx/mios32_sys.o
                0x08012400                MIOS32_SYS_Init
 .text.MIOS32_IRQ_Disable
                0x08012530       0x28 project_build//home/karshan/gits/vaayu/software/mios32/trunk//mios32/STM32F4xx/mios32_irq.o
                0x08012530                MIOS32_IRQ_Disable
 .text.MIOS32_IRQ_Enable
                0x08012558       0x28 project_build//home/karshan/gits/vaayu/software/mios32/trunk//mios32/STM32F4xx/mios32_irq.o
                0x08012558                MIOS32_IRQ_Enable
 .text.MIOS32_IRQ_Install
                0x08012580       0x4c project_build//home/karshan/gits/vaayu/software/mios32/trunk//mios32/STM32F4xx/mios32_irq.o
                0x08012580                MIOS32_IRQ_Install
 .text.MIOS32_BOARD_PinInitHlp
                0x080125cc       0x74 project_build//home/karshan/gits/vaayu/software/mios32/trunk//mios32/STM32F4xx/mios32_board.o
 .text.MIOS32_BOARD_Init
                0x08012640       0x1c project_build//home/karshan/gits/vaayu/software/mios32/trunk//mios32/STM32F4xx/mios32_board.o
                0x08012640                MIOS32_BOARD_Init
 .text.MIOS32_BOARD_LED_Init
                0x0801265c       0x58 project_build//home/karshan/gits/vaayu/software/mios32/trunk//mios32/STM32F4xx/mios32_board.o
                0x0801265c                MIOS32_BOARD_LED_Init
 .text.MIOS32_BOARD_LED_Set
                0x080126b4       0x64 project_build//home/karshan/gits/vaayu/software/mios32/trunk//mios32/STM32F4xx/mios32_board.o
                0x080126b4                MIOS32_BOARD_LED_Set
 .text.MIOS32_BOARD_LED_Get
                0x08012718       0x2c project_build//home/karshan/gits/vaayu/software/mios32/trunk//mios32/STM32F4xx/mios32_board.o
                0x08012718                MIOS32_BOARD_LED_Get
 .text.MIOS32_BOARD_J10_PinInit
                0x08012744       0x48 project_build//home/karshan/gits/vaayu/software/mios32/trunk//mios32/STM32F4xx/mios32_board.o
                0x08012744                MIOS32_BOARD_J10_PinInit
 .text.MIOS32_BOARD_J10_PinSet
                0x0801278c       0x44 project_build//home/karshan/gits/vaayu/software/mios32/trunk//mios32/STM32F4xx/mios32_board.o
                0x0801278c                MIOS32_BOARD_J10_PinSet
 .text.MIOS32_BOARD_J10_PinGet
                0x080127d0       0x3c project_build//home/karshan/gits/vaayu/software/mios32/trunk//mios32/STM32F4xx/mios32_board.o
                0x080127d0                MIOS32_BOARD_J10_PinGet
 .text.TIM2_IRQHandler
                0x0801280c       0x24 project_build//home/karshan/gits/vaayu/software/mios32/trunk//mios32/STM32F4xx/mios32_timer.o
                0x0801280c                TIM2_IRQHandler
 .text.TIM3_IRQHandler
                0x08012830       0x24 project_build//home/karshan/gits/vaayu/software/mios32/trunk//mios32/STM32F4xx/mios32_timer.o
                0x08012830                TIM3_IRQHandler
 .text.TIM5_IRQHandler
                0x08012854       0x24 project_build//home/karshan/gits/vaayu/software/mios32/trunk//mios32/STM32F4xx/mios32_timer.o
                0x08012854                TIM5_IRQHandler
 .text.MIOS32_DELAY_Init
                0x08012878       0x44 project_build//home/karshan/gits/vaayu/software/mios32/trunk//mios32/STM32F4xx/mios32_delay.o
                0x08012878                MIOS32_DELAY_Init
 .text.MIOS32_DELAY_Wait_uS
                0x080128bc       0x18 project_build//home/karshan/gits/vaayu/software/mios32/trunk//mios32/STM32F4xx/mios32_delay.o
                0x080128bc                MIOS32_DELAY_Wait_uS
 .text.USBD_USR_DeviceDescriptor
                0x080128d4        0xc project_build//home/karshan/gits/vaayu/software/mios32/trunk//mios32/STM32F4xx/mios32_usb.o
 .text.USBD_USR_LangIDStrDescriptor
                0x080128e0        0xc project_build//home/karshan/gits/vaayu/software/mios32/trunk//mios32/STM32F4xx/mios32_usb.o
 .text.USBD_USR_Init
                0x080128ec        0x2 project_build//home/karshan/gits/vaayu/software/mios32/trunk//mios32/STM32F4xx/mios32_usb.o
 .text.USBD_USR_DeviceReset
                0x080128ee        0x2 project_build//home/karshan/gits/vaayu/software/mios32/trunk//mios32/STM32F4xx/mios32_usb.o
 .text.USBD_USR_DeviceConnected
                0x080128f0        0x2 project_build//home/karshan/gits/vaayu/software/mios32/trunk//mios32/STM32F4xx/mios32_usb.o
 .text.USBD_USR_DeviceSuspended
                0x080128f2        0x2 project_build//home/karshan/gits/vaayu/software/mios32/trunk//mios32/STM32F4xx/mios32_usb.o
 .text.USBD_USR_DeviceResumed
                0x080128f4        0x2 project_build//home/karshan/gits/vaayu/software/mios32/trunk//mios32/STM32F4xx/mios32_usb.o
 .text.USBH_USR_Init
                0x080128f6        0x2 project_build//home/karshan/gits/vaayu/software/mios32/trunk//mios32/STM32F4xx/mios32_usb.o
 .text.USBH_USR_DeviceAttached
                0x080128f8        0x2 project_build//home/karshan/gits/vaayu/software/mios32/trunk//mios32/STM32F4xx/mios32_usb.o
 .text.USBH_USR_UnrecoveredError
                0x080128fa        0x2 project_build//home/karshan/gits/vaayu/software/mios32/trunk//mios32/STM32F4xx/mios32_usb.o
 .text.USBH_USR_ResetDevice
                0x080128fc        0x2 project_build//home/karshan/gits/vaayu/software/mios32/trunk//mios32/STM32F4xx/mios32_usb.o
 .text.USBH_USR_DeviceSpeedDetected
                0x080128fe        0x2 project_build//home/karshan/gits/vaayu/software/mios32/trunk//mios32/STM32F4xx/mios32_usb.o
 .text.USBH_USR_Device_DescAvailable
                0x08012900        0x2 project_build//home/karshan/gits/vaayu/software/mios32/trunk//mios32/STM32F4xx/mios32_usb.o
 .text.USBH_USR_DeviceAddressAssigned
                0x08012902        0x2 project_build//home/karshan/gits/vaayu/software/mios32/trunk//mios32/STM32F4xx/mios32_usb.o
 .text.USBH_USR_Configuration_DescAvailable
                0x08012904        0x2 project_build//home/karshan/gits/vaayu/software/mios32/trunk//mios32/STM32F4xx/mios32_usb.o
 .text.USBH_USR_Manufacturer_String
                0x08012906        0x2 project_build//home/karshan/gits/vaayu/software/mios32/trunk//mios32/STM32F4xx/mios32_usb.o
 .text.USBH_USR_Product_String
                0x08012908        0x2 project_build//home/karshan/gits/vaayu/software/mios32/trunk//mios32/STM32F4xx/mios32_usb.o
 .text.USBH_USR_SerialNum_String
                0x0801290a        0x2 project_build//home/karshan/gits/vaayu/software/mios32/trunk//mios32/STM32F4xx/mios32_usb.o
 .text.USBH_USR_EnumerationDone
                0x0801290c        0x2 project_build//home/karshan/gits/vaayu/software/mios32/trunk//mios32/STM32F4xx/mios32_usb.o
 .text.USBH_USR_DeviceNotSupported
                0x0801290e        0x2 project_build//home/karshan/gits/vaayu/software/mios32/trunk//mios32/STM32F4xx/mios32_usb.o
 .text.USBH_USR_UserInput
                0x08012910        0x4 project_build//home/karshan/gits/vaayu/software/mios32/trunk//mios32/STM32F4xx/mios32_usb.o
 .text.USBH_USR_OverCurrentDetected
                0x08012914        0x2 project_build//home/karshan/gits/vaayu/software/mios32/trunk//mios32/STM32F4xx/mios32_usb.o
 .text.USBH_USR_Application
                0x08012916        0x4 project_build//home/karshan/gits/vaayu/software/mios32/trunk//mios32/STM32F4xx/mios32_usb.o
 .text.USBH_USR_DeInit
                0x0801291a        0x2 project_build//home/karshan/gits/vaayu/software/mios32/trunk//mios32/STM32F4xx/mios32_usb.o
 .text.MIOS32_USB_CLASS_Setup
                0x0801291c        0x4 project_build//home/karshan/gits/vaayu/software/mios32/trunk//mios32/STM32F4xx/mios32_usb.o
 .text.MIOS32_USB_CLASS_EP0_RxReady
                0x08012920        0x4 project_build//home/karshan/gits/vaayu/software/mios32/trunk//mios32/STM32F4xx/mios32_usb.o
 .text.MIOS32_USB_CLASS_GetCfgDesc
                0x08012924        0xc project_build//home/karshan/gits/vaayu/software/mios32/trunk//mios32/STM32F4xx/mios32_usb.o
 .text.USBD_USR_SerialStrDescriptor
                0x08012930       0x38 project_build//home/karshan/gits/vaayu/software/mios32/trunk//mios32/STM32F4xx/mios32_usb.o
 .text.USBD_USR_ProductStrDescriptor
                0x08012968       0x5c project_build//home/karshan/gits/vaayu/software/mios32/trunk//mios32/STM32F4xx/mios32_usb.o
 .text.USBD_USR_InterfaceStrDescriptor
                0x080129c4        0x4 project_build//home/karshan/gits/vaayu/software/mios32/trunk//mios32/STM32F4xx/mios32_usb.o
 .text.USBD_USR_ConfigStrDescriptor
                0x080129c8        0x4 project_build//home/karshan/gits/vaayu/software/mios32/trunk//mios32/STM32F4xx/mios32_usb.o
 .text.MIOS32_USB_CLASS_GetUsrStrDesc
                0x080129cc        0x6 project_build//home/karshan/gits/vaayu/software/mios32/trunk//mios32/STM32F4xx/mios32_usb.o
 *fill*         0x080129d2        0x2 00
 .text.USBD_USR_ManufacturerStrDescriptor
                0x080129d4       0x2c project_build//home/karshan/gits/vaayu/software/mios32/trunk//mios32/STM32F4xx/mios32_usb.o
 .text.MIOS32_USB_CLASS_DataOut
                0x08012a00       0x12 project_build//home/karshan/gits/vaayu/software/mios32/trunk//mios32/STM32F4xx/mios32_usb.o
 .text.MIOS32_USB_CLASS_DataIn
                0x08012a12       0x12 project_build//home/karshan/gits/vaayu/software/mios32/trunk//mios32/STM32F4xx/mios32_usb.o
 .text.MIOS32_USB_CLASS_DeInit
                0x08012a24       0x16 project_build//home/karshan/gits/vaayu/software/mios32/trunk//mios32/STM32F4xx/mios32_usb.o
 .text.USBH_USR_DeviceDisconnected
                0x08012a3a        0x6 project_build//home/karshan/gits/vaayu/software/mios32/trunk//mios32/STM32F4xx/mios32_usb.o
 .text.USBD_USR_DeviceDisconnected
                0x08012a40        0x6 project_build//home/karshan/gits/vaayu/software/mios32/trunk//mios32/STM32F4xx/mios32_usb.o
 .text.USBD_USR_DeviceConfigured
                0x08012a46        0x6 project_build//home/karshan/gits/vaayu/software/mios32/trunk//mios32/STM32F4xx/mios32_usb.o
 .text.MIOS32_USB_CLASS_Init
                0x08012a4c       0x34 project_build//home/karshan/gits/vaayu/software/mios32/trunk//mios32/STM32F4xx/mios32_usb.o
 .text.USB_OTG_BSP_Init
                0x08012a80       0x9c project_build//home/karshan/gits/vaayu/software/mios32/trunk//mios32/STM32F4xx/mios32_usb.o
                0x08012a80                USB_OTG_BSP_Init
 .text.USB_OTG_BSP_EnableInterrupt
                0x08012b1c        0x8 project_build//home/karshan/gits/vaayu/software/mios32/trunk//mios32/STM32F4xx/mios32_usb.o
                0x08012b1c                USB_OTG_BSP_EnableInterrupt
 .text.OTG_FS_IRQHandler
                0x08012b24       0x28 project_build//home/karshan/gits/vaayu/software/mios32/trunk//mios32/STM32F4xx/mios32_usb.o
                0x08012b24                OTG_FS_IRQHandler
 .text.USB_OTG_BSP_uDelay
                0x08012b4c        0x6 project_build//home/karshan/gits/vaayu/software/mios32/trunk//mios32/STM32F4xx/mios32_usb.o
                0x08012b4c                USB_OTG_BSP_uDelay
 .text.USB_OTG_BSP_mDelay
                0x08012b52        0xc project_build//home/karshan/gits/vaayu/software/mios32/trunk//mios32/STM32F4xx/mios32_usb.o
                0x08012b52                USB_OTG_BSP_mDelay
 *fill*         0x08012b5e        0x2 00
 .text.USB_OTG_BSP_ConfigVBUS
                0x08012b60       0x44 project_build//home/karshan/gits/vaayu/software/mios32/trunk//mios32/STM32F4xx/mios32_usb.o
                0x08012b60                USB_OTG_BSP_ConfigVBUS
 .text.USB_OTG_BSP_DriveVBUS
                0x08012ba4       0x14 project_build//home/karshan/gits/vaayu/software/mios32/trunk//mios32/STM32F4xx/mios32_usb.o
                0x08012ba4                USB_OTG_BSP_DriveVBUS
 .text.MIOS32_USB_IsInitialized
                0x08012bb8        0xc project_build//home/karshan/gits/vaayu/software/mios32/trunk//mios32/STM32F4xx/mios32_usb.o
                0x08012bb8                MIOS32_USB_IsInitialized
 .text.MIOS32_USB_ForceSingleUSB
                0x08012bc4       0x24 project_build//home/karshan/gits/vaayu/software/mios32/trunk//mios32/STM32F4xx/mios32_usb.o
                0x08012bc4                MIOS32_USB_ForceSingleUSB
 .text.MIOS32_USB_ForceDeviceMode
                0x08012be8       0x24 project_build//home/karshan/gits/vaayu/software/mios32/trunk//mios32/STM32F4xx/mios32_usb.o
                0x08012be8                MIOS32_USB_ForceDeviceMode
 .text.MIOS32_USB_Init
                0x08012c0c       0xec project_build//home/karshan/gits/vaayu/software/mios32/trunk//mios32/STM32F4xx/mios32_usb.o
                0x08012c0c                MIOS32_USB_Init
 .text.USBH_ClassRequest
                0x08012cf8        0x4 project_build//home/karshan/gits/vaayu/software/mios32/trunk//mios32/STM32F4xx/mios32_usb_midi.o
 .text.USBH_InterfaceDeInit
                0x08012cfc       0x3c project_build//home/karshan/gits/vaayu/software/mios32/trunk//mios32/STM32F4xx/mios32_usb_midi.o
 .text.MIOS32_USB_MIDI_RxBufferHandler
                0x08012d38       0xac project_build//home/karshan/gits/vaayu/software/mios32/trunk//mios32/STM32F4xx/mios32_usb_midi.o
 .text.MIOS32_USB_MIDI_TxBufferHandler
                0x08012de4       0xac project_build//home/karshan/gits/vaayu/software/mios32/trunk//mios32/STM32F4xx/mios32_usb_midi.o
 .text.USBH_Handle
                0x08012e90      0x1f0 project_build//home/karshan/gits/vaayu/software/mios32/trunk//mios32/STM32F4xx/mios32_usb_midi.o
 .text.MIOS32_USB_MIDI_Init
                0x08013080        0xc project_build//home/karshan/gits/vaayu/software/mios32/trunk//mios32/STM32F4xx/mios32_usb_midi.o
                0x08013080                MIOS32_USB_MIDI_Init
 .text.MIOS32_USB_MIDI_ChangeConnectionState
                0x0801308c       0x64 project_build//home/karshan/gits/vaayu/software/mios32/trunk//mios32/STM32F4xx/mios32_usb_midi.o
                0x0801308c                MIOS32_USB_MIDI_ChangeConnectionState
 .text.MIOS32_USB_MIDI_CheckAvailable
                0x080130f0       0x20 project_build//home/karshan/gits/vaayu/software/mios32/trunk//mios32/STM32F4xx/mios32_usb_midi.o
                0x080130f0                MIOS32_USB_MIDI_CheckAvailable
 .text.USBH_InterfaceInit
                0x08013110      0x104 project_build//home/karshan/gits/vaayu/software/mios32/trunk//mios32/STM32F4xx/mios32_usb_midi.o
 .text.MIOS32_USB_MIDI_PackageSend_NonBlocking
                0x08013214       0x70 project_build//home/karshan/gits/vaayu/software/mios32/trunk//mios32/STM32F4xx/mios32_usb_midi.o
                0x08013214                MIOS32_USB_MIDI_PackageSend_NonBlocking
 .text.MIOS32_USB_MIDI_PackageSend
                0x08013284       0x30 project_build//home/karshan/gits/vaayu/software/mios32/trunk//mios32/STM32F4xx/mios32_usb_midi.o
                0x08013284                MIOS32_USB_MIDI_PackageSend
 .text.MIOS32_USB_MIDI_PackageReceive
                0x080132b4       0x54 project_build//home/karshan/gits/vaayu/software/mios32/trunk//mios32/STM32F4xx/mios32_usb_midi.o
                0x080132b4                MIOS32_USB_MIDI_PackageReceive
 .text.MIOS32_USB_MIDI_Periodic_mS
                0x08013308       0x28 project_build//home/karshan/gits/vaayu/software/mios32/trunk//mios32/STM32F4xx/mios32_usb_midi.o
                0x08013308                MIOS32_USB_MIDI_Periodic_mS
 .text.MIOS32_USB_MIDI_EP1_IN_Callback
                0x08013330       0x10 project_build//home/karshan/gits/vaayu/software/mios32/trunk//mios32/STM32F4xx/mios32_usb_midi.o
                0x08013330                MIOS32_USB_MIDI_EP1_IN_Callback
 .text.MIOS32_USB_MIDI_EP2_OUT_Callback
                0x08013340       0x10 project_build//home/karshan/gits/vaayu/software/mios32/trunk//mios32/STM32F4xx/mios32_usb_midi.o
                0x08013340                MIOS32_USB_MIDI_EP2_OUT_Callback
 .text.MIOS32_UART_BaudrateSet
                0x08013350       0x58 project_build//home/karshan/gits/vaayu/software/mios32/trunk//mios32/STM32F4xx/mios32_uart.o
                0x08013350                MIOS32_UART_BaudrateSet
 .text.MIOS32_UART_Init
                0x080133a8      0x140 project_build//home/karshan/gits/vaayu/software/mios32/trunk//mios32/STM32F4xx/mios32_uart.o
                0x080133a8                MIOS32_UART_Init
 .text.MIOS32_UART_RxBufferGet
                0x080134e8       0x58 project_build//home/karshan/gits/vaayu/software/mios32/trunk//mios32/STM32F4xx/mios32_uart.o
                0x080134e8                MIOS32_UART_RxBufferGet
 .text.MIOS32_UART_RxBufferPut
                0x08013540       0x5c project_build//home/karshan/gits/vaayu/software/mios32/trunk//mios32/STM32F4xx/mios32_uart.o
                0x08013540                MIOS32_UART_RxBufferPut
 .text.MIOS32_UART_TxBufferGet
                0x0801359c       0x58 project_build//home/karshan/gits/vaayu/software/mios32/trunk//mios32/STM32F4xx/mios32_uart.o
                0x0801359c                MIOS32_UART_TxBufferGet
 .text.MIOS32_UART_TxBufferPutMore_NonBlocking
                0x080135f4       0x90 project_build//home/karshan/gits/vaayu/software/mios32/trunk//mios32/STM32F4xx/mios32_uart.o
                0x080135f4                MIOS32_UART_TxBufferPutMore_NonBlocking
 .text.MIOS32_UART_TxBufferPutMore
                0x08013684       0x18 project_build//home/karshan/gits/vaayu/software/mios32/trunk//mios32/STM32F4xx/mios32_uart.o
                0x08013684                MIOS32_UART_TxBufferPutMore
 .text.USART2_IRQHandler
                0x0801369c       0x60 project_build//home/karshan/gits/vaayu/software/mios32/trunk//mios32/STM32F4xx/mios32_uart.o
                0x0801369c                USART2_IRQHandler
 .text.USART3_IRQHandler
                0x080136fc       0x64 project_build//home/karshan/gits/vaayu/software/mios32/trunk//mios32/STM32F4xx/mios32_uart.o
                0x080136fc                USART3_IRQHandler
 .text.EV_IRQHandler
                0x08013760      0x162 project_build//home/karshan/gits/vaayu/software/mios32/trunk//mios32/STM32F4xx/mios32_iic.o
 *fill*         0x080138c2        0x2 00
 .text.ER_IRQHandler
                0x080138c4       0x7c project_build//home/karshan/gits/vaayu/software/mios32/trunk//mios32/STM32F4xx/mios32_iic.o
 .text.I2C2_EV_IRQHandler
                0x08013940        0xc project_build//home/karshan/gits/vaayu/software/mios32/trunk//mios32/STM32F4xx/mios32_iic.o
                0x08013940                I2C2_EV_IRQHandler
 .text.I2C2_ER_IRQHandler
                0x0801394c        0xc project_build//home/karshan/gits/vaayu/software/mios32/trunk//mios32/STM32F4xx/mios32_iic.o
                0x0801394c                I2C2_ER_IRQHandler
 .text.I2C1_EV_IRQHandler
                0x08013958        0xc project_build//home/karshan/gits/vaayu/software/mios32/trunk//mios32/STM32F4xx/mios32_iic.o
                0x08013958                I2C1_EV_IRQHandler
 .text.I2C1_ER_IRQHandler
                0x08013964        0xc project_build//home/karshan/gits/vaayu/software/mios32/trunk//mios32/STM32F4xx/mios32_iic.o
                0x08013964                I2C1_ER_IRQHandler
 .text.printchar
                0x08013970        0xe project_build//home/karshan/gits/vaayu/software/mios32/trunk//mios32/common/printf-stdarg.o
 .text.prints   0x0801397e       0x82 project_build//home/karshan/gits/vaayu/software/mios32/trunk//mios32/common/printf-stdarg.o
 .text.printi   0x08013a00       0x98 project_build//home/karshan/gits/vaayu/software/mios32/trunk//mios32/common/printf-stdarg.o
 .text.print    0x08013a98      0x120 project_build//home/karshan/gits/vaayu/software/mios32/trunk//mios32/common/printf-stdarg.o
 .text.sprintf  0x08013bb8       0x1e project_build//home/karshan/gits/vaayu/software/mios32/trunk//mios32/common/printf-stdarg.o
                0x08013bb8                sprintf
 .text.vsprintf
                0x08013bd6       0x10 project_build//home/karshan/gits/vaayu/software/mios32/trunk//mios32/common/printf-stdarg.o
                0x08013bd6                vsprintf
 *fill*         0x08013be6        0x2 00
 .text.NVIC_PriorityGroupConfig
                0x08013be8       0x14 project_build//home/karshan/gits/vaayu/software/mios32/trunk//drivers/STM32F4xx/v1.1.0/STM32F4xx_StdPeriph_Driver/src/misc.o
                0x08013be8                NVIC_PriorityGroupConfig
 .text.NVIC_SetVectorTable
                0x08013bfc       0x14 project_build//home/karshan/gits/vaayu/software/mios32/trunk//drivers/STM32F4xx/v1.1.0/STM32F4xx_StdPeriph_Driver/src/misc.o
                0x08013bfc                NVIC_SetVectorTable
 .text.EXTI_ClearITPendingBit
                0x08013c10        0xc project_build//home/karshan/gits/vaayu/software/mios32/trunk//drivers/STM32F4xx/v1.1.0/STM32F4xx_StdPeriph_Driver/src/stm32f4xx_exti.o
                0x08013c10                EXTI_ClearITPendingBit
 .text.GPIO_Init
                0x08013c1c       0x9a project_build//home/karshan/gits/vaayu/software/mios32/trunk//drivers/STM32F4xx/v1.1.0/STM32F4xx_StdPeriph_Driver/src/stm32f4xx_gpio.o
                0x08013c1c                GPIO_Init
 .text.GPIO_StructInit
                0x08013cb6       0x12 project_build//home/karshan/gits/vaayu/software/mios32/trunk//drivers/STM32F4xx/v1.1.0/STM32F4xx_StdPeriph_Driver/src/stm32f4xx_gpio.o
                0x08013cb6                GPIO_StructInit
 .text.GPIO_SetBits
                0x08013cc8        0x4 project_build//home/karshan/gits/vaayu/software/mios32/trunk//drivers/STM32F4xx/v1.1.0/STM32F4xx_StdPeriph_Driver/src/stm32f4xx_gpio.o
                0x08013cc8                GPIO_SetBits
 .text.GPIO_ResetBits
                0x08013ccc        0x4 project_build//home/karshan/gits/vaayu/software/mios32/trunk//drivers/STM32F4xx/v1.1.0/STM32F4xx_StdPeriph_Driver/src/stm32f4xx_gpio.o
                0x08013ccc                GPIO_ResetBits
 .text.GPIO_PinAFConfig
                0x08013cd0       0x2e project_build//home/karshan/gits/vaayu/software/mios32/trunk//drivers/STM32F4xx/v1.1.0/STM32F4xx_StdPeriph_Driver/src/stm32f4xx_gpio.o
                0x08013cd0                GPIO_PinAFConfig
 .text.I2C_GenerateSTOP
                0x08013cfe       0x18 project_build//home/karshan/gits/vaayu/software/mios32/trunk//drivers/STM32F4xx/v1.1.0/STM32F4xx_StdPeriph_Driver/src/stm32f4xx_i2c.o
                0x08013cfe                I2C_GenerateSTOP
 .text.I2C_ITConfig
                0x08013d16       0x12 project_build//home/karshan/gits/vaayu/software/mios32/trunk//drivers/STM32F4xx/v1.1.0/STM32F4xx_StdPeriph_Driver/src/stm32f4xx_i2c.o
                0x08013d16                I2C_ITConfig
 .text.I2C_GetLastEvent
                0x08013d28       0x10 project_build//home/karshan/gits/vaayu/software/mios32/trunk//drivers/STM32F4xx/v1.1.0/STM32F4xx_StdPeriph_Driver/src/stm32f4xx_i2c.o
                0x08013d28                I2C_GetLastEvent
 .text.I2C_ClearITPendingBit
                0x08013d38        0x8 project_build//home/karshan/gits/vaayu/software/mios32/trunk//drivers/STM32F4xx/v1.1.0/STM32F4xx_StdPeriph_Driver/src/stm32f4xx_i2c.o
                0x08013d38                I2C_ClearITPendingBit
 .text.PWR_BackupAccessCmd
                0x08013d40        0xc project_build//home/karshan/gits/vaayu/software/mios32/trunk//drivers/STM32F4xx/v1.1.0/STM32F4xx_StdPeriph_Driver/src/stm32f4xx_pwr.o
                0x08013d40                PWR_BackupAccessCmd
 .text.RCC_GetClocksFreq
                0x08013d4c       0x8c project_build//home/karshan/gits/vaayu/software/mios32/trunk//drivers/STM32F4xx/v1.1.0/STM32F4xx_StdPeriph_Driver/src/stm32f4xx_rcc.o
                0x08013d4c                RCC_GetClocksFreq
 .text.RCC_RTCCLKConfig
                0x08013dd8       0x30 project_build//home/karshan/gits/vaayu/software/mios32/trunk//drivers/STM32F4xx/v1.1.0/STM32F4xx_StdPeriph_Driver/src/stm32f4xx_rcc.o
                0x08013dd8                RCC_RTCCLKConfig
 .text.RCC_RTCCLKCmd
                0x08013e08        0xc project_build//home/karshan/gits/vaayu/software/mios32/trunk//drivers/STM32F4xx/v1.1.0/STM32F4xx_StdPeriph_Driver/src/stm32f4xx_rcc.o
                0x08013e08                RCC_RTCCLKCmd
 .text.RCC_AHB1PeriphClockCmd
                0x08013e14       0x18 project_build//home/karshan/gits/vaayu/software/mios32/trunk//drivers/STM32F4xx/v1.1.0/STM32F4xx_StdPeriph_Driver/src/stm32f4xx_rcc.o
                0x08013e14                RCC_AHB1PeriphClockCmd
 .text.RCC_AHB2PeriphClockCmd
                0x08013e2c       0x18 project_build//home/karshan/gits/vaayu/software/mios32/trunk//drivers/STM32F4xx/v1.1.0/STM32F4xx_StdPeriph_Driver/src/stm32f4xx_rcc.o
                0x08013e2c                RCC_AHB2PeriphClockCmd
 .text.RCC_APB1PeriphClockCmd
                0x08013e44       0x18 project_build//home/karshan/gits/vaayu/software/mios32/trunk//drivers/STM32F4xx/v1.1.0/STM32F4xx_StdPeriph_Driver/src/stm32f4xx_rcc.o
                0x08013e44                RCC_APB1PeriphClockCmd
 .text.RCC_APB2PeriphClockCmd
                0x08013e5c       0x18 project_build//home/karshan/gits/vaayu/software/mios32/trunk//drivers/STM32F4xx/v1.1.0/STM32F4xx_StdPeriph_Driver/src/stm32f4xx_rcc.o
                0x08013e5c                RCC_APB2PeriphClockCmd
 .text.RCC_AHB1PeriphResetCmd
                0x08013e74       0x18 project_build//home/karshan/gits/vaayu/software/mios32/trunk//drivers/STM32F4xx/v1.1.0/STM32F4xx_StdPeriph_Driver/src/stm32f4xx_rcc.o
                0x08013e74                RCC_AHB1PeriphResetCmd
 .text.RCC_AHB2PeriphResetCmd
                0x08013e8c       0x18 project_build//home/karshan/gits/vaayu/software/mios32/trunk//drivers/STM32F4xx/v1.1.0/STM32F4xx_StdPeriph_Driver/src/stm32f4xx_rcc.o
                0x08013e8c                RCC_AHB2PeriphResetCmd
 .text.RCC_APB1PeriphResetCmd
                0x08013ea4       0x18 project_build//home/karshan/gits/vaayu/software/mios32/trunk//drivers/STM32F4xx/v1.1.0/STM32F4xx_StdPeriph_Driver/src/stm32f4xx_rcc.o
                0x08013ea4                RCC_APB1PeriphResetCmd
 .text.RCC_APB2PeriphResetCmd
                0x08013ebc       0x18 project_build//home/karshan/gits/vaayu/software/mios32/trunk//drivers/STM32F4xx/v1.1.0/STM32F4xx_StdPeriph_Driver/src/stm32f4xx_rcc.o
                0x08013ebc                RCC_APB2PeriphResetCmd
 .text.RTC_ByteToBcd2
                0x08013ed4       0x18 project_build//home/karshan/gits/vaayu/software/mios32/trunk//drivers/STM32F4xx/v1.1.0/STM32F4xx_StdPeriph_Driver/src/stm32f4xx_rtc.o
 .text.RTC_StructInit
                0x08013eec        0xc project_build//home/karshan/gits/vaayu/software/mios32/trunk//drivers/STM32F4xx/v1.1.0/STM32F4xx_StdPeriph_Driver/src/stm32f4xx_rtc.o
                0x08013eec                RTC_StructInit
 .text.RTC_EnterInitMode
                0x08013ef8       0x40 project_build//home/karshan/gits/vaayu/software/mios32/trunk//drivers/STM32F4xx/v1.1.0/STM32F4xx_StdPeriph_Driver/src/stm32f4xx_rtc.o
                0x08013ef8                RTC_EnterInitMode
 .text.RTC_ExitInitMode
                0x08013f38       0x10 project_build//home/karshan/gits/vaayu/software/mios32/trunk//drivers/STM32F4xx/v1.1.0/STM32F4xx_StdPeriph_Driver/src/stm32f4xx_rtc.o
                0x08013f38                RTC_ExitInitMode
 .text.RTC_Init
                0x08013f48       0x48 project_build//home/karshan/gits/vaayu/software/mios32/trunk//drivers/STM32F4xx/v1.1.0/STM32F4xx_StdPeriph_Driver/src/stm32f4xx_rtc.o
                0x08013f48                RTC_Init
 .text.RTC_WaitForSynchro
                0x08013f90       0x44 project_build//home/karshan/gits/vaayu/software/mios32/trunk//drivers/STM32F4xx/v1.1.0/STM32F4xx_StdPeriph_Driver/src/stm32f4xx_rtc.o
                0x08013f90                RTC_WaitForSynchro
 .text.RTC_SetTime
                0x08013fd4       0x8c project_build//home/karshan/gits/vaayu/software/mios32/trunk//drivers/STM32F4xx/v1.1.0/STM32F4xx_StdPeriph_Driver/src/stm32f4xx_rtc.o
                0x08013fd4                RTC_SetTime
 .text.RTC_TimeStructInit
                0x08014060        0xc project_build//home/karshan/gits/vaayu/software/mios32/trunk//drivers/STM32F4xx/v1.1.0/STM32F4xx_StdPeriph_Driver/src/stm32f4xx_rtc.o
                0x08014060                RTC_TimeStructInit
 .text.TIM_TimeBaseInit
                0x0801406c       0x7c project_build//home/karshan/gits/vaayu/software/mios32/trunk//drivers/STM32F4xx/v1.1.0/STM32F4xx_StdPeriph_Driver/src/stm32f4xx_tim.o
                0x0801406c                TIM_TimeBaseInit
 .text.TIM_Cmd  0x080140e8       0x18 project_build//home/karshan/gits/vaayu/software/mios32/trunk//drivers/STM32F4xx/v1.1.0/STM32F4xx_StdPeriph_Driver/src/stm32f4xx_tim.o
                0x080140e8                TIM_Cmd
 .text.TIM_GetITStatus
                0x08014100       0x16 project_build//home/karshan/gits/vaayu/software/mios32/trunk//drivers/STM32F4xx/v1.1.0/STM32F4xx_StdPeriph_Driver/src/stm32f4xx_tim.o
                0x08014100                TIM_GetITStatus
 .text.TIM_ClearITPendingBit
                0x08014116        0x8 project_build//home/karshan/gits/vaayu/software/mios32/trunk//drivers/STM32F4xx/v1.1.0/STM32F4xx_StdPeriph_Driver/src/stm32f4xx_tim.o
                0x08014116                TIM_ClearITPendingBit
 *fill*         0x0801411e        0x2 00
 .text.USART_Init
                0x08014120       0xb8 project_build//home/karshan/gits/vaayu/software/mios32/trunk//drivers/STM32F4xx/v1.1.0/STM32F4xx_StdPeriph_Driver/src/stm32f4xx_usart.o
                0x08014120                USART_Init
 .text.USART_Cmd
                0x080141d8       0x18 project_build//home/karshan/gits/vaayu/software/mios32/trunk//drivers/STM32F4xx/v1.1.0/STM32F4xx_StdPeriph_Driver/src/stm32f4xx_usart.o
                0x080141d8                USART_Cmd
 .text.USART_ITConfig
                0x080141f0       0x34 project_build//home/karshan/gits/vaayu/software/mios32/trunk//drivers/STM32F4xx/v1.1.0/STM32F4xx_StdPeriph_Driver/src/stm32f4xx_usart.o
                0x080141f0                USART_ITConfig
 .text.USBD_Resume
                0x08014224       0x16 project_build//home/karshan/gits/vaayu/software/mios32/trunk//drivers/STM32F4xx/v1.1.0/STM32_USB_Device_Library/Core/src/usbd_core.o
 .text.USBD_Suspend
                0x0801423a       0x1c project_build//home/karshan/gits/vaayu/software/mios32/trunk//drivers/STM32F4xx/v1.1.0/STM32_USB_Device_Library/Core/src/usbd_core.o
 .text.USBD_SOF
                0x08014256       0x10 project_build//home/karshan/gits/vaayu/software/mios32/trunk//drivers/STM32F4xx/v1.1.0/STM32_USB_Device_Library/Core/src/usbd_core.o
 .text.USBD_IsoINIncomplete
                0x08014266        0xe project_build//home/karshan/gits/vaayu/software/mios32/trunk//drivers/STM32F4xx/v1.1.0/STM32_USB_Device_Library/Core/src/usbd_core.o
 .text.USBD_IsoOUTIncomplete
                0x08014274        0xe project_build//home/karshan/gits/vaayu/software/mios32/trunk//drivers/STM32F4xx/v1.1.0/STM32_USB_Device_Library/Core/src/usbd_core.o
 .text.USBD_Reset
                0x08014282       0x2e project_build//home/karshan/gits/vaayu/software/mios32/trunk//drivers/STM32F4xx/v1.1.0/STM32_USB_Device_Library/Core/src/usbd_core.o
 .text.USBD_SetupStage
                0x080142b0       0x48 project_build//home/karshan/gits/vaayu/software/mios32/trunk//drivers/STM32F4xx/v1.1.0/STM32_USB_Device_Library/Core/src/usbd_core.o
 .text.USBD_DataInStage
                0x080142f8       0xb4 project_build//home/karshan/gits/vaayu/software/mios32/trunk//drivers/STM32F4xx/v1.1.0/STM32_USB_Device_Library/Core/src/usbd_core.o
 .text.USBD_DataOutStage
                0x080143ac       0x74 project_build//home/karshan/gits/vaayu/software/mios32/trunk//drivers/STM32F4xx/v1.1.0/STM32_USB_Device_Library/Core/src/usbd_core.o
 .text.USBD_Init
                0x08014420       0x38 project_build//home/karshan/gits/vaayu/software/mios32/trunk//drivers/STM32F4xx/v1.1.0/STM32_USB_Device_Library/Core/src/usbd_core.o
                0x08014420                USBD_Init
 .text.USBD_SetCfg
                0x08014458       0x18 project_build//home/karshan/gits/vaayu/software/mios32/trunk//drivers/STM32F4xx/v1.1.0/STM32_USB_Device_Library/Core/src/usbd_core.o
                0x08014458                USBD_SetCfg
 .text.USBD_ClrCfg
                0x08014470        0xe project_build//home/karshan/gits/vaayu/software/mios32/trunk//drivers/STM32F4xx/v1.1.0/STM32_USB_Device_Library/Core/src/usbd_core.o
                0x08014470                USBD_ClrCfg
 .text.USBD_CtlSendData
                0x0801447e       0x22 project_build//home/karshan/gits/vaayu/software/mios32/trunk//drivers/STM32F4xx/v1.1.0/STM32_USB_Device_Library/Core/src/usbd_ioreq.o
                0x0801447e                USBD_CtlSendData
 .text.USBD_CtlContinueSendData
                0x080144a0       0x12 project_build//home/karshan/gits/vaayu/software/mios32/trunk//drivers/STM32F4xx/v1.1.0/STM32_USB_Device_Library/Core/src/usbd_ioreq.o
                0x080144a0                USBD_CtlContinueSendData
 .text.USBD_CtlContinueRx
                0x080144b2       0x12 project_build//home/karshan/gits/vaayu/software/mios32/trunk//drivers/STM32F4xx/v1.1.0/STM32_USB_Device_Library/Core/src/usbd_ioreq.o
                0x080144b2                USBD_CtlContinueRx
 .text.USBD_CtlSendStatus
                0x080144c4       0x1e project_build//home/karshan/gits/vaayu/software/mios32/trunk//drivers/STM32F4xx/v1.1.0/STM32_USB_Device_Library/Core/src/usbd_ioreq.o
                0x080144c4                USBD_CtlSendStatus
 .text.USBD_CtlReceiveStatus
                0x080144e2       0x1e project_build//home/karshan/gits/vaayu/software/mios32/trunk//drivers/STM32F4xx/v1.1.0/STM32_USB_Device_Library/Core/src/usbd_ioreq.o
                0x080144e2                USBD_CtlReceiveStatus
 .text.USBD_ParseSetupRequest
                0x08014500       0x44 project_build//home/karshan/gits/vaayu/software/mios32/trunk//drivers/STM32F4xx/v1.1.0/STM32_USB_Device_Library/Core/src/usbd_req.o
                0x08014500                USBD_ParseSetupRequest
 .text.USBD_CtlError
                0x08014544       0x1c project_build//home/karshan/gits/vaayu/software/mios32/trunk//drivers/STM32F4xx/v1.1.0/STM32_USB_Device_Library/Core/src/usbd_req.o
                0x08014544                USBD_CtlError
 .text.USBD_StdEPReq
                0x08014560       0xc4 project_build//home/karshan/gits/vaayu/software/mios32/trunk//drivers/STM32F4xx/v1.1.0/STM32_USB_Device_Library/Core/src/usbd_req.o
                0x08014560                USBD_StdEPReq
 .text.USBD_StdItfReq
                0x08014624       0x30 project_build//home/karshan/gits/vaayu/software/mios32/trunk//drivers/STM32F4xx/v1.1.0/STM32_USB_Device_Library/Core/src/usbd_req.o
                0x08014624                USBD_StdItfReq
 .text.USBD_StdDevReq
                0x08014654      0x2ac project_build//home/karshan/gits/vaayu/software/mios32/trunk//drivers/STM32F4xx/v1.1.0/STM32_USB_Device_Library/Core/src/usbd_req.o
                0x08014654                USBD_StdDevReq
 .text.USBD_GetString
                0x08014900       0x38 project_build//home/karshan/gits/vaayu/software/mios32/trunk//drivers/STM32F4xx/v1.1.0/STM32_USB_Device_Library/Core/src/usbd_req.o
                0x08014900                USBD_GetString
 .text.USBH_Connected
                0x08014938        0xa project_build//home/karshan/gits/vaayu/software/mios32/trunk//drivers/STM32F4xx/v1.1.0/STM32_USB_HOST_Library/Core/src/usbh_core.o
                0x08014938                USBH_Connected
 .text.USBH_Disconnected
                0x08014942        0xa project_build//home/karshan/gits/vaayu/software/mios32/trunk//drivers/STM32F4xx/v1.1.0/STM32_USB_HOST_Library/Core/src/usbh_core.o
                0x08014942                USBH_Disconnected
 .text.USBH_SOF
                0x0801494c        0x4 project_build//home/karshan/gits/vaayu/software/mios32/trunk//drivers/STM32F4xx/v1.1.0/STM32_USB_HOST_Library/Core/src/usbh_core.o
                0x0801494c                USBH_SOF
 .text.USBH_DeInit
                0x08014950       0x32 project_build//home/karshan/gits/vaayu/software/mios32/trunk//drivers/STM32F4xx/v1.1.0/STM32_USB_HOST_Library/Core/src/usbh_core.o
                0x08014950                USBH_DeInit
 .text.USBH_Init
                0x08014982       0x42 project_build//home/karshan/gits/vaayu/software/mios32/trunk//drivers/STM32F4xx/v1.1.0/STM32_USB_HOST_Library/Core/src/usbh_core.o
                0x08014982                USBH_Init
 .text.USBH_ErrorHandle
                0x080149c4       0x2a project_build//home/karshan/gits/vaayu/software/mios32/trunk//drivers/STM32F4xx/v1.1.0/STM32_USB_HOST_Library/Core/src/usbh_core.o
                0x080149c4                USBH_ErrorHandle
 *fill*         0x080149ee        0x2 00
 .text.USBH_HandleControl
                0x080149f0      0x1b8 project_build//home/karshan/gits/vaayu/software/mios32/trunk//drivers/STM32F4xx/v1.1.0/STM32_USB_HOST_Library/Core/src/usbh_core.o
                0x080149f0                USBH_HandleControl
 .text.USBH_Process
                0x08014ba8      0x344 project_build//home/karshan/gits/vaayu/software/mios32/trunk//drivers/STM32F4xx/v1.1.0/STM32_USB_HOST_Library/Core/src/usbh_core.o
                0x08014ba8                USBH_Process
 .text.USBH_Open_Channel
                0x08014eec       0x54 project_build//home/karshan/gits/vaayu/software/mios32/trunk//drivers/STM32F4xx/v1.1.0/STM32_USB_HOST_Library/Core/src/usbh_hcs.o
                0x08014eec                USBH_Open_Channel
 .text.USBH_Modify_Channel
                0x08014f40       0x3a project_build//home/karshan/gits/vaayu/software/mios32/trunk//drivers/STM32F4xx/v1.1.0/STM32_USB_HOST_Library/Core/src/usbh_hcs.o
                0x08014f40                USBH_Modify_Channel
 .text.USBH_Alloc_Channel
                0x08014f7a       0x32 project_build//home/karshan/gits/vaayu/software/mios32/trunk//drivers/STM32F4xx/v1.1.0/STM32_USB_HOST_Library/Core/src/usbh_hcs.o
                0x08014f7a                USBH_Alloc_Channel
 .text.USBH_Free_Channel
                0x08014fac       0x18 project_build//home/karshan/gits/vaayu/software/mios32/trunk//drivers/STM32F4xx/v1.1.0/STM32_USB_HOST_Library/Core/src/usbh_hcs.o
                0x08014fac                USBH_Free_Channel
 .text.USBH_DeAllocate_AllChannel
                0x08014fc4       0x1e project_build//home/karshan/gits/vaayu/software/mios32/trunk//drivers/STM32F4xx/v1.1.0/STM32_USB_HOST_Library/Core/src/usbh_hcs.o
                0x08014fc4                USBH_DeAllocate_AllChannel
 .text.USBH_CtlReq
                0x08014fe2       0x48 project_build//home/karshan/gits/vaayu/software/mios32/trunk//drivers/STM32F4xx/v1.1.0/STM32_USB_HOST_Library/Core/src/usbh_ioreq.o
                0x08014fe2                USBH_CtlReq
 .text.USBH_CtlSendSetup
                0x0801502a       0x2e project_build//home/karshan/gits/vaayu/software/mios32/trunk//drivers/STM32F4xx/v1.1.0/STM32_USB_HOST_Library/Core/src/usbh_ioreq.o
                0x0801502a                USBH_CtlSendSetup
 .text.USBH_CtlSendData
                0x08015058       0x40 project_build//home/karshan/gits/vaayu/software/mios32/trunk//drivers/STM32F4xx/v1.1.0/STM32_USB_HOST_Library/Core/src/usbh_ioreq.o
                0x08015058                USBH_CtlSendData
 .text.USBH_CtlReceiveData
                0x08015098       0x2c project_build//home/karshan/gits/vaayu/software/mios32/trunk//drivers/STM32F4xx/v1.1.0/STM32_USB_HOST_Library/Core/src/usbh_ioreq.o
                0x08015098                USBH_CtlReceiveData
 .text.USBH_BulkSendData
                0x080150c4       0x34 project_build//home/karshan/gits/vaayu/software/mios32/trunk//drivers/STM32F4xx/v1.1.0/STM32_USB_HOST_Library/Core/src/usbh_ioreq.o
                0x080150c4                USBH_BulkSendData
 .text.USBH_BulkReceiveData
                0x080150f8       0x34 project_build//home/karshan/gits/vaayu/software/mios32/trunk//drivers/STM32F4xx/v1.1.0/STM32_USB_HOST_Library/Core/src/usbh_ioreq.o
                0x080150f8                USBH_BulkReceiveData
 .text.USBH_GetDescriptor
                0x0801512c       0x34 project_build//home/karshan/gits/vaayu/software/mios32/trunk//drivers/STM32F4xx/v1.1.0/STM32_USB_HOST_Library/Core/src/usbh_stdreq.o
                0x0801512c                USBH_GetDescriptor
 .text.USBH_Get_StringDesc
                0x08015160       0x50 project_build//home/karshan/gits/vaayu/software/mios32/trunk//drivers/STM32F4xx/v1.1.0/STM32_USB_HOST_Library/Core/src/usbh_stdreq.o
                0x08015160                USBH_Get_StringDesc
 .text.USBH_Get_DevDesc
                0x080151b0       0xac project_build//home/karshan/gits/vaayu/software/mios32/trunk//drivers/STM32F4xx/v1.1.0/STM32_USB_HOST_Library/Core/src/usbh_stdreq.o
                0x080151b0                USBH_Get_DevDesc
 .text.USBH_Get_CfgDesc
                0x0801525c      0x1dc project_build//home/karshan/gits/vaayu/software/mios32/trunk//drivers/STM32F4xx/v1.1.0/STM32_USB_HOST_Library/Core/src/usbh_stdreq.o
                0x0801525c                USBH_Get_CfgDesc
 .text.USBH_SetAddress
                0x08015438       0x1c project_build//home/karshan/gits/vaayu/software/mios32/trunk//drivers/STM32F4xx/v1.1.0/STM32_USB_HOST_Library/Core/src/usbh_stdreq.o
                0x08015438                USBH_SetAddress
 .text.USBH_SetCfg
                0x08015454       0x1c project_build//home/karshan/gits/vaayu/software/mios32/trunk//drivers/STM32F4xx/v1.1.0/STM32_USB_HOST_Library/Core/src/usbh_stdreq.o
                0x08015454                USBH_SetCfg
 .text.USBH_ClrFeature
                0x08015470       0x32 project_build//home/karshan/gits/vaayu/software/mios32/trunk//drivers/STM32F4xx/v1.1.0/STM32_USB_HOST_Library/Core/src/usbh_stdreq.o
                0x08015470                USBH_ClrFeature
 *fill*         0x080154a2        0x2 00
 .text.USB_OTG_EnableCommonInt
                0x080154a4       0x14 project_build//home/karshan/gits/vaayu/software/mios32/trunk//drivers/STM32F4xx/v1.1.0/STM32_USB_OTG_Driver/src/usb_core.o
 .text.USB_OTG_CoreReset
                0x080154b8       0x4c project_build//home/karshan/gits/vaayu/software/mios32/trunk//drivers/STM32F4xx/v1.1.0/STM32_USB_OTG_Driver/src/usb_core.o
 .text.USB_OTG_WritePacket
                0x08015504       0x26 project_build//home/karshan/gits/vaayu/software/mios32/trunk//drivers/STM32F4xx/v1.1.0/STM32_USB_OTG_Driver/src/usb_core.o
                0x08015504                USB_OTG_WritePacket
 .text.USB_OTG_ReadPacket
                0x0801552a       0x22 project_build//home/karshan/gits/vaayu/software/mios32/trunk//drivers/STM32F4xx/v1.1.0/STM32_USB_OTG_Driver/src/usb_core.o
                0x0801552a                USB_OTG_ReadPacket
 .text.USB_OTG_SelectCore
                0x0801554c       0xc0 project_build//home/karshan/gits/vaayu/software/mios32/trunk//drivers/STM32F4xx/v1.1.0/STM32_USB_OTG_Driver/src/usb_core.o
                0x0801554c                USB_OTG_SelectCore
 .text.USB_OTG_CoreInit
                0x0801560c       0x9a project_build//home/karshan/gits/vaayu/software/mios32/trunk//drivers/STM32F4xx/v1.1.0/STM32_USB_OTG_Driver/src/usb_core.o
                0x0801560c                USB_OTG_CoreInit
 .text.USB_OTG_EnableGlobalInt
                0x080156a6        0xe project_build//home/karshan/gits/vaayu/software/mios32/trunk//drivers/STM32F4xx/v1.1.0/STM32_USB_OTG_Driver/src/usb_core.o
                0x080156a6                USB_OTG_EnableGlobalInt
 .text.USB_OTG_DisableGlobalInt
                0x080156b4        0xe project_build//home/karshan/gits/vaayu/software/mios32/trunk//drivers/STM32F4xx/v1.1.0/STM32_USB_OTG_Driver/src/usb_core.o
                0x080156b4                USB_OTG_DisableGlobalInt
 *fill*         0x080156c2        0x2 00
 .text.USB_OTG_FlushTxFifo
                0x080156c4       0x3c project_build//home/karshan/gits/vaayu/software/mios32/trunk//drivers/STM32F4xx/v1.1.0/STM32_USB_OTG_Driver/src/usb_core.o
                0x080156c4                USB_OTG_FlushTxFifo
 .text.USB_OTG_FlushRxFifo
                0x08015700       0x34 project_build//home/karshan/gits/vaayu/software/mios32/trunk//drivers/STM32F4xx/v1.1.0/STM32_USB_OTG_Driver/src/usb_core.o
                0x08015700                USB_OTG_FlushRxFifo
 .text.USB_OTG_SetCurrentMode
                0x08015734       0x2a project_build//home/karshan/gits/vaayu/software/mios32/trunk//drivers/STM32F4xx/v1.1.0/STM32_USB_OTG_Driver/src/usb_core.o
                0x08015734                USB_OTG_SetCurrentMode
 .text.USB_OTG_IsDeviceMode
                0x0801575e        0xe project_build//home/karshan/gits/vaayu/software/mios32/trunk//drivers/STM32F4xx/v1.1.0/STM32_USB_OTG_Driver/src/usb_core.o
                0x0801575e                USB_OTG_IsDeviceMode
 .text.USB_OTG_IsHostMode
                0x0801576c        0xa project_build//home/karshan/gits/vaayu/software/mios32/trunk//drivers/STM32F4xx/v1.1.0/STM32_USB_OTG_Driver/src/usb_core.o
                0x0801576c                USB_OTG_IsHostMode
 .text.USB_OTG_ReadCoreItr
                0x08015776        0xa project_build//home/karshan/gits/vaayu/software/mios32/trunk//drivers/STM32F4xx/v1.1.0/STM32_USB_OTG_Driver/src/usb_core.o
                0x08015776                USB_OTG_ReadCoreItr
 .text.USB_OTG_IsEvenFrame
                0x08015780        0xe project_build//home/karshan/gits/vaayu/software/mios32/trunk//drivers/STM32F4xx/v1.1.0/STM32_USB_OTG_Driver/src/usb_core.o
                0x08015780                USB_OTG_IsEvenFrame
 .text.USB_OTG_EnableHostInt
                0x0801578e       0x3c project_build//home/karshan/gits/vaayu/software/mios32/trunk//drivers/STM32F4xx/v1.1.0/STM32_USB_OTG_Driver/src/usb_core.o
                0x0801578e                USB_OTG_EnableHostInt
 .text.USB_OTG_InitFSLSPClkSel
                0x080157ca        0xc project_build//home/karshan/gits/vaayu/software/mios32/trunk//drivers/STM32F4xx/v1.1.0/STM32_USB_OTG_Driver/src/usb_core.o
                0x080157ca                USB_OTG_InitFSLSPClkSel
 .text.USB_OTG_ReadHPRT0
                0x080157d6        0xc project_build//home/karshan/gits/vaayu/software/mios32/trunk//drivers/STM32F4xx/v1.1.0/STM32_USB_OTG_Driver/src/usb_core.o
                0x080157d6                USB_OTG_ReadHPRT0
 .text.USB_OTG_DriveVbus
                0x080157e2       0x4c project_build//home/karshan/gits/vaayu/software/mios32/trunk//drivers/STM32F4xx/v1.1.0/STM32_USB_OTG_Driver/src/usb_core.o
                0x080157e2                USB_OTG_DriveVbus
 .text.USB_OTG_ReadHostAllChannels_intr
                0x0801582e        0x6 project_build//home/karshan/gits/vaayu/software/mios32/trunk//drivers/STM32F4xx/v1.1.0/STM32_USB_OTG_Driver/src/usb_core.o
                0x0801582e                USB_OTG_ReadHostAllChannels_intr
 .text.USB_OTG_ResetPort
                0x08015834       0x2c project_build//home/karshan/gits/vaayu/software/mios32/trunk//drivers/STM32F4xx/v1.1.0/STM32_USB_OTG_Driver/src/usb_core.o
                0x08015834                USB_OTG_ResetPort
 .text.USB_OTG_CoreInitHost
                0x08015860       0x98 project_build//home/karshan/gits/vaayu/software/mios32/trunk//drivers/STM32F4xx/v1.1.0/STM32_USB_OTG_Driver/src/usb_core.o
                0x08015860                USB_OTG_CoreInitHost
 .text.USB_OTG_HC_Init
                0x080158f8       0xe8 project_build//home/karshan/gits/vaayu/software/mios32/trunk//drivers/STM32F4xx/v1.1.0/STM32_USB_OTG_Driver/src/usb_core.o
                0x080158f8                USB_OTG_HC_Init
 .text.USB_OTG_HC_StartXfer
                0x080159e0      0x114 project_build//home/karshan/gits/vaayu/software/mios32/trunk//drivers/STM32F4xx/v1.1.0/STM32_USB_OTG_Driver/src/usb_core.o
                0x080159e0                USB_OTG_HC_StartXfer
 .text.USB_OTG_HC_Halt
                0x08015af4       0x3a project_build//home/karshan/gits/vaayu/software/mios32/trunk//drivers/STM32F4xx/v1.1.0/STM32_USB_OTG_Driver/src/usb_core.o
                0x08015af4                USB_OTG_HC_Halt
 .text.USB_OTG_HC_DoPing
                0x08015b2e       0x28 project_build//home/karshan/gits/vaayu/software/mios32/trunk//drivers/STM32F4xx/v1.1.0/STM32_USB_OTG_Driver/src/usb_core.o
                0x08015b2e                USB_OTG_HC_DoPing
 .text.USB_OTG_InitDevSpeed
                0x08015b56        0xc project_build//home/karshan/gits/vaayu/software/mios32/trunk//drivers/STM32F4xx/v1.1.0/STM32_USB_OTG_Driver/src/usb_core.o
                0x08015b56                USB_OTG_InitDevSpeed
 .text.USB_OTG_EnableDevInt
                0x08015b62       0x3c project_build//home/karshan/gits/vaayu/software/mios32/trunk//drivers/STM32F4xx/v1.1.0/STM32_USB_OTG_Driver/src/usb_core.o
                0x08015b62                USB_OTG_EnableDevInt
 *fill*         0x08015b9e        0x2 00
 .text.USB_OTG_CoreInitDev
                0x08015ba0      0x100 project_build//home/karshan/gits/vaayu/software/mios32/trunk//drivers/STM32F4xx/v1.1.0/STM32_USB_OTG_Driver/src/usb_core.o
                0x08015ba0                USB_OTG_CoreInitDev
 .text.USB_OTG_GetDeviceSpeed
                0x08015ca0       0x1c project_build//home/karshan/gits/vaayu/software/mios32/trunk//drivers/STM32F4xx/v1.1.0/STM32_USB_OTG_Driver/src/usb_core.o
                0x08015ca0                USB_OTG_GetDeviceSpeed
 .text.USB_OTG_EP0Activate
                0x08015cbc       0x2c project_build//home/karshan/gits/vaayu/software/mios32/trunk//drivers/STM32F4xx/v1.1.0/STM32_USB_OTG_Driver/src/usb_core.o
                0x08015cbc                USB_OTG_EP0Activate
 .text.USB_OTG_EPActivate
                0x08015ce8       0x5e project_build//home/karshan/gits/vaayu/software/mios32/trunk//drivers/STM32F4xx/v1.1.0/STM32_USB_OTG_Driver/src/usb_core.o
                0x08015ce8                USB_OTG_EPActivate
 .text.USB_OTG_EPDeactivate
                0x08015d46       0x3e project_build//home/karshan/gits/vaayu/software/mios32/trunk//drivers/STM32F4xx/v1.1.0/STM32_USB_OTG_Driver/src/usb_core.o
                0x08015d46                USB_OTG_EPDeactivate
 .text.USB_OTG_EPStartXfer
                0x08015d84      0x10a project_build//home/karshan/gits/vaayu/software/mios32/trunk//drivers/STM32F4xx/v1.1.0/STM32_USB_OTG_Driver/src/usb_core.o
                0x08015d84                USB_OTG_EPStartXfer
 .text.USB_OTG_EP0StartXfer
                0x08015e8e       0xda project_build//home/karshan/gits/vaayu/software/mios32/trunk//drivers/STM32F4xx/v1.1.0/STM32_USB_OTG_Driver/src/usb_core.o
                0x08015e8e                USB_OTG_EP0StartXfer
 .text.USB_OTG_EPSetStall