Archive member included because of file (symbol)

/home/karshan/gits/vaayu/software/gcc-arm-none-eabi-4_7-2013q3/bin/../lib/gcc/arm-none-eabi/4.7.4/armv7e-m/libgcc.a(_lshrdi3.o)
                              project_build//home/karshan/gits/vaayu/software/mios32/trunk//modules/app_lcd/universal/app_lcd.o (__aeabi_llsr)
/home/karshan/gits/vaayu/software/gcc-arm-none-eabi-4_7-2013q3/bin/../lib/gcc/arm-none-eabi/4.7.4/armv7e-m/libgcc.a(_ashldi3.o)
                              project_build//home/karshan/gits/vaayu/software/mios32/trunk//modules/app_lcd/universal/app_lcd.o (__aeabi_llsl)
/home/karshan/gits/vaayu/software/gcc-arm-none-eabi-4_7-2013q3/bin/../lib/gcc/arm-none-eabi/4.7.4/armv7e-m/libgcc.a(_arm_muldivdf3.o)
                              project_build//home/karshan/gits/vaayu/software/mios32/trunk//mios32/common/mios32_osc.o (__aeabi_dmul)
/home/karshan/gits/vaayu/software/gcc-arm-none-eabi-4_7-2013q3/bin/../lib/gcc/arm-none-eabi/4.7.4/armv7e-m/libgcc.a(_arm_fixdfsi.o)
                              project_build//home/karshan/gits/vaayu/software/mios32/trunk//mios32/common/mios32_osc.o (__aeabi_d2iz)
/home/karshan/gits/vaayu/software/gcc-arm-none-eabi-4_7-2013q3/bin/../lib/gcc/arm-none-eabi/4.7.4/armv7e-m/libgcc.a(_arm_muldivsf3.o)
                              project_build//home/karshan/gits/vaayu/software/mios32/trunk//mios32/common/mios32_osc.o (__aeabi_fmul)
/home/karshan/gits/vaayu/software/gcc-arm-none-eabi-4_7-2013q3/bin/../lib/gcc/arm-none-eabi/4.7.4/armv7e-m/libgcc.a(_arm_fixsfsi.o)
                              project_build//home/karshan/gits/vaayu/software/mios32/trunk//mios32/common/mios32_osc.o (__aeabi_f2iz)
/home/karshan/gits/vaayu/software/gcc-arm-none-eabi-4_7-2013q3/bin/../lib/gcc/arm-none-eabi/4.7.4/../../../../arm-none-eabi/lib/armv7e-m/libc_s.a(lib_a-ctype_.o)
                              project_build//home/karshan/gits/vaayu/software/mios32/trunk//programming_models/traditional/strtol.o (__ctype_ptr__)
/home/karshan/gits/vaayu/software/gcc-arm-none-eabi-4_7-2013q3/bin/../lib/gcc/arm-none-eabi/4.7.4/../../../../arm-none-eabi/lib/armv7e-m/libc_s.a(lib_a-init.o)
                              project_build//home/karshan/gits/vaayu/software/mios32/trunk//programming_models/traditional/main.o (__libc_init_array)
/home/karshan/gits/vaayu/software/gcc-arm-none-eabi-4_7-2013q3/bin/../lib/gcc/arm-none-eabi/4.7.4/../../../../arm-none-eabi/lib/armv7e-m/libc_s.a(lib_a-memcpy.o)
                              project_build//home/karshan/gits/vaayu/software/mios32/trunk//FreeRTOS/Source/queue.o (memcpy)
/home/karshan/gits/vaayu/software/gcc-arm-none-eabi-4_7-2013q3/bin/../lib/gcc/arm-none-eabi/4.7.4/../../../../arm-none-eabi/lib/armv7e-m/libc_s.a(lib_a-memmove.o)
                              project_build//home/karshan/gits/vaayu/software/mios32/trunk//FreeRTOS/Source/portable/MemMang/umm_malloc.o (memmove)
/home/karshan/gits/vaayu/software/gcc-arm-none-eabi-4_7-2013q3/bin/../lib/gcc/arm-none-eabi/4.7.4/../../../../arm-none-eabi/lib/armv7e-m/libc_s.a(lib_a-memset.o)
                              project_build//home/karshan/gits/vaayu/software/mios32/trunk//FreeRTOS/Source/tasks.o (memset)
/home/karshan/gits/vaayu/software/gcc-arm-none-eabi-4_7-2013q3/bin/../lib/gcc/arm-none-eabi/4.7.4/../../../../arm-none-eabi/lib/armv7e-m/libc_s.a(lib_a-stpcpy.o)
                              project_build//home/karshan/gits/vaayu/software/mios32/trunk//mios32/common/mios32_osc.o (stpcpy)
/home/karshan/gits/vaayu/software/gcc-arm-none-eabi-4_7-2013q3/bin/../lib/gcc/arm-none-eabi/4.7.4/../../../../arm-none-eabi/lib/armv7e-m/libc_s.a(lib_a-strcasecmp.o)
                              project_build//home/karshan/gits/vaayu/software/mios32/trunk//modules/app_lcd/universal/app_lcd.o (strcasecmp)
/home/karshan/gits/vaayu/software/gcc-arm-none-eabi-4_7-2013q3/bin/../lib/gcc/arm-none-eabi/4.7.4/../../../../arm-none-eabi/lib/armv7e-m/libc_s.a(lib_a-strlen.o)
                              project_build//home/karshan/gits/vaayu/software/mios32/trunk//mios32/common/mios32_midi.o (strlen)
/home/karshan/gits/vaayu/software/gcc-arm-none-eabi-4_7-2013q3/bin/../lib/gcc/arm-none-eabi/4.7.4/../../../../arm-none-eabi/lib/armv7e-m/libc_s.a(lib_a-strncmp.o)
                              project_build//home/karshan/gits/vaayu/software/mios32/trunk//mios32/common/mios32_osc.o (strncmp)
/home/karshan/gits/vaayu/software/gcc-arm-none-eabi-4_7-2013q3/bin/../lib/gcc/arm-none-eabi/4.7.4/../../../../arm-none-eabi/lib/armv7e-m/libc_s.a(lib_a-strncpy.o)
                              project_build//home/karshan/gits/vaayu/software/mios32/trunk//FreeRTOS/Source/tasks.o (strncpy)
/home/karshan/gits/vaayu/software/gcc-arm-none-eabi-4_7-2013q3/bin/../lib/gcc/arm-none-eabi/4.7.4/../../../../arm-none-eabi/lib/armv7e-m/libc_s.a(lib_a-strtok_r.o)
                              project_build//home/karshan/gits/vaayu/software/mios32/trunk//modules/app_lcd/universal/app_lcd.o (strtok_r)

Allocating common symbols
[...]
Memory Configuration

Name             Origin             Length             Attributes
RAM              0x20000000         0x00030000         xrw
FLASH_SECTOR0    0x08000000         0x00004000         xr
FLASH_SECTOR1    0x08004000         0x00004000         xr
FLASH_SECTOR2    0x08008000         0x00004000         xr
FLASH_SECTOR3    0x0800c000         0x00004000         xr
FLASH            0x08010000         0x000f0000         xr
FLASHB1          0x00000000         0x00000000         xr
EXTMEMB0         0x00000000         0x00000000         xr
EXTMEMB1         0x00000000         0x00000000         xr
EXTMEMB2         0x00000000         0x00000000         xr
EXTMEMB3         0x00000000         0x00000000         xr
*default*        0x00000000         0xffffffff

Linker script and memory map

LOAD project_build/app.o
LOAD project_build//home/karshan/gits/vaayu/software/mios32/trunk//programming_models/traditional/main.o
LOAD project_build//home/karshan/gits/vaayu/software/mios32/trunk//programming_models/traditional/strtol.o
LOAD project_build//home/karshan/gits/vaayu/software/mios32/trunk//FreeRTOS/Source/tasks.o
LOAD project_build//home/karshan/gits/vaayu/software/mios32/trunk//FreeRTOS/Source/list.o
LOAD project_build//home/karshan/gits/vaayu/software/mios32/trunk//FreeRTOS/Source/queue.o
LOAD project_build//home/karshan/gits/vaayu/software/mios32/trunk//FreeRTOS/Source/timers.o
LOAD project_build//home/karshan/gits/vaayu/software/mios32/trunk//FreeRTOS/Source/portable/GCC/ARM_CM3/port.o
LOAD project_build//home/karshan/gits/vaayu/software/mios32/trunk//FreeRTOS/Source/portable/MemMang/umm_malloc.o
LOAD project_build//home/karshan/gits/vaayu/software/mios32/trunk//programming_models/traditional/startup_stm32f4xx.o
LOAD project_build//home/karshan/gits/vaayu/software/mios32/trunk//mios32/common/mios32_srio.o
LOAD project_build//home/karshan/gits/vaayu/software/mios32/trunk//mios32/common/mios32_din.o
LOAD project_build//home/karshan/gits/vaayu/software/mios32/trunk//mios32/common/mios32_dout.o
LOAD project_build//home/karshan/gits/vaayu/software/mios32/trunk//mios32/common/mios32_enc.o
LOAD project_build//home/karshan/gits/vaayu/software/mios32/trunk//mios32/common/mios32_lcd.o
LOAD project_build//home/karshan/gits/vaayu/software/mios32/trunk//mios32/common/mios32_midi.o
LOAD project_build//home/karshan/gits/vaayu/software/mios32/trunk//mios32/common/mios32_osc.o
LOAD project_build//home/karshan/gits/vaayu/software/mios32/trunk//mios32/common/mios32_com.o
LOAD project_build//home/karshan/gits/vaayu/software/mios32/trunk//mios32/common/mios32_uart_midi.o
LOAD project_build//home/karshan/gits/vaayu/software/mios32/trunk//mios32/common/mios32_spi_midi.o
LOAD project_build//home/karshan/gits/vaayu/software/mios32/trunk//mios32/common/mios32_iic_midi.o
LOAD project_build//home/karshan/gits/vaayu/software/mios32/trunk//mios32/common/mios32_iic_bs.o
LOAD project_build//home/karshan/gits/vaayu/software/mios32/trunk//mios32/common/mios32_mf.o
LOAD project_build//home/karshan/gits/vaayu/software/mios32/trunk//mios32/common/mios32_sdcard.o
LOAD project_build//home/karshan/gits/vaayu/software/mios32/trunk//mios32/common/mios32_enc28j60.o
LOAD project_build//home/karshan/gits/vaayu/software/mios32/trunk//mios32/common/mios32_timestamp.o
LOAD project_build//home/karshan/gits/vaayu/software/mios32/trunk//mios32/STM32F4xx/mios32_bsl.o
LOAD project_build//home/karshan/gits/vaayu/software/mios32/trunk//mios32/STM32F4xx/mios32_sys.o
LOAD project_build//home/karshan/gits/vaayu/software/mios32/trunk//mios32/STM32F4xx/mios32_irq.o
LOAD project_build//home/karshan/gits/vaayu/software/mios32/trunk//mios32/STM32F4xx/mios32_spi.o
LOAD project_build//home/karshan/gits/vaayu/software/mios32/trunk//mios32/STM32F4xx/mios32_i2s.o
LOAD project_build//home/karshan/gits/vaayu/software/mios32/trunk//mios32/STM32F4xx/mios32_board.o
LOAD project_build//home/karshan/gits/vaayu/software/mios32/trunk//mios32/STM32F4xx/mios32_timer.o
LOAD project_build//home/karshan/gits/vaayu/software/mios32/trunk//mios32/STM32F4xx/mios32_stopwatch.o
LOAD project_build//home/karshan/gits/vaayu/software/mios32/trunk//mios32/STM32F4xx/mios32_delay.o
LOAD project_build//home/karshan/gits/vaayu/software/mios32/trunk//mios32/STM32F4xx/mios32_ain.o
LOAD project_build//home/karshan/gits/vaayu/software/mios32/trunk//mios32/STM32F4xx/mios32_usb.o
LOAD project_build//home/karshan/gits/vaayu/software/mios32/trunk//mios32/STM32F4xx/mios32_usb_midi.o
LOAD project_build//home/karshan/gits/vaayu/software/mios32/trunk//mios32/STM32F4xx/mios32_usb_com.o
LOAD project_build//home/karshan/gits/vaayu/software/mios32/trunk//mios32/STM32F4xx/mios32_uart.o
LOAD project_build//home/karshan/gits/vaayu/software/mios32/trunk//mios32/STM32F4xx/mios32_iic.o
LOAD project_build//home/karshan/gits/vaayu/software/mios32/trunk//mios32/common/printf-stdarg.o
LOAD project_build//home/karshan/gits/vaayu/software/mios32/trunk//drivers/STM32F4xx/v1.1.0/STM32F4xx_StdPeriph_Driver/src/misc.o
LOAD project_build//home/karshan/gits/vaayu/software/mios32/trunk//drivers/STM32F4xx/v1.1.0/STM32F4xx_StdPeriph_Driver/src/stm32f4xx_adc.o
LOAD project_build//home/karshan/gits/vaayu/software/mios32/trunk//drivers/STM32F4xx/v1.1.0/STM32F4xx_StdPeriph_Driver/src/stm32f4xx_can.o
LOAD project_build//home/karshan/gits/vaayu/software/mios32/trunk//drivers/STM32F4xx/v1.1.0/STM32F4xx_StdPeriph_Driver/src/stm32f4xx_crc.o
LOAD project_build//home/karshan/gits/vaayu/software/mios32/trunk//drivers/STM32F4xx/v1.1.0/STM32F4xx_StdPeriph_Driver/src/stm32f4xx_cryp.o
LOAD project_build//home/karshan/gits/vaayu/software/mios32/trunk//drivers/STM32F4xx/v1.1.0/STM32F4xx_StdPeriph_Driver/src/stm32f4xx_cryp_aes.o
LOAD project_build//home/karshan/gits/vaayu/software/mios32/trunk//drivers/STM32F4xx/v1.1.0/STM32F4xx_StdPeriph_Driver/src/stm32f4xx_cryp_des.o
LOAD project_build//home/karshan/gits/vaayu/software/mios32/trunk//drivers/STM32F4xx/v1.1.0/STM32F4xx_StdPeriph_Driver/src/stm32f4xx_cryp_tdes.o
LOAD project_build//home/karshan/gits/vaayu/software/mios32/trunk//drivers/STM32F4xx/v1.1.0/STM32F4xx_StdPeriph_Driver/src/stm32f4xx_dac.o
LOAD project_build//home/karshan/gits/vaayu/software/mios32/trunk//drivers/STM32F4xx/v1.1.0/STM32F4xx_StdPeriph_Driver/src/stm32f4xx_dbgmcu.o
LOAD project_build//home/karshan/gits/vaayu/software/mios32/trunk//drivers/STM32F4xx/v1.1.0/STM32F4xx_StdPeriph_Driver/src/stm32f4xx_dcmi.o
LOAD project_build//home/karshan/gits/vaayu/software/mios32/trunk//drivers/STM32F4xx/v1.1.0/STM32F4xx_StdPeriph_Driver/src/stm32f4xx_dma.o
LOAD project_build//home/karshan/gits/vaayu/software/mios32/trunk//drivers/STM32F4xx/v1.1.0/STM32F4xx_StdPeriph_Driver/src/stm32f4xx_exti.o
LOAD project_build//home/karshan/gits/vaayu/software/mios32/trunk//drivers/STM32F4xx/v1.1.0/STM32F4xx_StdPeriph_Driver/src/stm32f4xx_flash.o
LOAD project_build//home/karshan/gits/vaayu/software/mios32/trunk//drivers/STM32F4xx/v1.1.0/STM32F4xx_StdPeriph_Driver/src/stm32f4xx_fsmc.o
LOAD project_build//home/karshan/gits/vaayu/software/mios32/trunk//drivers/STM32F4xx/v1.1.0/STM32F4xx_StdPeriph_Driver/src/stm32f4xx_gpio.o
LOAD project_build//home/karshan/gits/vaayu/software/mios32/trunk//drivers/STM32F4xx/v1.1.0/STM32F4xx_StdPeriph_Driver/src/stm32f4xx_hash.o
LOAD project_build//home/karshan/gits/vaayu/software/mios32/trunk//drivers/STM32F4xx/v1.1.0/STM32F4xx_StdPeriph_Driver/src/stm32f4xx_hash_md5.o
LOAD project_build//home/karshan/gits/vaayu/software/mios32/trunk//drivers/STM32F4xx/v1.1.0/STM32F4xx_StdPeriph_Driver/src/stm32f4xx_hash_sha1.o
LOAD project_build//home/karshan/gits/vaayu/software/mios32/trunk//drivers/STM32F4xx/v1.1.0/STM32F4xx_StdPeriph_Driver/src/stm32f4xx_i2c.o
LOAD project_build//home/karshan/gits/vaayu/software/mios32/trunk//drivers/STM32F4xx/v1.1.0/STM32F4xx_StdPeriph_Driver/src/stm32f4xx_iwdg.o
LOAD project_build//home/karshan/gits/vaayu/software/mios32/trunk//drivers/STM32F4xx/v1.1.0/STM32F4xx_StdPeriph_Driver/src/stm32f4xx_pwr.o
LOAD project_build//home/karshan/gits/vaayu/software/mios32/trunk//drivers/STM32F4xx/v1.1.0/STM32F4xx_StdPeriph_Driver/src/stm32f4xx_rcc.o
LOAD project_build//home/karshan/gits/vaayu/software/mios32/trunk//drivers/STM32F4xx/v1.1.0/STM32F4xx_StdPeriph_Driver/src/stm32f4xx_rng.o
LOAD project_build//home/karshan/gits/vaayu/software/mios32/trunk//drivers/STM32F4xx/v1.1.0/STM32F4xx_StdPeriph_Driver/src/stm32f4xx_rtc.o
LOAD project_build//home/karshan/gits/vaayu/software/mios32/trunk//drivers/STM32F4xx/v1.1.0/STM32F4xx_StdPeriph_Driver/src/stm32f4xx_sdio.o
LOAD project_build//home/karshan/gits/vaayu/software/mios32/trunk//drivers/STM32F4xx/v1.1.0/STM32F4xx_StdPeriph_Driver/src/stm32f4xx_spi.o
LOAD project_build//home/karshan/gits/vaayu/software/mios32/trunk//drivers/STM32F4xx/v1.1.0/STM32F4xx_StdPeriph_Driver/src/stm32f4xx_syscfg.o
LOAD project_build//home/karshan/gits/vaayu/software/mios32/trunk//drivers/STM32F4xx/v1.1.0/STM32F4xx_StdPeriph_Driver/src/stm32f4xx_tim.o
LOAD project_build//home/karshan/gits/vaayu/software/mios32/trunk//drivers/STM32F4xx/v1.1.0/STM32F4xx_StdPeriph_Driver/src/stm32f4xx_usart.o
LOAD project_build//home/karshan/gits/vaayu/software/mios32/trunk//drivers/STM32F4xx/v1.1.0/STM32F4xx_StdPeriph_Driver/src/stm32f4xx_wwdg.o
LOAD project_build//home/karshan/gits/vaayu/software/mios32/trunk//drivers/STM32F4xx/v1.1.0/STM32_USB_Device_Library/Core/src/usbd_core.o
LOAD project_build//home/karshan/gits/vaayu/software/mios32/trunk//drivers/STM32F4xx/v1.1.0/STM32_USB_Device_Library/Core/src/usbd_ioreq.o
LOAD project_build//home/karshan/gits/vaayu/software/mios32/trunk//drivers/STM32F4xx/v1.1.0/STM32_USB_Device_Library/Core/src/usbd_req.o
LOAD project_build//home/karshan/gits/vaayu/software/mios32/trunk//drivers/STM32F4xx/v1.1.0/STM32_USB_HOST_Library/Core/src/usbh_core.o
LOAD project_build//home/karshan/gits/vaayu/software/mios32/trunk//drivers/STM32F4xx/v1.1.0/STM32_USB_HOST_Library/Core/src/usbh_hcs.o
LOAD project_build//home/karshan/gits/vaayu/software/mios32/trunk//drivers/STM32F4xx/v1.1.0/STM32_USB_HOST_Library/Core/src/usbh_ioreq.o
LOAD project_build//home/karshan/gits/vaayu/software/mios32/trunk//drivers/STM32F4xx/v1.1.0/STM32_USB_HOST_Library/Core/src/usbh_stdreq.o
LOAD project_build//home/karshan/gits/vaayu/software/mios32/trunk//drivers/STM32F4xx/v1.1.0/STM32_USB_OTG_Driver/src/usb_core.o
LOAD project_build//home/karshan/gits/vaayu/software/mios32/trunk//drivers/STM32F4xx/v1.1.0/STM32_USB_OTG_Driver/src/usb_dcd.o
LOAD project_build//home/karshan/gits/vaayu/software/mios32/trunk//drivers/STM32F4xx/v1.1.0/STM32_USB_OTG_Driver/src/usb_dcd_int.o
LOAD project_build//home/karshan/gits/vaayu/software/mios32/trunk//drivers/STM32F4xx/v1.1.0/STM32_USB_OTG_Driver/src/usb_hcd.o
LOAD project_build//home/karshan/gits/vaayu/software/mios32/trunk//drivers/STM32F4xx/v1.1.0/STM32_USB_OTG_Driver/src/usb_hcd_int.o
LOAD project_build//home/karshan/gits/vaayu/software/mios32/trunk//drivers/STM32F4xx/v1.1.0/STM32_USB_OTG_Driver/src/usb_otg.o
LOAD project_build//home/karshan/gits/vaayu/software/mios32/trunk//modules/app_lcd/universal/app_lcd.o
LOAD project_build//home/karshan/gits/vaayu/software/mios32/trunk//modules/glcd_font/glcd_font_normal.o
LOAD project_build//home/karshan/gits/vaayu/software/mios32/trunk//modules/glcd_font/glcd_font_normal_inv.o
LOAD project_build//home/karshan/gits/vaayu/software/mios32/trunk//modules/glcd_font/glcd_font_big.o
LOAD project_build//home/karshan/gits/vaayu/software/mios32/trunk//modules/glcd_font/glcd_font_small.o
LOAD project_build//home/karshan/gits/vaayu/software/mios32/trunk//modules/glcd_font/glcd_font_tiny.o
LOAD project_build//home/karshan/gits/vaayu/software/mios32/trunk//modules/glcd_font/glcd_font_knob_icons.o
LOAD project_build//home/karshan/gits/vaayu/software/mios32/trunk//modules/glcd_font/glcd_font_meter_icons_h.o
LOAD project_build//home/karshan/gits/vaayu/software/mios32/trunk//modules/glcd_font/glcd_font_meter_icons_v.o
LOAD project_build//home/karshan/gits/vaayu/software/mios32/trunk//programming_models/traditional/mini_cpp.o
LOAD project_build//home/karshan/gits/vaayu/software/mios32/trunk//programming_models/traditional/freertos_heap.o
LOAD /home/karshan/gits/vaayu/software/gcc-arm-none-eabi-4_7-2013q3/bin/../lib/gcc/arm-none-eabi/4.7.4/../../../../arm-none-eabi/lib/armv7e-m/libstdc++_s.a
START GROUP
LOAD /home/karshan/gits/vaayu/software/gcc-arm-none-eabi-4_7-2013q3/bin/../lib/gcc/arm-none-eabi/4.7.4/armv7e-m/libgcc.a
LOAD /home/karshan/gits/vaayu/software/gcc-arm-none-eabi-4_7-2013q3/bin/../lib/gcc/arm-none-eabi/4.7.4/../../../../arm-none-eabi/lib/armv7e-m/libc_s.a
END GROUP
                0x20020000                _estack = 0x20020000
                0x00000080                __Stack_Size = 0x80
                0x00000080                PROVIDE (_Stack_Size, __Stack_Size)
                0x2001ff80                __Stack_Init = (_estack - __Stack_Size)
                0x2001ff80                PROVIDE (_Stack_Init, __Stack_Init)
                0x00000100                _Minimum_Stack_Size = 0x100
                0x42000000                PERIPH_BB_BASE = 0x42000000
                0x22000000                SRAM_BB_BASE = 0x22000000
                0x20000000                SRAM_BASE = 0x20000000
                0x40000000                PERIPH_BASE = 0x40000000
                0x40022000                PROVIDE (FLASH_BASE, 0x40022000)
                0x1ffff800                PROVIDE (OB_BASE, 0x1ffff800)
                0x40000000                APB1PERIPH_BASE = PERIPH_BASE
                0x40010000                APB2PERIPH_BASE = (PERIPH_BASE + 0x10000)
                0x40020000                AHBPERIPH_BASE = (PERIPH_BASE + 0x20000)
                0x40000000                PROVIDE (TIM2, (APB1PERIPH_BASE + 0x0))
                0x40000400                PROVIDE (TIM3, (APB1PERIPH_BASE + 0x400))
                0x40000800                PROVIDE (TIM4, (APB1PERIPH_BASE + 0x800))
                0x40002800                PROVIDE (RTC, (APB1PERIPH_BASE + 0x2800))
                0x40002c00                PROVIDE (WWDG, (APB1PERIPH_BASE + 0x2c00))
                0x40003000                PROVIDE (IWDG, (APB1PERIPH_BASE + 0x3000))
                0x40003800                PROVIDE (SPI2, (APB1PERIPH_BASE + 0x3800))
                0x40004400                PROVIDE (USART2, (APB1PERIPH_BASE + 0x4400))
                0x40004800                PROVIDE (USART3, (APB1PERIPH_BASE + 0x4800))
                0x40005400                PROVIDE (I2C1, (APB1PERIPH_BASE + 0x5400))
                0x40005800                PROVIDE (I2C2, (APB1PERIPH_BASE + 0x5800))
                0x40006400                PROVIDE (CAN, (APB1PERIPH_BASE + 0x6400))
                0x40006c00                PROVIDE (BKP, (APB1PERIPH_BASE + 0x6c00))
                0x40007000                PROVIDE (PWR, (APB1PERIPH_BASE + 0x7000))
                0x40010000                PROVIDE (AFIO, (APB2PERIPH_BASE + 0x0))
                0x40010400                PROVIDE (EXTI, (APB2PERIPH_BASE + 0x400))
                0x40010800                PROVIDE (GPIOA, (APB2PERIPH_BASE + 0x800))
                0x40010c00                PROVIDE (GPIOB, (APB2PERIPH_BASE + 0xc00))
                0x40011000                PROVIDE (GPIOC, (APB2PERIPH_BASE + 0x1000))
                0x40011400                PROVIDE (GPIOD, (APB2PERIPH_BASE + 0x1400))
                0x40011800                PROVIDE (GPIOE, (APB2PERIPH_BASE + 0x1800))
                0x40012400                PROVIDE (ADC1, (APB2PERIPH_BASE + 0x2400))
                0x40012800                PROVIDE (ADC2, (APB2PERIPH_BASE + 0x2800))
                0x40012c00                PROVIDE (TIM1, (APB2PERIPH_BASE + 0x2c00))
                0x40013000                PROVIDE (SPI1, (APB2PERIPH_BASE + 0x3000))
                0x40013800                PROVIDE (USART1, (APB2PERIPH_BASE + 0x3800))
                0x40020000                PROVIDE (DMA, (AHBPERIPH_BASE + 0x0))
                0x40020008                PROVIDE (DMA_Channel1, (AHBPERIPH_BASE + 0x8))
                0x4002001c                PROVIDE (DMA_Channel2, (AHBPERIPH_BASE + 0x1c))
                0x40020030                PROVIDE (DMA_Channel3, (AHBPERIPH_BASE + 0x30))
                0x40020044                PROVIDE (DMA_Channel4, (AHBPERIPH_BASE + 0x44))
                0x40020058                PROVIDE (DMA_Channel5, (AHBPERIPH_BASE + 0x58))
                0x4002006c                PROVIDE (DMA_Channel6, (AHBPERIPH_BASE + 0x6c))
                0x40020080                PROVIDE (DMA_Channel7, (AHBPERIPH_BASE + 0x80))
                0x40021000                PROVIDE (RCC, (AHBPERIPH_BASE + 0x1000))
                0xe000e000                SCS_BASE = 0xe000e000
                0xe000e010                PROVIDE (SysTick, (SCS_BASE + 0x10))
                0xe000e100                PROVIDE (NVIC, (SCS_BASE + 0x100))
                0xe000ed00                PROVIDE (SCB, (SCS_BASE + 0xd00))

.mios32_bsl     0x08000000     0x4000
                0x08000000                . = ALIGN (0x4)
 *(.mios32_bsl)
 .mios32_bsl    0x08000000     0x4000 project_build//home/karshan/gits/vaayu/software/mios32/trunk//mios32/STM32F4xx/mios32_bsl.o
                0x08000000                mios32_bsl_image
                0x08004000                . = ALIGN (0x4)

.isr_vector     0x08004000      0x188
                0x08004000                _mios32_sys_isr_vector = .
                0x08004000                . = ALIGN (0x4)
 *(.isr_vector)
 .isr_vector    0x08004000      0x188 project_build//home/karshan/gits/vaayu/software/mios32/trunk//programming_models/traditional/startup_stm32f4xx.o
                0x08004000                g_pfnVectors
                0x08004188                . = ALIGN (0x4)
                0x08004000                PROVIDE (mios32_sys_isr_vector, _mios32_sys_isr_vector)

.flashtext      0x08010000        0x0
                0x08010000                . = ALIGN (0x4)
 *(.flashtext)
                0x08010000                . = ALIGN (0x4)

.text           0x08010000     0x79b8
                0x08010000                . = ALIGN (0x4)
 CREATE_OBJECT_SYMBOLS
 *(.text .text.* .gnu.linkonce.t.*)
 .text.SYSEX_Parser
                0x08010000       0x6c project_build/app.o
                0x08010000                SYSEX_Parser
 .text.APP_Init
                0x0801006c       0x70 project_build/app.o
                0x0801006c                APP_Init
 .text.APP_Background
                0x080100dc        0x2 project_build/app.o
                0x080100dc                APP_Background
 .text.APP_MIDI_NotifyPackage
                0x080100de        0x2 project_build/app.o
                0x080100de                APP_MIDI_NotifyPackage
 .text.ws2812_low
                0x080100e0      0x102 project_build/app.o
                0x080100e0                ws2812_low
 .text.ws2812_high
                0x080101e2      0x102 project_build/app.o
                0x080101e2                ws2812_high
 .text.ws2812_shiftOut
                0x080102e4       0x20 project_build/app.o
                0x080102e4                ws2812_shiftOut
 .text.TASK_LED
                0x08010304       0x30 project_build/app.o
                0x08010304                TASK_LED
 .text.notify_button
                0x08010334       0x20 project_build/app.o
                0x08010334                notify_button
 .text.setColumns
                0x08010354       0x1c project_build/app.o
                0x08010354                setColumns
 .text.getRows  0x08010370       0x1a project_build/app.o
                0x08010370                getRows
 *fill*         0x0801038a        0x2 00
 .text.APP_Tick
                0x0801038c       0x7c project_build/app.o
                0x0801038c                APP_Tick
 .text.TASK_Hooks
                0x08010408       0x24 project_build//home/karshan/gits/vaayu/software/mios32/trunk//programming_models/traditional/main.o
 .text.APP_MIDI_Tick
                0x0801042c        0x2 project_build//home/karshan/gits/vaayu/software/mios32/trunk//programming_models/traditional/main.o
                0x0801042c                APP_MIDI_Tick
 *fill*         0x0801042e        0x2 00
 .text.TASK_MIDI_Hooks
                0x08010430       0x34 project_build//home/karshan/gits/vaayu/software/mios32/trunk//programming_models/traditional/main.o
 .text.startup.main
                0x08010464       0x90 project_build//home/karshan/gits/vaayu/software/mios32/trunk//programming_models/traditional/main.o
                0x08010464                main
 .text.vApplicationTickHook
                0x080104f4        0x4 project_build//home/karshan/gits/vaayu/software/mios32/trunk//programming_models/traditional/main.o
                0x080104f4                vApplicationTickHook
 .text.vApplicationIdleHook
                0x080104f8        0x4 project_build//home/karshan/gits/vaayu/software/mios32/trunk//programming_models/traditional/main.o
                0x080104f8                vApplicationIdleHook
 .text._abort   0x080104fc       0x40 project_build//home/karshan/gits/vaayu/software/mios32/trunk//programming_models/traditional/main.o
                0x080104fc                _abort
 .text.HardFault_Handler_c
                0x0801053c      0x10c project_build//home/karshan/gits/vaayu/software/mios32/trunk//programming_models/traditional/main.o
                0x0801053c                HardFault_Handler_c
 .text.HardFault_Handler
                0x08010648       0x14 project_build//home/karshan/gits/vaayu/software/mios32/trunk//programming_models/traditional/main.o
                0x08010648                HardFault_Handler
 .text.prvAddCurrentTaskToDelayedList
                0x0801065c       0x50 project_build//home/karshan/gits/vaayu/software/mios32/trunk//FreeRTOS/Source/tasks.o
 .text.xTaskGenericCreate
                0x080106ac      0x194 project_build//home/karshan/gits/vaayu/software/mios32/trunk//FreeRTOS/Source/tasks.o
                0x080106ac                xTaskGenericCreate
 .text.vTaskStartScheduler
                0x08010840       0x4c project_build//home/karshan/gits/vaayu/software/mios32/trunk//FreeRTOS/Source/tasks.o
                0x08010840                vTaskStartScheduler
 .text.vTaskSuspendAll
                0x0801088c       0x10 project_build//home/karshan/gits/vaayu/software/mios32/trunk//FreeRTOS/Source/tasks.o
                0x0801088c                vTaskSuspendAll
 .text.xTaskGetTickCount
                0x0801089c       0x18 project_build//home/karshan/gits/vaayu/software/mios32/trunk//FreeRTOS/Source/tasks.o
                0x0801089c                xTaskGetTickCount
 .text.vTaskIncrementTick
                0x080108b4       0xec project_build//home/karshan/gits/vaayu/software/mios32/trunk//FreeRTOS/Source/tasks.o
                0x080108b4                vTaskIncrementTick
 .text.xTaskResumeAll
                0x080109a0       0xc4 project_build//home/karshan/gits/vaayu/software/mios32/trunk//FreeRTOS/Source/tasks.o
                0x080109a0                xTaskResumeAll
 .text.prvIdleTask
                0x08010a64       0x68 project_build//home/karshan/gits/vaayu/software/mios32/trunk//FreeRTOS/Source/tasks.o
 .text.vTaskDelayUntil
                0x08010acc       0x78 project_build//home/karshan/gits/vaayu/software/mios32/trunk//FreeRTOS/Source/tasks.o
                0x08010acc                vTaskDelayUntil
 .text.vTaskSwitchContext
                0x08010b44       0x54 project_build//home/karshan/gits/vaayu/software/mios32/trunk//FreeRTOS/Source/tasks.o
                0x08010b44                vTaskSwitchContext
 .text.vListInitialise
                0x08010b98       0x16 project_build//home/karshan/gits/vaayu/software/mios32/trunk//FreeRTOS/Source/list.o
                0x08010b98                vListInitialise
 .text.vListInitialiseItem
                0x08010bae        0x6 project_build//home/karshan/gits/vaayu/software/mios32/trunk//FreeRTOS/Source/list.o
                0x08010bae                vListInitialiseItem
 .text.vListInsertEnd
                0x08010bb4       0x1a project_build//home/karshan/gits/vaayu/software/mios32/trunk//FreeRTOS/Source/list.o
                0x08010bb4                vListInsertEnd
 .text.vListInsert
                0x08010bce       0x30 project_build//home/karshan/gits/vaayu/software/mios32/trunk//FreeRTOS/Source/list.o
                0x08010bce                vListInsert
 .text.uxListRemove
                0x08010bfe       0x22 project_build//home/karshan/gits/vaayu/software/mios32/trunk//FreeRTOS/Source/list.o
                0x08010bfe                uxListRemove
 .text.prvPortStartFirstTask
                0x08010c20       0x14 project_build//home/karshan/gits/vaayu/software/mios32/trunk//FreeRTOS/Source/portable/GCC/ARM_CM3/port.o
 .text.pxPortInitialiseStack
                0x08010c34       0x16 project_build//home/karshan/gits/vaayu/software/mios32/trunk//FreeRTOS/Source/portable/GCC/ARM_CM3/port.o
                0x08010c34                pxPortInitialiseStack
 *fill*         0x08010c4a        0x2 00
 .text.vPortSVCHandler
                0x08010c4c       0x20 project_build//home/karshan/gits/vaayu/software/mios32/trunk//FreeRTOS/Source/portable/GCC/ARM_CM3/port.o
                0x08010c4c                vPortSVCHandler
 .text.vPortYieldFromISR
                0x08010c6c       0x10 project_build//home/karshan/gits/vaayu/software/mios32/trunk//FreeRTOS/Source/portable/GCC/ARM_CM3/port.o
                0x08010c6c                vPortYieldFromISR
 .text.ulPortSetInterruptMask
                0x08010c7c       0x10 project_build//home/karshan/gits/vaayu/software/mios32/trunk//FreeRTOS/Source/portable/GCC/ARM_CM3/port.o
                0x08010c7c                ulPortSetInterruptMask
 .text.vPortEnterCritical
                0x08010c8c       0x14 project_build//home/karshan/gits/vaayu/software/mios32/trunk//FreeRTOS/Source/portable/GCC/ARM_CM3/port.o
                0x08010c8c                vPortEnterCritical
 .text.vPortClearInterruptMask
                0x08010ca0        0x6 project_build//home/karshan/gits/vaayu/software/mios32/trunk//FreeRTOS/Source/portable/GCC/ARM_CM3/port.o
                0x08010ca0                vPortClearInterruptMask
 *fill*         0x08010ca6        0x2 00
 .text.vPortExitCritical
                0x08010ca8       0x14 project_build//home/karshan/gits/vaayu/software/mios32/trunk//FreeRTOS/Source/portable/GCC/ARM_CM3/port.o
                0x08010ca8                vPortExitCritical
 .text.xPortPendSVHandler
                0x08010cbc       0x3c project_build//home/karshan/gits/vaayu/software/mios32/trunk//FreeRTOS/Source/portable/GCC/ARM_CM3/port.o
                0x08010cbc                xPortPendSVHandler
 .text.xPortSysTickHandler
                0x08010cf8       0x20 project_build//home/karshan/gits/vaayu/software/mios32/trunk//FreeRTOS/Source/portable/GCC/ARM_CM3/port.o
                0x08010cf8                xPortSysTickHandler
 .text.vPortSetupTimerInterrupt
                0x08010d18       0x18 project_build//home/karshan/gits/vaayu/software/mios32/trunk//FreeRTOS/Source/portable/GCC/ARM_CM3/port.o
                0x08010d18                vPortSetupTimerInterrupt
 .text.xPortStartScheduler
                0x08010d30       0x30 project_build//home/karshan/gits/vaayu/software/mios32/trunk//FreeRTOS/Source/portable/GCC/ARM_CM3/port.o
                0x08010d30                xPortStartScheduler
 .text.umm_disconnect_from_free_list
                0x08010d60       0x2c project_build//home/karshan/gits/vaayu/software/mios32/trunk//FreeRTOS/Source/portable/MemMang/umm_malloc.o
 .text.umm_assimilate_up
                0x08010d8c       0x4c project_build//home/karshan/gits/vaayu/software/mios32/trunk//FreeRTOS/Source/portable/MemMang/umm_malloc.o
 .text.vPortFree
                0x08010dd8       0x74 project_build//home/karshan/gits/vaayu/software/mios32/trunk//FreeRTOS/Source/portable/MemMang/umm_malloc.o
                0x08010dd8                vPortFree
 .text.pvPortMalloc
                0x08010e4c      0x11c project_build//home/karshan/gits/vaayu/software/mios32/trunk//FreeRTOS/Source/portable/MemMang/umm_malloc.o
                0x08010e4c                pvPortMalloc
 .text.Default_Handler
                0x08010f68        0x2 project_build//home/karshan/gits/vaayu/software/mios32/trunk//programming_models/traditional/startup_stm32f4xx.o
                0x08010f68                RTC_Alarm_IRQHandler
                0x08010f68                HASH_RNG_IRQHandler
                0x08010f68                EXTI2_IRQHandler
                0x08010f68                TIM8_CC_IRQHandler
                0x08010f68                DebugMon_Handler
                0x08010f68                TIM1_CC_IRQHandler
                0x08010f68                DMA2_Stream5_IRQHandler
                0x08010f68                DMA1_Stream5_IRQHandler
                0x08010f68                SysTick_Handler
                0x08010f68                PVD_IRQHandler
                0x08010f68                SDIO_IRQHandler
                0x08010f68                TAMP_STAMP_IRQHandler
                0x08010f68                PendSV_Handler
                0x08010f68                NMI_Handler
                0x08010f68                CAN2_RX1_IRQHandler
                0x08010f68                EXTI3_IRQHandler
                0x08010f68                TIM8_TRG_COM_TIM14_IRQHandler
                0x08010f68                TIM1_UP_TIM10_IRQHandler
                0x08010f68                TIM8_UP_TIM13_IRQHandler
                0x08010f68                I2C3_ER_IRQHandler
                0x08010f68                EXTI0_IRQHandler
                0x08010f68                DMA1_Stream2_IRQHandler
                0x08010f68                CAN1_RX0_IRQHandler
                0x08010f68                FPU_IRQHandler
                0x08010f68                OTG_HS_WKUP_IRQHandler
                0x08010f68                UsageFault_Handler
                0x08010f68                CAN2_SCE_IRQHandler
                0x08010f68                DMA2_Stream2_IRQHandler
                0x08010f68                SPI1_IRQHandler
                0x08010f68                TIM6_DAC_IRQHandler
                0x08010f68                TIM1_BRK_TIM9_IRQHandler
                0x08010f68                DCMI_IRQHandler
                0x08010f68                CAN2_RX0_IRQHandler
                0x08010f68                DMA2_Stream3_IRQHandler
                0x08010f68                USART6_IRQHandler
                0x08010f68                CRYP_IRQHandler
                0x08010f68                CAN1_RX1_IRQHandler
                0x08010f68                UART5_IRQHandler
                0x08010f68                DMA2_Stream0_IRQHandler
                0x08010f68                TIM4_IRQHandler
                0x08010f68                DMA1_Stream6_IRQHandler
                0x08010f68                DMA1_Stream1_IRQHandler
                0x08010f68                UART4_IRQHandler
                0x08010f68                RCC_IRQHandler
                0x08010f68                TIM8_BRK_TIM12_IRQHandler
                0x08010f68                Default_Handler
                0x08010f68                EXTI15_10_IRQHandler
                0x08010f68                ADC_IRQHandler
                0x08010f68                DMA1_Stream7_IRQHandler
                0x08010f68                TIM7_IRQHandler
                0x08010f68                CAN2_TX_IRQHandler
                0x08010f68                DMA2_Stream7_IRQHandler
                0x08010f68                I2C3_EV_IRQHandler
                0x08010f68                EXTI9_5_IRQHandler
                0x08010f68                RTC_WKUP_IRQHandler
                0x08010f68                ETH_WKUP_IRQHandler
                0x08010f68                SPI2_IRQHandler
                0x08010f68                OTG_HS_EP1_IN_IRQHandler
                0x08010f68                MemManage_Handler
                0x08010f68                DMA1_Stream0_IRQHandler
                0x08010f68                CAN1_TX_IRQHandler
                0x08010f68                SVC_Handler
                0x08010f68                EXTI4_IRQHandler
                0x08010f68                FSMC_IRQHandler
                0x08010f68                ETH_IRQHandler
                0x08010f68                OTG_HS_EP1_OUT_IRQHandler
                0x08010f68                WWDG_IRQHandler
                0x08010f68                OTG_FS_WKUP_IRQHandler
                0x08010f68                TIM1_TRG_COM_TIM11_IRQHandler
                0x08010f68                OTG_HS_IRQHandler
                0x08010f68                EXTI1_IRQHandler
                0x08010f68                DMA2_Stream1_IRQHandler
                0x08010f68                CAN1_SCE_IRQHandler
                0x08010f68                FLASH_IRQHandler
                0x08010f68                DMA2_Stream4_IRQHandler
                0x08010f68                BusFault_Handler
                0x08010f68                USART1_IRQHandler
                0x08010f68                SPI3_IRQHandler
                0x08010f68                DMA1_Stream4_IRQHandler
                0x08010f68                DMA2_Stream6_IRQHandler
                0x08010f68                DMA1_Stream3_IRQHandler
 *fill*         0x08010f6a        0x2 00
 .text.Reset_Handler
                0x08010f6c       0x4c project_build//home/karshan/gits/vaayu/software/mios32/trunk//programming_models/traditional/startup_stm32f4xx.o
                0x08010f6c                Reset_Handler
 .text._init    0x08010fb8        0x2 project_build//home/karshan/gits/vaayu/software/mios32/trunk//programming_models/traditional/startup_stm32f4xx.o
                0x08010fb8                _init
 *fill*         0x08010fba        0x2 00
 .text.MIOS32_MIDI_Init
                0x08010fbc       0xc8 project_build//home/karshan/gits/vaayu/software/mios32/trunk//mios32/common/mios32_midi.o
                0x08010fbc                MIOS32_MIDI_Init
 .text.MIOS32_MIDI_SendPackage
                0x08011084       0x84 project_build//home/karshan/gits/vaayu/software/mios32/trunk//mios32/common/mios32_midi.o
                0x08011084                MIOS32_MIDI_SendPackage
 .text.MIOS32_MIDI_SendEvent
                0x08011108       0x1e project_build//home/karshan/gits/vaayu/software/mios32/trunk//mios32/common/mios32_midi.o
                0x08011108                MIOS32_MIDI_SendEvent
 .text.MIOS32_MIDI_SendNoteOn
                0x08011126        0x8 project_build//home/karshan/gits/vaayu/software/mios32/trunk//mios32/common/mios32_midi.o
                0x08011126                MIOS32_MIDI_SendNoteOn
 .text.MIOS32_MIDI_SendSysEx
                0x0801112e       0x82 project_build//home/karshan/gits/vaayu/software/mios32/trunk//mios32/common/mios32_midi.o
                0x0801112e                MIOS32_MIDI_SendSysEx
 .text.MIOS32_MIDI_SYSEX_SendAckStr
                0x080111b0       0x5c project_build//home/karshan/gits/vaayu/software/mios32/trunk//mios32/common/mios32_midi.o
 .text.MIOS32_MIDI_SYSEX_SendAck
                0x0801120c       0x48 project_build//home/karshan/gits/vaayu/software/mios32/trunk//mios32/common/mios32_midi.o
 .text.MIOS32_MIDI_SendDebugStringHeader
                0x08011254       0x68 project_build//home/karshan/gits/vaayu/software/mios32/trunk//mios32/common/mios32_midi.o
                0x08011254                MIOS32_MIDI_SendDebugStringHeader
 .text.MIOS32_MIDI_SendDebugStringBody
                0x080112bc       0x6a project_build//home/karshan/gits/vaayu/software/mios32/trunk//mios32/common/mios32_midi.o
                0x080112bc                MIOS32_MIDI_SendDebugStringBody
 .text.MIOS32_MIDI_SendDebugStringFooter
                0x08011326       0x1a project_build//home/karshan/gits/vaayu/software/mios32/trunk//mios32/common/mios32_midi.o
                0x08011326                MIOS32_MIDI_SendDebugStringFooter
 .text.MIOS32_MIDI_SendDebugString
                0x08011340       0x38 project_build//home/karshan/gits/vaayu/software/mios32/trunk//mios32/common/mios32_midi.o
                0x08011340                MIOS32_MIDI_SendDebugString
 .text.MIOS32_MIDI_SendDebugMessage
                0x08011378       0x50 project_build//home/karshan/gits/vaayu/software/mios32/trunk//mios32/common/mios32_midi.o
                0x08011378                MIOS32_MIDI_SendDebugMessage
 .text.MIOS32_MIDI_TimeOut
                0x080113c8       0x50 project_build//home/karshan/gits/vaayu/software/mios32/trunk//mios32/common/mios32_midi.o
 .text.MIOS32_MIDI_Periodic_mS
                0x08011418       0x34 project_build//home/karshan/gits/vaayu/software/mios32/trunk//mios32/common/mios32_midi.o
                0x08011418                MIOS32_MIDI_Periodic_mS
 .text.MIOS32_MIDI_SendByteToRxCallback
                0x0801144c       0x14 project_build//home/karshan/gits/vaayu/software/mios32/trunk//mios32/common/mios32_midi.o
                0x0801144c                MIOS32_MIDI_SendByteToRxCallback
 .text.MIOS32_MIDI_SendPackageToRxCallback
                0x08011460       0x50 project_build//home/karshan/gits/vaayu/software/mios32/trunk//mios32/common/mios32_midi.o
                0x08011460                MIOS32_MIDI_SendPackageToRxCallback
 .text.MIOS32_MIDI_DebugPortSet
                0x080114b0       0x18 project_build//home/karshan/gits/vaayu/software/mios32/trunk//mios32/common/mios32_midi.o
                0x080114b0                MIOS32_MIDI_DebugPortSet
 .text.MIOS32_MIDI_SYSEX_Cmd
                0x080114c8      0x1b4 project_build//home/karshan/gits/vaayu/software/mios32/trunk//mios32/common/mios32_midi.o
 .text.MIOS32_MIDI_SYSEX_Parser
                0x0801167c       0xd8 project_build//home/karshan/gits/vaayu/software/mios32/trunk//mios32/common/mios32_midi.o
 .text.MIOS32_MIDI_ReceivePackage
                0x08011754      0x22c project_build//home/karshan/gits/vaayu/software/mios32/trunk//mios32/common/mios32_midi.o
                0x08011754                MIOS32_MIDI_ReceivePackage
 .text.MIOS32_MIDI_Receive_Handler
                0x08011980      0x11c project_build//home/karshan/gits/vaayu/software/mios32/trunk//mios32/common/mios32_midi.o
                0x08011980                MIOS32_MIDI_Receive_Handler
 .text.MIOS32_MIDI_SysExCallback_Init
                0x08011a9c        0xc project_build//home/karshan/gits/vaayu/software/mios32/trunk//mios32/common/mios32_midi.o
                0x08011a9c                MIOS32_MIDI_SysExCallback_Init
 .text.MIOS32_OSC_Init
                0x08011aa8        0xc project_build//home/karshan/gits/vaayu/software/mios32/trunk//mios32/common/mios32_osc.o
                0x08011aa8                MIOS32_OSC_Init
 .text.MIOS32_UART_MIDI_RS_Reset
                0x08011ab4       0x30 project_build//home/karshan/gits/vaayu/software/mios32/trunk//mios32/common/mios32_uart_midi.o
                0x08011ab4                MIOS32_UART_MIDI_RS_Reset
 .text.MIOS32_UART_MIDI_Init
                0x08011ae4       0x4c project_build//home/karshan/gits/vaayu/software/mios32/trunk//mios32/common/mios32_uart_midi.o
                0x08011ae4                MIOS32_UART_MIDI_Init
 .text.MIOS32_UART_MIDI_Periodic_mS
                0x08011b30       0x50 project_build//home/karshan/gits/vaayu/software/mios32/trunk//mios32/common/mios32_uart_midi.o
                0x08011b30                MIOS32_UART_MIDI_Periodic_mS
 .text.MIOS32_UART_MIDI_PackageSend_NonBlocking
                0x08011b80       0xb8 project_build//home/karshan/gits/vaayu/software/mios32/trunk//mios32/common/mios32_uart_midi.o
                0x08011b80                MIOS32_UART_MIDI_PackageSend_NonBlocking
 .text.MIOS32_UART_MIDI_PackageSend
                0x08011c38       0x14 project_build//home/karshan/gits/vaayu/software/mios32/trunk//mios32/common/mios32_uart_midi.o
                0x08011c38                MIOS32_UART_MIDI_PackageSend
 .text.MIOS32_UART_MIDI_PackageReceive
                0x08011c4c      0x1b0 project_build//home/karshan/gits/vaayu/software/mios32/trunk//mios32/common/mios32_uart_midi.o
                0x08011c4c                MIOS32_UART_MIDI_PackageReceive
 .text.MIOS32_SPI_MIDI_Periodic_mS
                0x08011dfc        0x4 project_build//home/karshan/gits/vaayu/software/mios32/trunk//mios32/common/mios32_spi_midi.o
                0x08011dfc                MIOS32_SPI_MIDI_Periodic_mS
 .text.MIOS32_IIC_MIDI_Init
                0x08011e00        0x6 project_build//home/karshan/gits/vaayu/software/mios32/trunk//mios32/common/mios32_iic_midi.o
                0x08011e00                MIOS32_IIC_MIDI_Init
 .text.MIOS32_IIC_MIDI_Periodic_mS
                0x08011e06        0x4 project_build//home/karshan/gits/vaayu/software/mios32/trunk//mios32/common/mios32_iic_midi.o
                0x08011e06                MIOS32_IIC_MIDI_Periodic_mS
 .text.MIOS32_IIC_MIDI_PackageSend
                0x08011e0a        0x6 project_build//home/karshan/gits/vaayu/software/mios32/trunk//mios32/common/mios32_iic_midi.o
                0x08011e0a                MIOS32_IIC_MIDI_PackageSend
 .text.MIOS32_TIMESTAMP_Init
                0x08011e10       0x14 project_build//home/karshan/gits/vaayu/software/mios32/trunk//mios32/common/mios32_timestamp.o
                0x08011e10                MIOS32_TIMESTAMP_Init
 .text.MIOS32_TIMESTAMP_Inc
                0x08011e24       0x10 project_build//home/karshan/gits/vaayu/software/mios32/trunk//mios32/common/mios32_timestamp.o
                0x08011e24                MIOS32_TIMESTAMP_Inc
 .text.MIOS32_SYS_Reset
                0x08011e34       0x84 project_build//home/karshan/gits/vaayu/software/mios32/trunk//mios32/STM32F4xx/mios32_sys.o
                0x08011e34                MIOS32_SYS_Reset
 .text.MIOS32_SYS_ChipIDGet
                0x08011eb8        0xc project_build//home/karshan/gits/vaayu/software/mios32/trunk//mios32/STM32F4xx/mios32_sys.o
                0x08011eb8                MIOS32_SYS_ChipIDGet
 .text.MIOS32_SYS_FlashSizeGet
                0x08011ec4       0x10 project_build//home/karshan/gits/vaayu/software/mios32/trunk//mios32/STM32F4xx/mios32_sys.o
                0x08011ec4                MIOS32_SYS_FlashSizeGet
 .text.MIOS32_SYS_RAMSizeGet
                0x08011ed4        0x6 project_build//home/karshan/gits/vaayu/software/mios32/trunk//mios32/STM32F4xx/mios32_sys.o
                0x08011ed4                MIOS32_SYS_RAMSizeGet
 *fill*         0x08011eda        0x2 00
 .text.MIOS32_SYS_SerialNumberGet
                0x08011edc       0x34 project_build//home/karshan/gits/vaayu/software/mios32/trunk//mios32/STM32F4xx/mios32_sys.o
                0x08011edc                MIOS32_SYS_SerialNumberGet
 .text.MIOS32_SYS_TimeSet
                0x08011f10       0x7c project_build//home/karshan/gits/vaayu/software/mios32/trunk//mios32/STM32F4xx/mios32_sys.o
                0x08011f10                MIOS32_SYS_TimeSet
 .text.MIOS32_SYS_Init
                0x08011f8c      0x130 project_build//home/karshan/gits/vaayu/software/mios32/trunk//mios32/STM32F4xx/mios32_sys.o
                0x08011f8c                MIOS32_SYS_Init
 .text.MIOS32_IRQ_Disable
                0x080120bc       0x28 project_build//home/karshan/gits/vaayu/software/mios32/trunk//mios32/STM32F4xx/mios32_irq.o
                0x080120bc                MIOS32_IRQ_Disable
 .text.MIOS32_IRQ_Enable
                0x080120e4       0x28 project_build//home/karshan/gits/vaayu/software/mios32/trunk//mios32/STM32F4xx/mios32_irq.o
                0x080120e4                MIOS32_IRQ_Enable
 .text.MIOS32_IRQ_Install
                0x0801210c       0x4c project_build//home/karshan/gits/vaayu/software/mios32/trunk//mios32/STM32F4xx/mios32_irq.o
                0x0801210c                MIOS32_IRQ_Install
 .text.MIOS32_BOARD_PinInitHlp
                0x08012158       0x74 project_build//home/karshan/gits/vaayu/software/mios32/trunk//mios32/STM32F4xx/mios32_board.o
 .text.MIOS32_BOARD_Init
                0x080121cc       0x1c project_build//home/karshan/gits/vaayu/software/mios32/trunk//mios32/STM32F4xx/mios32_board.o
                0x080121cc                MIOS32_BOARD_Init
 .text.MIOS32_BOARD_LED_Init
                0x080121e8       0x58 project_build//home/karshan/gits/vaayu/software/mios32/trunk//mios32/STM32F4xx/mios32_board.o
                0x080121e8                MIOS32_BOARD_LED_Init
 .text.MIOS32_BOARD_LED_Set
                0x08012240       0x64 project_build//home/karshan/gits/vaayu/software/mios32/trunk//mios32/STM32F4xx/mios32_board.o
                0x08012240                MIOS32_BOARD_LED_Set
 .text.MIOS32_BOARD_LED_Get
                0x080122a4       0x2c project_build//home/karshan/gits/vaayu/software/mios32/trunk//mios32/STM32F4xx/mios32_board.o
                0x080122a4                MIOS32_BOARD_LED_Get
 .text.MIOS32_BOARD_J10_PinInit
                0x080122d0       0x48 project_build//home/karshan/gits/vaayu/software/mios32/trunk//mios32/STM32F4xx/mios32_board.o
                0x080122d0                MIOS32_BOARD_J10_PinInit
 .text.MIOS32_BOARD_J10_PinSet
                0x08012318       0x44 project_build//home/karshan/gits/vaayu/software/mios32/trunk//mios32/STM32F4xx/mios32_board.o
                0x08012318                MIOS32_BOARD_J10_PinSet
 .text.MIOS32_BOARD_J10_PinGet
                0x0801235c       0x3c project_build//home/karshan/gits/vaayu/software/mios32/trunk//mios32/STM32F4xx/mios32_board.o
                0x0801235c                MIOS32_BOARD_J10_PinGet
 .text.TIM2_IRQHandler
                0x08012398       0x24 project_build//home/karshan/gits/vaayu/software/mios32/trunk//mios32/STM32F4xx/mios32_timer.o
                0x08012398                TIM2_IRQHandler
 .text.TIM3_IRQHandler
                0x080123bc       0x24 project_build//home/karshan/gits/vaayu/software/mios32/trunk//mios32/STM32F4xx/mios32_timer.o
                0x080123bc                TIM3_IRQHandler
 .text.TIM5_IRQHandler
                0x080123e0       0x24 project_build//home/karshan/gits/vaayu/software/mios32/trunk//mios32/STM32F4xx/mios32_timer.o
                0x080123e0                TIM5_IRQHandler
 .text.MIOS32_DELAY_Init
                0x08012404       0x44 project_build//home/karshan/gits/vaayu/software/mios32/trunk//mios32/STM32F4xx/mios32_delay.o
                0x08012404                MIOS32_DELAY_Init
 .text.MIOS32_DELAY_Wait_uS
                0x08012448       0x18 project_build//home/karshan/gits/vaayu/software/mios32/trunk//mios32/STM32F4xx/mios32_delay.o
                0x08012448                MIOS32_DELAY_Wait_uS
 .text.USBD_USR_DeviceDescriptor
                0x08012460        0xc project_build//home/karshan/gits/vaayu/software/mios32/trunk//mios32/STM32F4xx/mios32_usb.o
 .text.USBD_USR_LangIDStrDescriptor
                0x0801246c        0xc project_build//home/karshan/gits/vaayu/software/mios32/trunk//mios32/STM32F4xx/mios32_usb.o
 .text.USBD_USR_Init
                0x08012478        0x2 project_build//home/karshan/gits/vaayu/software/mios32/trunk//mios32/STM32F4xx/mios32_usb.o
 .text.USBD_USR_DeviceReset
                0x0801247a        0x2 project_build//home/karshan/gits/vaayu/software/mios32/trunk//mios32/STM32F4xx/mios32_usb.o
 .text.USBD_USR_DeviceConnected
                0x0801247c        0x2 project_build//home/karshan/gits/vaayu/software/mios32/trunk//mios32/STM32F4xx/mios32_usb.o
 .text.USBD_USR_DeviceSuspended
                0x0801247e        0x2 project_build//home/karshan/gits/vaayu/software/mios32/trunk//mios32/STM32F4xx/mios32_usb.o
 .text.USBD_USR_DeviceResumed
                0x08012480        0x2 project_build//home/karshan/gits/vaayu/software/mios32/trunk//mios32/STM32F4xx/mios32_usb.o
 .text.USBH_USR_Init
                0x08012482        0x2 project_build//home/karshan/gits/vaayu/software/mios32/trunk//mios32/STM32F4xx/mios32_usb.o
 .text.USBH_USR_DeviceAttached
                0x08012484        0x2 project_build//home/karshan/gits/vaayu/software/mios32/trunk//mios32/STM32F4xx/mios32_usb.o
 .text.USBH_USR_UnrecoveredError
                0x08012486        0x2 project_build//home/karshan/gits/vaayu/software/mios32/trunk//mios32/STM32F4xx/mios32_usb.o
 .text.USBH_USR_ResetDevice
                0x08012488        0x2 project_build//home/karshan/gits/vaayu/software/mios32/trunk//mios32/STM32F4xx/mios32_usb.o
 .text.USBH_USR_DeviceSpeedDetected
                0x0801248a        0x2 project_build//home/karshan/gits/vaayu/software/mios32/trunk//mios32/STM32F4xx/mios32_usb.o
 .text.USBH_USR_Device_DescAvailable
                0x0801248c        0x2 project_build//home/karshan/gits/vaayu/software/mios32/trunk//mios32/STM32F4xx/mios32_usb.o
 .text.USBH_USR_DeviceAddressAssigned
                0x0801248e        0x2 project_build//home/karshan/gits/vaayu/software/mios32/trunk//mios32/STM32F4xx/mios32_usb.o
 .text.USBH_USR_Configuration_DescAvailable
                0x08012490        0x2 project_build//home/karshan/gits/vaayu/software/mios32/trunk//mios32/STM32F4xx/mios32_usb.o
 .text.USBH_USR_Manufacturer_String
                0x08012492        0x2 project_build//home/karshan/gits/vaayu/software/mios32/trunk//mios32/STM32F4xx/mios32_usb.o
 .text.USBH_USR_Product_String
                0x08012494        0x2 project_build//home/karshan/gits/vaayu/software/mios32/trunk//mios32/STM32F4xx/mios32_usb.o
 .text.USBH_USR_SerialNum_String
                0x08012496        0x2 project_build//home/karshan/gits/vaayu/software/mios32/trunk//mios32/STM32F4xx/mios32_usb.o
 .text.USBH_USR_EnumerationDone
                0x08012498        0x2 project_build//home/karshan/gits/vaayu/software/mios32/trunk//mios32/STM32F4xx/mios32_usb.o
 .text.USBH_USR_DeviceNotSupported
                0x0801249a        0x2 project_build//home/karshan/gits/vaayu/software/mios32/trunk//mios32/STM32F4xx/mios32_usb.o
 .text.USBH_USR_UserInput
                0x0801249c        0x4 project_build//home/karshan/gits/vaayu/software/mios32/trunk//mios32/STM32F4xx/mios32_usb.o
 .text.USBH_USR_OverCurrentDetected
                0x080124a0        0x2 project_build//home/karshan/gits/vaayu/software/mios32/trunk//mios32/STM32F4xx/mios32_usb.o
 .text.USBH_USR_Application
                0x080124a2        0x4 project_build//home/karshan/gits/vaayu/software/mios32/trunk//mios32/STM32F4xx/mios32_usb.o
 .text.USBH_USR_DeInit
                0x080124a6        0x2 project_build//home/karshan/gits/vaayu/software/mios32/trunk//mios32/STM32F4xx/mios32_usb.o
 .text.MIOS32_USB_CLASS_Setup
                0x080124a8        0x4 project_build//home/karshan/gits/vaayu/software/mios32/trunk//mios32/STM32F4xx/mios32_usb.o
 .text.MIOS32_USB_CLASS_EP0_RxReady
                0x080124ac        0x4 project_build//home/karshan/gits/vaayu/software/mios32/trunk//mios32/STM32F4xx/mios32_usb.o
 .text.MIOS32_USB_CLASS_GetCfgDesc
                0x080124b0        0xc project_build//home/karshan/gits/vaayu/software/mios32/trunk//mios32/STM32F4xx/mios32_usb.o
 .text.USBD_USR_SerialStrDescriptor
                0x080124bc       0x38 project_build//home/karshan/gits/vaayu/software/mios32/trunk//mios32/STM32F4xx/mios32_usb.o
 .text.USBD_USR_ProductStrDescriptor
                0x080124f4       0x5c project_build//home/karshan/gits/vaayu/software/mios32/trunk//mios32/STM32F4xx/mios32_usb.o
 .text.USBD_USR_InterfaceStrDescriptor
                0x08012550        0x4 project_build//home/karshan/gits/vaayu/software/mios32/trunk//mios32/STM32F4xx/mios32_usb.o
 .text.USBD_USR_ConfigStrDescriptor
                0x08012554        0x4 project_build//home/karshan/gits/vaayu/software/mios32/trunk//mios32/STM32F4xx/mios32_usb.o
 .text.MIOS32_USB_CLASS_GetUsrStrDesc
                0x08012558        0x6 project_build//home/karshan/gits/vaayu/software/mios32/trunk//mios32/STM32F4xx/mios32_usb.o
 *fill*         0x0801255e        0x2 00
 .text.USBD_USR_ManufacturerStrDescriptor
                0x08012560       0x2c project_build//home/karshan/gits/vaayu/software/mios32/trunk//mios32/STM32F4xx/mios32_usb.o
 .text.MIOS32_USB_CLASS_DataOut
                0x0801258c       0x12 project_build//home/karshan/gits/vaayu/software/mios32/trunk//mios32/STM32F4xx/mios32_usb.o
 .text.MIOS32_USB_CLASS_DataIn
                0x0801259e       0x12 project_build//home/karshan/gits/vaayu/software/mios32/trunk//mios32/STM32F4xx/mios32_usb.o
 .text.MIOS32_USB_CLASS_DeInit
                0x080125b0       0x16 project_build//home/karshan/gits/vaayu/software/mios32/trunk//mios32/STM32F4xx/mios32_usb.o
 .text.USBH_USR_DeviceDisconnected
                0x080125c6        0x6 project_build//home/karshan/gits/vaayu/software/mios32/trunk//mios32/STM32F4xx/mios32_usb.o
 .text.USBD_USR_DeviceDisconnected
                0x080125cc        0x6 project_build//home/karshan/gits/vaayu/software/mios32/trunk//mios32/STM32F4xx/mios32_usb.o
 .text.USBD_USR_DeviceConfigured
                0x080125d2        0x6 project_build//home/karshan/gits/vaayu/software/mios32/trunk//mios32/STM32F4xx/mios32_usb.o
 .text.MIOS32_USB_CLASS_Init
                0x080125d8       0x34 project_build//home/karshan/gits/vaayu/software/mios32/trunk//mios32/STM32F4xx/mios32_usb.o
 .text.USB_OTG_BSP_Init
                0x0801260c       0x9c project_build//home/karshan/gits/vaayu/software/mios32/trunk//mios32/STM32F4xx/mios32_usb.o
                0x0801260c                USB_OTG_BSP_Init
 .text.USB_OTG_BSP_EnableInterrupt
                0x080126a8        0x8 project_build//home/karshan/gits/vaayu/software/mios32/trunk//mios32/STM32F4xx/mios32_usb.o
                0x080126a8                USB_OTG_BSP_EnableInterrupt
 .text.OTG_FS_IRQHandler
                0x080126b0       0x28 project_build//home/karshan/gits/vaayu/software/mios32/trunk//mios32/STM32F4xx/mios32_usb.o
                0x080126b0                OTG_FS_IRQHandler
 .text.USB_OTG_BSP_uDelay
                0x080126d8        0x6 project_build//home/karshan/gits/vaayu/software/mios32/trunk//mios32/STM32F4xx/mios32_usb.o
                0x080126d8                USB_OTG_BSP_uDelay
 .text.USB_OTG_BSP_mDelay
                0x080126de        0xc project_build//home/karshan/gits/vaayu/software/mios32/trunk//mios32/STM32F4xx/mios32_usb.o
                0x080126de                USB_OTG_BSP_mDelay
 *fill*         0x080126ea        0x2 00
 .text.USB_OTG_BSP_ConfigVBUS
                0x080126ec       0x44 project_build//home/karshan/gits/vaayu/software/mios32/trunk//mios32/STM32F4xx/mios32_usb.o
                0x080126ec                USB_OTG_BSP_ConfigVBUS
 .text.USB_OTG_BSP_DriveVBUS
                0x08012730       0x14 project_build//home/karshan/gits/vaayu/software/mios32/trunk//mios32/STM32F4xx/mios32_usb.o
                0x08012730                USB_OTG_BSP_DriveVBUS
 .text.MIOS32_USB_IsInitialized
                0x08012744        0xc project_build//home/karshan/gits/vaayu/software/mios32/trunk//mios32/STM32F4xx/mios32_usb.o
                0x08012744                MIOS32_USB_IsInitialized
 .text.MIOS32_USB_ForceSingleUSB
                0x08012750       0x24 project_build//home/karshan/gits/vaayu/software/mios32/trunk//mios32/STM32F4xx/mios32_usb.o
                0x08012750                MIOS32_USB_ForceSingleUSB
 .text.MIOS32_USB_ForceDeviceMode
                0x08012774       0x24 project_build//home/karshan/gits/vaayu/software/mios32/trunk//mios32/STM32F4xx/mios32_usb.o
                0x08012774                MIOS32_USB_ForceDeviceMode
 .text.MIOS32_USB_Init
                0x08012798       0xec project_build//home/karshan/gits/vaayu/software/mios32/trunk//mios32/STM32F4xx/mios32_usb.o
                0x08012798                MIOS32_USB_Init
 .text.USBH_ClassRequest
                0x08012884        0x4 project_build//home/karshan/gits/vaayu/software/mios32/trunk//mios32/STM32F4xx/mios32_usb_midi.o
 .text.USBH_InterfaceDeInit
                0x08012888       0x3c project_build//home/karshan/gits/vaayu/software/mios32/trunk//mios32/STM32F4xx/mios32_usb_midi.o
 .text.MIOS32_USB_MIDI_RxBufferHandler
                0x080128c4       0xac project_build//home/karshan/gits/vaayu/software/mios32/trunk//mios32/STM32F4xx/mios32_usb_midi.o
 .text.MIOS32_USB_MIDI_TxBufferHandler
                0x08012970       0xac project_build//home/karshan/gits/vaayu/software/mios32/trunk//mios32/STM32F4xx/mios32_usb_midi.o
 .text.USBH_Handle
                0x08012a1c      0x1f0 project_build//home/karshan/gits/vaayu/software/mios32/trunk//mios32/STM32F4xx/mios32_usb_midi.o
 .text.MIOS32_USB_MIDI_Init
                0x08012c0c        0xc project_build//home/karshan/gits/vaayu/software/mios32/trunk//mios32/STM32F4xx/mios32_usb_midi.o
                0x08012c0c                MIOS32_USB_MIDI_Init
 .text.MIOS32_USB_MIDI_ChangeConnectionState
                0x08012c18       0x64 project_build//home/karshan/gits/vaayu/software/mios32/trunk//mios32/STM32F4xx/mios32_usb_midi.o
                0x08012c18                MIOS32_USB_MIDI_ChangeConnectionState
 .text.MIOS32_USB_MIDI_CheckAvailable
                0x08012c7c       0x20 project_build//home/karshan/gits/vaayu/software/mios32/trunk//mios32/STM32F4xx/mios32_usb_midi.o
                0x08012c7c                MIOS32_USB_MIDI_CheckAvailable
 .text.USBH_InterfaceInit
                0x08012c9c      0x104 project_build//home/karshan/gits/vaayu/software/mios32/trunk//mios32/STM32F4xx/mios32_usb_midi.o
 .text.MIOS32_USB_MIDI_PackageSend_NonBlocking
                0x08012da0       0x70 project_build//home/karshan/gits/vaayu/software/mios32/trunk//mios32/STM32F4xx/mios32_usb_midi.o
                0x08012da0                MIOS32_USB_MIDI_PackageSend_NonBlocking
 .text.MIOS32_USB_MIDI_PackageSend
                0x08012e10       0x30 project_build//home/karshan/gits/vaayu/software/mios32/trunk//mios32/STM32F4xx/mios32_usb_midi.o
                0x08012e10                MIOS32_USB_MIDI_PackageSend
 .text.MIOS32_USB_MIDI_PackageReceive
                0x08012e40       0x54 project_build//home/karshan/gits/vaayu/software/mios32/trunk//mios32/STM32F4xx/mios32_usb_midi.o
                0x08012e40                MIOS32_USB_MIDI_PackageReceive
 .text.MIOS32_USB_MIDI_Periodic_mS
                0x08012e94       0x28 project_build//home/karshan/gits/vaayu/software/mios32/trunk//mios32/STM32F4xx/mios32_usb_midi.o
                0x08012e94                MIOS32_USB_MIDI_Periodic_mS
 .text.MIOS32_USB_MIDI_EP1_IN_Callback
                0x08012ebc       0x10 project_build//home/karshan/gits/vaayu/software/mios32/trunk//mios32/STM32F4xx/mios32_usb_midi.o
                0x08012ebc                MIOS32_USB_MIDI_EP1_IN_Callback
 .text.MIOS32_USB_MIDI_EP2_OUT_Callback
                0x08012ecc       0x10 project_build//home/karshan/gits/vaayu/software/mios32/trunk//mios32/STM32F4xx/mios32_usb_midi.o
                0x08012ecc                MIOS32_USB_MIDI_EP2_OUT_Callback
 .text.MIOS32_UART_BaudrateSet
                0x08012edc       0x58 project_build//home/karshan/gits/vaayu/software/mios32/trunk//mios32/STM32F4xx/mios32_uart.o
                0x08012edc                MIOS32_UART_BaudrateSet
 .text.MIOS32_UART_Init
                0x08012f34      0x140 project_build//home/karshan/gits/vaayu/software/mios32/trunk//mios32/STM32F4xx/mios32_uart.o
                0x08012f34                MIOS32_UART_Init
 .text.MIOS32_UART_RxBufferGet
                0x08013074       0x58 project_build//home/karshan/gits/vaayu/software/mios32/trunk//mios32/STM32F4xx/mios32_uart.o
                0x08013074                MIOS32_UART_RxBufferGet
 .text.MIOS32_UART_RxBufferPut
                0x080130cc       0x5c project_build//home/karshan/gits/vaayu/software/mios32/trunk//mios32/STM32F4xx/mios32_uart.o
                0x080130cc                MIOS32_UART_RxBufferPut
 .text.MIOS32_UART_TxBufferGet
                0x08013128       0x58 project_build//home/karshan/gits/vaayu/software/mios32/trunk//mios32/STM32F4xx/mios32_uart.o
                0x08013128                MIOS32_UART_TxBufferGet
 .text.MIOS32_UART_TxBufferPutMore_NonBlocking
                0x08013180       0x90 project_build//home/karshan/gits/vaayu/software/mios32/trunk//mios32/STM32F4xx/mios32_uart.o
                0x08013180                MIOS32_UART_TxBufferPutMore_NonBlocking
 .text.MIOS32_UART_TxBufferPutMore
                0x08013210       0x18 project_build//home/karshan/gits/vaayu/software/mios32/trunk//mios32/STM32F4xx/mios32_uart.o
                0x08013210                MIOS32_UART_TxBufferPutMore
 .text.USART2_IRQHandler
                0x08013228       0x60 project_build//home/karshan/gits/vaayu/software/mios32/trunk//mios32/STM32F4xx/mios32_uart.o
                0x08013228                USART2_IRQHandler
 .text.USART3_IRQHandler
                0x08013288       0x64 project_build//home/karshan/gits/vaayu/software/mios32/trunk//mios32/STM32F4xx/mios32_uart.o
                0x08013288                USART3_IRQHandler
 .text.EV_IRQHandler
                0x080132ec      0x162 project_build//home/karshan/gits/vaayu/software/mios32/trunk//mios32/STM32F4xx/mios32_iic.o
 *fill*         0x0801344e        0x2 00
 .text.ER_IRQHandler
                0x08013450       0x7c project_build//home/karshan/gits/vaayu/software/mios32/trunk//mios32/STM32F4xx/mios32_iic.o
 .text.I2C2_EV_IRQHandler
                0x080134cc        0xc project_build//home/karshan/gits/vaayu/software/mios32/trunk//mios32/STM32F4xx/mios32_iic.o
                0x080134cc                I2C2_EV_IRQHandler
 .text.I2C2_ER_IRQHandler
                0x080134d8        0xc project_build//home/karshan/gits/vaayu/software/mios32/trunk//mios32/STM32F4xx/mios32_iic.o
                0x080134d8                I2C2_ER_IRQHandler
 .text.I2C1_EV_IRQHandler
                0x080134e4        0xc project_build//home/karshan/gits/vaayu/software/mios32/trunk//mios32/STM32F4xx/mios32_iic.o
                0x080134e4                I2C1_EV_IRQHandler
 .text.I2C1_ER_IRQHandler
                0x080134f0        0xc project_build//home/karshan/gits/vaayu/software/mios32/trunk//mios32/STM32F4xx/mios32_iic.o
                0x080134f0                I2C1_ER_IRQHandler
 .text.printchar
                0x080134fc        0xe project_build//home/karshan/gits/vaayu/software/mios32/trunk//mios32/common/printf-stdarg.o
 .text.prints   0x0801350a       0x82 project_build//home/karshan/gits/vaayu/software/mios32/trunk//mios32/common/printf-stdarg.o
 .text.printi   0x0801358c       0x98 project_build//home/karshan/gits/vaayu/software/mios32/trunk//mios32/common/printf-stdarg.o
 .text.print    0x08013624      0x120 project_build//home/karshan/gits/vaayu/software/mios32/trunk//mios32/common/printf-stdarg.o
 .text.sprintf  0x08013744       0x1e project_build//home/karshan/gits/vaayu/software/mios32/trunk//mios32/common/printf-stdarg.o
                0x08013744                sprintf
 .text.vsprintf
                0x08013762       0x10 project_build//home/karshan/gits/vaayu/software/mios32/trunk//mios32/common/printf-stdarg.o
                0x08013762                vsprintf
 *fill*         0x08013772        0x2 00
 .text.NVIC_PriorityGroupConfig
                0x08013774       0x14 project_build//home/karshan/gits/vaayu/software/mios32/trunk//drivers/STM32F4xx/v1.1.0/STM32F4xx_StdPeriph_Driver/src/misc.o
                0x08013774                NVIC_PriorityGroupConfig
 .text.NVIC_SetVectorTable
                0x08013788       0x14 project_build//home/karshan/gits/vaayu/software/mios32/trunk//drivers/STM32F4xx/v1.1.0/STM32F4xx_StdPeriph_Driver/src/misc.o
                0x08013788                NVIC_SetVectorTable
 .text.EXTI_ClearITPendingBit
                0x0801379c        0xc project_build//home/karshan/gits/vaayu/software/mios32/trunk//drivers/STM32F4xx/v1.1.0/STM32F4xx_StdPeriph_Driver/src/stm32f4xx_exti.o
                0x0801379c                EXTI_ClearITPendingBit
 .text.GPIO_Init
                0x080137a8       0x9a project_build//home/karshan/gits/vaayu/software/mios32/trunk//drivers/STM32F4xx/v1.1.0/STM32F4xx_StdPeriph_Driver/src/stm32f4xx_gpio.o
                0x080137a8                GPIO_Init
 .text.GPIO_StructInit
                0x08013842       0x12 project_build//home/karshan/gits/vaayu/software/mios32/trunk//drivers/STM32F4xx/v1.1.0/STM32F4xx_StdPeriph_Driver/src/stm32f4xx_gpio.o
                0x08013842                GPIO_StructInit
 .text.GPIO_SetBits
                0x08013854        0x4 project_build//home/karshan/gits/vaayu/software/mios32/trunk//drivers/STM32F4xx/v1.1.0/STM32F4xx_StdPeriph_Driver/src/stm32f4xx_gpio.o
                0x08013854                GPIO_SetBits
 .text.GPIO_ResetBits
                0x08013858        0x4 project_build//home/karshan/gits/vaayu/software/mios32/trunk//drivers/STM32F4xx/v1.1.0/STM32F4xx_StdPeriph_Driver/src/stm32f4xx_gpio.o
                0x08013858                GPIO_ResetBits
 .text.GPIO_PinAFConfig
                0x0801385c       0x2e project_build//home/karshan/gits/vaayu/software/mios32/trunk//drivers/STM32F4xx/v1.1.0/STM32F4xx_StdPeriph_Driver/src/stm32f4xx_gpio.o
                0x0801385c                GPIO_PinAFConfig
 .text.I2C_GenerateSTOP
                0x0801388a       0x18 project_build//home/karshan/gits/vaayu/software/mios32/trunk//drivers/STM32F4xx/v1.1.0/STM32F4xx_StdPeriph_Driver/src/stm32f4xx_i2c.o
                0x0801388a                I2C_GenerateSTOP
 .text.I2C_ITConfig
                0x080138a2       0x12 project_build//home/karshan/gits/vaayu/software/mios32/trunk//drivers/STM32F4xx/v1.1.0/STM32F4xx_StdPeriph_Driver/src/stm32f4xx_i2c.o
                0x080138a2                I2C_ITConfig
 .text.I2C_GetLastEvent
                0x080138b4       0x10 project_build//home/karshan/gits/vaayu/software/mios32/trunk//drivers/STM32F4xx/v1.1.0/STM32F4xx_StdPeriph_Driver/src/stm32f4xx_i2c.o
                0x080138b4                I2C_GetLastEvent
 .text.I2C_ClearITPendingBit
                0x080138c4        0x8 project_build//home/karshan/gits/vaayu/software/mios32/trunk//drivers/STM32F4xx/v1.1.0/STM32F4xx_StdPeriph_Driver/src/stm32f4xx_i2c.o
                0x080138c4                I2C_ClearITPendingBit
 .text.PWR_BackupAccessCmd
                0x080138cc        0xc project_build//home/karshan/gits/vaayu/software/mios32/trunk//drivers/STM32F4xx/v1.1.0/STM32F4xx_StdPeriph_Driver/src/stm32f4xx_pwr.o
                0x080138cc                PWR_BackupAccessCmd
 .text.RCC_GetClocksFreq
                0x080138d8       0x8c project_build//home/karshan/gits/vaayu/software/mios32/trunk//drivers/STM32F4xx/v1.1.0/STM32F4xx_StdPeriph_Driver/src/stm32f4xx_rcc.o
                0x080138d8                RCC_GetClocksFreq
 .text.RCC_RTCCLKConfig
                0x08013964       0x30 project_build//home/karshan/gits/vaayu/software/mios32/trunk//drivers/STM32F4xx/v1.1.0/STM32F4xx_StdPeriph_Driver/src/stm32f4xx_rcc.o
                0x08013964                RCC_RTCCLKConfig
 .text.RCC_RTCCLKCmd
                0x08013994        0xc project_build//home/karshan/gits/vaayu/software/mios32/trunk//drivers/STM32F4xx/v1.1.0/STM32F4xx_StdPeriph_Driver/src/stm32f4xx_rcc.o
                0x08013994                RCC_RTCCLKCmd
 .text.RCC_AHB1PeriphClockCmd
                0x080139a0       0x18 project_build//home/karshan/gits/vaayu/software/mios32/trunk//drivers/STM32F4xx/v1.1.0/STM32F4xx_StdPeriph_Driver/src/stm32f4xx_rcc.o
                0x080139a0                RCC_AHB1PeriphClockCmd
 .text.RCC_AHB2PeriphClockCmd
                0x080139b8       0x18 project_build//home/karshan/gits/vaayu/software/mios32/trunk//drivers/STM32F4xx/v1.1.0/STM32F4xx_StdPeriph_Driver/src/stm32f4xx_rcc.o
                0x080139b8                RCC_AHB2PeriphClockCmd
 .text.RCC_APB1PeriphClockCmd
                0x080139d0       0x18 project_build//home/karshan/gits/vaayu/software/mios32/trunk//drivers/STM32F4xx/v1.1.0/STM32F4xx_StdPeriph_Driver/src/stm32f4xx_rcc.o
                0x080139d0                RCC_APB1PeriphClockCmd
 .text.RCC_APB2PeriphClockCmd
                0x080139e8       0x18 project_build//home/karshan/gits/vaayu/software/mios32/trunk//drivers/STM32F4xx/v1.1.0/STM32F4xx_StdPeriph_Driver/src/stm32f4xx_rcc.o
                0x080139e8                RCC_APB2PeriphClockCmd
 .text.RCC_AHB1PeriphResetCmd
                0x08013a00       0x18 project_build//home/karshan/gits/vaayu/software/mios32/trunk//drivers/STM32F4xx/v1.1.0/STM32F4xx_StdPeriph_Driver/src/stm32f4xx_rcc.o
                0x08013a00                RCC_AHB1PeriphResetCmd
 .text.RCC_AHB2PeriphResetCmd
                0x08013a18       0x18 project_build//home/karshan/gits/vaayu/software/mios32/trunk//drivers/STM32F4xx/v1.1.0/STM32F4xx_StdPeriph_Driver/src/stm32f4xx_rcc.o
                0x08013a18                RCC_AHB2PeriphResetCmd
 .text.RCC_APB1PeriphResetCmd
                0x08013a30       0x18 project_build//home/karshan/gits/vaayu/software/mios32/trunk//drivers/STM32F4xx/v1.1.0/STM32F4xx_StdPeriph_Driver/src/stm32f4xx_rcc.o
                0x08013a30                RCC_APB1PeriphResetCmd
 .text.RCC_APB2PeriphResetCmd
                0x08013a48       0x18 project_build//home/karshan/gits/vaayu/software/mios32/trunk//drivers/STM32F4xx/v1.1.0/STM32F4xx_StdPeriph_Driver/src/stm32f4xx_rcc.o
                0x08013a48                RCC_APB2PeriphResetCmd
 .text.RTC_ByteToBcd2
                0x08013a60       0x18 project_build//home/karshan/gits/vaayu/software/mios32/trunk//drivers/STM32F4xx/v1.1.0/STM32F4xx_StdPeriph_Driver/src/stm32f4xx_rtc.o
 .text.RTC_StructInit
                0x08013a78        0xc project_build//home/karshan/gits/vaayu/software/mios32/trunk//drivers/STM32F4xx/v1.1.0/STM32F4xx_StdPeriph_Driver/src/stm32f4xx_rtc.o
                0x08013a78                RTC_StructInit
 .text.RTC_EnterInitMode
                0x08013a84       0x40 project_build//home/karshan/gits/vaayu/software/mios32/trunk//drivers/STM32F4xx/v1.1.0/STM32F4xx_StdPeriph_Driver/src/stm32f4xx_rtc.o
                0x08013a84                RTC_EnterInitMode
 .text.RTC_ExitInitMode
                0x08013ac4       0x10 project_build//home/karshan/gits/vaayu/software/mios32/trunk//drivers/STM32F4xx/v1.1.0/STM32F4xx_StdPeriph_Driver/src/stm32f4xx_rtc.o
                0x08013ac4                RTC_ExitInitMode
 .text.RTC_Init
                0x08013ad4       0x48 project_build//home/karshan/gits/vaayu/software/mios32/trunk//drivers/STM32F4xx/v1.1.0/STM32F4xx_StdPeriph_Driver/src/stm32f4xx_rtc.o
                0x08013ad4                RTC_Init
 .text.RTC_WaitForSynchro
                0x08013b1c       0x44 project_build//home/karshan/gits/vaayu/software/mios32/trunk//drivers/STM32F4xx/v1.1.0/STM32F4xx_StdPeriph_Driver/src/stm32f4xx_rtc.o
                0x08013b1c                RTC_WaitForSynchro
 .text.RTC_SetTime
                0x08013b60       0x8c project_build//home/karshan/gits/vaayu/software/mios32/trunk//drivers/STM32F4xx/v1.1.0/STM32F4xx_StdPeriph_Driver/src/stm32f4xx_rtc.o
                0x08013b60                RTC_SetTime
 .text.RTC_TimeStructInit
                0x08013bec        0xc project_build//home/karshan/gits/vaayu/software/mios32/trunk//drivers/STM32F4xx/v1.1.0/STM32F4xx_StdPeriph_Driver/src/stm32f4xx_rtc.o
                0x08013bec                RTC_TimeStructInit
 .text.TIM_TimeBaseInit
                0x08013bf8       0x7c project_build//home/karshan/gits/vaayu/software/mios32/trunk//drivers/STM32F4xx/v1.1.0/STM32F4xx_StdPeriph_Driver/src/stm32f4xx_tim.o
                0x08013bf8                TIM_TimeBaseInit
 .text.TIM_Cmd  0x08013c74       0x18 project_build//home/karshan/gits/vaayu/software/mios32/trunk//drivers/STM32F4xx/v1.1.0/STM32F4xx_StdPeriph_Driver/src/stm32f4xx_tim.o
                0x08013c74                TIM_Cmd
 .text.TIM_GetITStatus
                0x08013c8c       0x16 project_build//home/karshan/gits/vaayu/software/mios32/trunk//drivers/STM32F4xx/v1.1.0/STM32F4xx_StdPeriph_Driver/src/stm32f4xx_tim.o
                0x08013c8c                TIM_GetITStatus
 .text.TIM_ClearITPendingBit
                0x08013ca2        0x8 project_build//home/karshan/gits/vaayu/software/mios32/trunk//drivers/STM32F4xx/v1.1.0/STM32F4xx_StdPeriph_Driver/src/stm32f4xx_tim.o
                0x08013ca2                TIM_ClearITPendingBit
 *fill*         0x08013caa        0x2 00
 .text.USART_Init
                0x08013cac       0xb8 project_build//home/karshan/gits/vaayu/software/mios32/trunk//drivers/STM32F4xx/v1.1.0/STM32F4xx_StdPeriph_Driver/src/stm32f4xx_usart.o
                0x08013cac                USART_Init
 .text.USART_Cmd
                0x08013d64       0x18 project_build//home/karshan/gits/vaayu/software/mios32/trunk//drivers/STM32F4xx/v1.1.0/STM32F4xx_StdPeriph_Driver/src/stm32f4xx_usart.o
                0x08013d64                USART_Cmd
 .text.USART_ITConfig
                0x08013d7c       0x34 project_build//home/karshan/gits/vaayu/software/mios32/trunk//drivers/STM32F4xx/v1.1.0/STM32F4xx_StdPeriph_Driver/src/stm32f4xx_usart.o
                0x08013d7c                USART_ITConfig
 .text.USBD_Resume
                0x08013db0       0x16 project_build//home/karshan/gits/vaayu/software/mios32/trunk//drivers/STM32F4xx/v1.1.0/STM32_USB_Device_Library/Core/src/usbd_core.o
 .text.USBD_Suspend
                0x08013dc6       0x1c project_build//home/karshan/gits/vaayu/software/mios32/trunk//drivers/STM32F4xx/v1.1.0/STM32_USB_Device_Library/Core/src/usbd_core.o
 .text.USBD_SOF
                0x08013de2       0x10 project_build//home/karshan/gits/vaayu/software/mios32/trunk//drivers/STM32F4xx/v1.1.0/STM32_USB_Device_Library/Core/src/usbd_core.o
 .text.USBD_IsoINIncomplete
                0x08013df2        0xe project_build//home/karshan/gits/vaayu/software/mios32/trunk//drivers/STM32F4xx/v1.1.0/STM32_USB_Device_Library/Core/src/usbd_core.o
 .text.USBD_IsoOUTIncomplete
                0x08013e00        0xe project_build//home/karshan/gits/vaayu/software/mios32/trunk//drivers/STM32F4xx/v1.1.0/STM32_USB_Device_Library/Core/src/usbd_core.o
 .text.USBD_Reset
                0x08013e0e       0x2e project_build//home/karshan/gits/vaayu/software/mios32/trunk//drivers/STM32F4xx/v1.1.0/STM32_USB_Device_Library/Core/src/usbd_core.o
 .text.USBD_SetupStage
                0x08013e3c       0x48 project_build//home/karshan/gits/vaayu/software/mios32/trunk//drivers/STM32F4xx/v1.1.0/STM32_USB_Device_Library/Core/src/usbd_core.o
 .text.USBD_DataInStage
                0x08013e84       0xb4 project_build//home/karshan/gits/vaayu/software/mios32/trunk//drivers/STM32F4xx/v1.1.0/STM32_USB_Device_Library/Core/src/usbd_core.o
 .text.USBD_DataOutStage
                0x08013f38       0x74 project_build//home/karshan/gits/vaayu/software/mios32/trunk//drivers/STM32F4xx/v1.1.0/STM32_USB_Device_Library/Core/src/usbd_core.o
 .text.USBD_Init
                0x08013fac       0x38 project_build//home/karshan/gits/vaayu/software/mios32/trunk//drivers/STM32F4xx/v1.1.0/STM32_USB_Device_Library/Core/src/usbd_core.o
                0x08013fac                USBD_Init
 .text.USBD_SetCfg
                0x08013fe4       0x18 project_build//home/karshan/gits/vaayu/software/mios32/trunk//drivers/STM32F4xx/v1.1.0/STM32_USB_Device_Library/Core/src/usbd_core.o
                0x08013fe4                USBD_SetCfg
 .text.USBD_ClrCfg
                0x08013ffc        0xe project_build//home/karshan/gits/vaayu/software/mios32/trunk//drivers/STM32F4xx/v1.1.0/STM32_USB_Device_Library/Core/src/usbd_core.o
                0x08013ffc                USBD_ClrCfg
 .text.USBD_CtlSendData
                0x0801400a       0x22 project_build//home/karshan/gits/vaayu/software/mios32/trunk//drivers/STM32F4xx/v1.1.0/STM32_USB_Device_Library/Core/src/usbd_ioreq.o
                0x0801400a                USBD_CtlSendData
 .text.USBD_CtlContinueSendData
                0x0801402c       0x12 project_build//home/karshan/gits/vaayu/software/mios32/trunk//drivers/STM32F4xx/v1.1.0/STM32_USB_Device_Library/Core/src/usbd_ioreq.o
                0x0801402c                USBD_CtlContinueSendData
 .text.USBD_CtlContinueRx
                0x0801403e       0x12 project_build//home/karshan/gits/vaayu/software/mios32/trunk//drivers/STM32F4xx/v1.1.0/STM32_USB_Device_Library/Core/src/usbd_ioreq.o
                0x0801403e                USBD_CtlContinueRx
 .text.USBD_CtlSendStatus
                0x08014050       0x1e project_build//home/karshan/gits/vaayu/software/mios32/trunk//drivers/STM32F4xx/v1.1.0/STM32_USB_Device_Library/Core/src/usbd_ioreq.o
                0x08014050                USBD_CtlSendStatus
 .text.USBD_CtlReceiveStatus
                0x0801406e       0x1e project_build//home/karshan/gits/vaayu/software/mios32/trunk//drivers/STM32F4xx/v1.1.0/STM32_USB_Device_Library/Core/src/usbd_ioreq.o
                0x0801406e                USBD_CtlReceiveStatus
 .text.USBD_ParseSetupRequest
                0x0801408c       0x44 project_build//home/karshan/gits/vaayu/software/mios32/trunk//drivers/STM32F4xx/v1.1.0/STM32_USB_Device_Library/Core/src/usbd_req.o
                0x0801408c                USBD_ParseSetupRequest
 .text.USBD_CtlError
                0x080140d0       0x1c project_build//home/karshan/gits/vaayu/software/mios32/trunk//drivers/STM32F4xx/v1.1.0/STM32_USB_Device_Library/Core/src/usbd_req.o
                0x080140d0                USBD_CtlError
 .text.USBD_StdEPReq
                0x080140ec       0xc4 project_build//home/karshan/gits/vaayu/software/mios32/trunk//drivers/STM32F4xx/v1.1.0/STM32_USB_Device_Library/Core/src/usbd_req.o
                0x080140ec                USBD_StdEPReq
 .text.USBD_StdItfReq
                0x080141b0       0x30 project_build//home/karshan/gits/vaayu/software/mios32/trunk//drivers/STM32F4xx/v1.1.0/STM32_USB_Device_Library/Core/src/usbd_req.o
                0x080141b0                USBD_StdItfReq
 .text.USBD_StdDevReq
                0x080141e0      0x2ac project_build//home/karshan/gits/vaayu/software/mios32/trunk//drivers/STM32F4xx/v1.1.0/STM32_USB_Device_Library/Core/src/usbd_req.o
                0x080141e0                USBD_StdDevReq
 .text.USBD_GetString
                0x0801448c       0x38 project_build//home/karshan/gits/vaayu/software/mios32/trunk//drivers/STM32F4xx/v1.1.0/STM32_USB_Device_Library/Core/src/usbd_req.o
                0x0801448c                USBD_GetString
 .text.USBH_Connected
                0x080144c4        0xa project_build//home/karshan/gits/vaayu/software/mios32/trunk//drivers/STM32F4xx/v1.1.0/STM32_USB_HOST_Library/Core/src/usbh_core.o
                0x080144c4                USBH_Connected
 .text.USBH_Disconnected
                0x080144ce        0xa project_build//home/karshan/gits/vaayu/software/mios32/trunk//drivers/STM32F4xx/v1.1.0/STM32_USB_HOST_Library/Core/src/usbh_core.o
                0x080144ce                USBH_Disconnected
 .text.USBH_SOF
                0x080144d8        0x4 project_build//home/karshan/gits/vaayu/software/mios32/trunk//drivers/STM32F4xx/v1.1.0/STM32_USB_HOST_Library/Core/src/usbh_core.o
                0x080144d8                USBH_SOF
 .text.USBH_DeInit
                0x080144dc       0x32 project_build//home/karshan/gits/vaayu/software/mios32/trunk//drivers/STM32F4xx/v1.1.0/STM32_USB_HOST_Library/Core/src/usbh_core.o
                0x080144dc                USBH_DeInit
 .text.USBH_Init
                0x0801450e       0x42 project_build//home/karshan/gits/vaayu/software/mios32/trunk//drivers/STM32F4xx/v1.1.0/STM32_USB_HOST_Library/Core/src/usbh_core.o
                0x0801450e                USBH_Init
 .text.USBH_ErrorHandle
                0x08014550       0x2a project_build//home/karshan/gits/vaayu/software/mios32/trunk//drivers/STM32F4xx/v1.1.0/STM32_USB_HOST_Library/Core/src/usbh_core.o
                0x08014550                USBH_ErrorHandle
 *fill*         0x0801457a        0x2 00
 .text.USBH_HandleControl
                0x0801457c      0x1b8 project_build//home/karshan/gits/vaayu/software/mios32/trunk//drivers/STM32F4xx/v1.1.0/STM32_USB_HOST_Library/Core/src/usbh_core.o
                0x0801457c                USBH_HandleControl
 .text.USBH_Process
                0x08014734      0x344 project_build//home/karshan/gits/vaayu/software/mios32/trunk//drivers/STM32F4xx/v1.1.0/STM32_USB_HOST_Library/Core/src/usbh_core.o
                0x08014734                USBH_Process
 .text.USBH_Open_Channel
                0x08014a78       0x54 project_build//home/karshan/gits/vaayu/software/mios32/trunk//drivers/STM32F4xx/v1.1.0/STM32_USB_HOST_Library/Core/src/usbh_hcs.o
                0x08014a78                USBH_Open_Channel
 .text.USBH_Modify_Channel
                0x08014acc       0x3a project_build//home/karshan/gits/vaayu/software/mios32/trunk//drivers/STM32F4xx/v1.1.0/STM32_USB_HOST_Library/Core/src/usbh_hcs.o
                0x08014acc                USBH_Modify_Channel
 .text.USBH_Alloc_Channel
                0x08014b06       0x32 project_build//home/karshan/gits/vaayu/software/mios32/trunk//drivers/STM32F4xx/v1.1.0/STM32_USB_HOST_Library/Core/src/usbh_hcs.o
                0x08014b06                USBH_Alloc_Channel
 .text.USBH_Free_Channel
                0x08014b38       0x18 project_build//home/karshan/gits/vaayu/software/mios32/trunk//drivers/STM32F4xx/v1.1.0/STM32_USB_HOST_Library/Core/src/usbh_hcs.o
                0x08014b38                USBH_Free_Channel
 .text.USBH_DeAllocate_AllChannel
                0x08014b50       0x1e project_build//home/karshan/gits/vaayu/software/mios32/trunk//drivers/STM32F4xx/v1.1.0/STM32_USB_HOST_Library/Core/src/usbh_hcs.o
                0x08014b50                USBH_DeAllocate_AllChannel
 .text.USBH_CtlReq
                0x08014b6e       0x48 project_build//home/karshan/gits/vaayu/software/mios32/trunk//drivers/STM32F4xx/v1.1.0/STM32_USB_HOST_Library/Core/src/usbh_ioreq.o
                0x08014b6e                USBH_CtlReq
 .text.USBH_CtlSendSetup
                0x08014bb6       0x2e project_build//home/karshan/gits/vaayu/software/mios32/trunk//drivers/STM32F4xx/v1.1.0/STM32_USB_HOST_Library/Core/src/usbh_ioreq.o
                0x08014bb6                USBH_CtlSendSetup
 .text.USBH_CtlSendData
                0x08014be4       0x40 project_build//home/karshan/gits/vaayu/software/mios32/trunk//drivers/STM32F4xx/v1.1.0/STM32_USB_HOST_Library/Core/src/usbh_ioreq.o
                0x08014be4                USBH_CtlSendData
 .text.USBH_CtlReceiveData
                0x08014c24       0x2c project_build//home/karshan/gits/vaayu/software/mios32/trunk//drivers/STM32F4xx/v1.1.0/STM32_USB_HOST_Library/Core/src/usbh_ioreq.o
                0x08014c24                USBH_CtlReceiveData
 .text.USBH_BulkSendData
                0x08014c50       0x34 project_build//home/karshan/gits/vaayu/software/mios32/trunk//drivers/STM32F4xx/v1.1.0/STM32_USB_HOST_Library/Core/src/usbh_ioreq.o
                0x08014c50                USBH_BulkSendData
 .text.USBH_BulkReceiveData
                0x08014c84       0x34 project_build//home/karshan/gits/vaayu/software/mios32/trunk//drivers/STM32F4xx/v1.1.0/STM32_USB_HOST_Library/Core/src/usbh_ioreq.o
                0x08014c84                USBH_BulkReceiveData
 .text.USBH_GetDescriptor
                0x08014cb8       0x34 project_build//home/karshan/gits/vaayu/software/mios32/trunk//drivers/STM32F4xx/v1.1.0/STM32_USB_HOST_Library/Core/src/usbh_stdreq.o
                0x08014cb8                USBH_GetDescriptor
 .text.USBH_Get_StringDesc
                0x08014cec       0x50 project_build//home/karshan/gits/vaayu/software/mios32/trunk//drivers/STM32F4xx/v1.1.0/STM32_USB_HOST_Library/Core/src/usbh_stdreq.o
                0x08014cec                USBH_Get_StringDesc
 .text.USBH_Get_DevDesc
                0x08014d3c       0xac project_build//home/karshan/gits/vaayu/software/mios32/trunk//drivers/STM32F4xx/v1.1.0/STM32_USB_HOST_Library/Core/src/usbh_stdreq.o
                0x08014d3c                USBH_Get_DevDesc
 .text.USBH_Get_CfgDesc
                0x08014de8      0x1dc project_build//home/karshan/gits/vaayu/software/mios32/trunk//drivers/STM32F4xx/v1.1.0/STM32_USB_HOST_Library/Core/src/usbh_stdreq.o
                0x08014de8                USBH_Get_CfgDesc
 .text.USBH_SetAddress
                0x08014fc4       0x1c project_build//home/karshan/gits/vaayu/software/mios32/trunk//drivers/STM32F4xx/v1.1.0/STM32_USB_HOST_Library/Core/src/usbh_stdreq.o
                0x08014fc4                USBH_SetAddress
 .text.USBH_SetCfg
                0x08014fe0       0x1c project_build//home/karshan/gits/vaayu/software/mios32/trunk//drivers/STM32F4xx/v1.1.0/STM32_USB_HOST_Library/Core/src/usbh_stdreq.o
                0x08014fe0                USBH_SetCfg
 .text.USBH_ClrFeature
                0x08014ffc       0x32 project_build//home/karshan/gits/vaayu/software/mios32/trunk//drivers/STM32F4xx/v1.1.0/STM32_USB_HOST_Library/Core/src/usbh_stdreq.o
                0x08014ffc                USBH_ClrFeature
 *fill*         0x0801502e        0x2 00
 .text.USB_OTG_EnableCommonInt
                0x08015030       0x14 project_build//home/karshan/gits/vaayu/software/mios32/trunk//drivers/STM32F4xx/v1.1.0/STM32_USB_OTG_Driver/src/usb_core.o
 .text.USB_OTG_CoreReset
                0x08015044       0x4c project_build//home/karshan/gits/vaayu/software/mios32/trunk//drivers/STM32F4xx/v1.1.0/STM32_USB_OTG_Driver/src/usb_core.o
 .text.USB_OTG_WritePacket
                0x08015090       0x26 project_build//home/karshan/gits/vaayu/software/mios32/trunk//drivers/STM32F4xx/v1.1.0/STM32_USB_OTG_Driver/src/usb_core.o
                0x08015090                USB_OTG_WritePacket
 .text.USB_OTG_ReadPacket
                0x080150b6       0x22 project_build//home/karshan/gits/vaayu/software/mios32/trunk//drivers/STM32F4xx/v1.1.0/STM32_USB_OTG_Driver/src/usb_core.o
                0x080150b6                USB_OTG_ReadPacket
 .text.USB_OTG_SelectCore
                0x080150d8       0xc0 project_build//home/karshan/gits/vaayu/software/mios32/trunk//drivers/STM32F4xx/v1.1.0/STM32_USB_OTG_Driver/src/usb_core.o
                0x080150d8                USB_OTG_SelectCore
 .text.USB_OTG_CoreInit
                0x08015198       0x9a project_build//home/karshan/gits/vaayu/software/mios32/trunk//drivers/STM32F4xx/v1.1.0/STM32_USB_OTG_Driver/src/usb_core.o
                0x08015198                USB_OTG_CoreInit
 .text.USB_OTG_EnableGlobalInt
                0x08015232        0xe project_build//home/karshan/gits/vaayu/software/mios32/trunk//drivers/STM32F4xx/v1.1.0/STM32_USB_OTG_Driver/src/usb_core.o
                0x08015232                USB_OTG_EnableGlobalInt
 .text.USB_OTG_DisableGlobalInt
                0x08015240        0xe project_build//home/karshan/gits/vaayu/software/mios32/trunk//drivers/STM32F4xx/v1.1.0/STM32_USB_OTG_Driver/src/usb_core.o
                0x08015240                USB_OTG_DisableGlobalInt
 *fill*         0x0801524e        0x2 00
 .text.USB_OTG_FlushTxFifo
                0x08015250       0x3c project_build//home/karshan/gits/vaayu/software/mios32/trunk//drivers/STM32F4xx/v1.1.0/STM32_USB_OTG_Driver/src/usb_core.o
                0x08015250                USB_OTG_FlushTxFifo
 .text.USB_OTG_FlushRxFifo
                0x0801528c       0x34 project_build//home/karshan/gits/vaayu/software/mios32/trunk//drivers/STM32F4xx/v1.1.0/STM32_USB_OTG_Driver/src/usb_core.o
                0x0801528c                USB_OTG_FlushRxFifo
 .text.USB_OTG_SetCurrentMode
                0x080152c0       0x2a project_build//home/karshan/gits/vaayu/software/mios32/trunk//drivers/STM32F4xx/v1.1.0/STM32_USB_OTG_Driver/src/usb_core.o
                0x080152c0                USB_OTG_SetCurrentMode
 .text.USB_OTG_IsDeviceMode
                0x080152ea        0xe project_build//home/karshan/gits/vaayu/software/mios32/trunk//drivers/STM32F4xx/v1.1.0/STM32_USB_OTG_Driver/src/usb_core.o
                0x080152ea                USB_OTG_IsDeviceMode
 .text.USB_OTG_IsHostMode
                0x080152f8        0xa project_build//home/karshan/gits/vaayu/software/mios32/trunk//drivers/STM32F4xx/v1.1.0/STM32_USB_OTG_Driver/src/usb_core.o
                0x080152f8                USB_OTG_IsHostMode
 .text.USB_OTG_ReadCoreItr
                0x08015302        0xa project_build//home/karshan/gits/vaayu/software/mios32/trunk//drivers/STM32F4xx/v1.1.0/STM32_USB_OTG_Driver/src/usb_core.o
                0x08015302                USB_OTG_ReadCoreItr
 .text.USB_OTG_IsEvenFrame
                0x0801530c        0xe project_build//home/karshan/gits/vaayu/software/mios32/trunk//drivers/STM32F4xx/v1.1.0/STM32_USB_OTG_Driver/src/usb_core.o
                0x0801530c                USB_OTG_IsEvenFrame
 .text.USB_OTG_EnableHostInt
                0x0801531a       0x3c project_build//home/karshan/gits/vaayu/software/mios32/trunk//drivers/STM32F4xx/v1.1.0/STM32_USB_OTG_Driver/src/usb_core.o
                0x0801531a                USB_OTG_EnableHostInt
 .text.USB_OTG_InitFSLSPClkSel
                0x08015356        0xc project_build//home/karshan/gits/vaayu/software/mios32/trunk//drivers/STM32F4xx/v1.1.0/STM32_USB_OTG_Driver/src/usb_core.o
                0x08015356                USB_OTG_InitFSLSPClkSel
 .text.USB_OTG_ReadHPRT0
                0x08015362        0xc project_build//home/karshan/gits/vaayu/software/mios32/trunk//drivers/STM32F4xx/v1.1.0/STM32_USB_OTG_Driver/src/usb_core.o
                0x08015362                USB_OTG_ReadHPRT0
 .text.USB_OTG_DriveVbus
                0x0801536e       0x4c project_build//home/karshan/gits/vaayu/software/mios32/trunk//drivers/STM32F4xx/v1.1.0/STM32_USB_OTG_Driver/src/usb_core.o
                0x0801536e                USB_OTG_DriveVbus
 .text.USB_OTG_ReadHostAllChannels_intr
                0x080153ba        0x6 project_build//home/karshan/gits/vaayu/software/mios32/trunk//drivers/STM32F4xx/v1.1.0/STM32_USB_OTG_Driver/src/usb_core.o
                0x080153ba                USB_OTG_ReadHostAllChannels_intr
 .text.USB_OTG_ResetPort
                0x080153c0       0x2c project_build//home/karshan/gits/vaayu/software/mios32/trunk//drivers/STM32F4xx/v1.1.0/STM32_USB_OTG_Driver/src/usb_core.o
                0x080153c0                USB_OTG_ResetPort
 .text.USB_OTG_CoreInitHost
                0x080153ec       0x98 project_build//home/karshan/gits/vaayu/software/mios32/trunk//drivers/STM32F4xx/v1.1.0/STM32_USB_OTG_Driver/src/usb_core.o
                0x080153ec                USB_OTG_CoreInitHost
 .text.USB_OTG_HC_Init
                0x08015484       0xe8 project_build//home/karshan/gits/vaayu/software/mios32/trunk//drivers/STM32F4xx/v1.1.0/STM32_USB_OTG_Driver/src/usb_core.o
                0x08015484                USB_OTG_HC_Init
 .text.USB_OTG_HC_StartXfer
                0x0801556c      0x114 project_build//home/karshan/gits/vaayu/software/mios32/trunk//drivers/STM32F4xx/v1.1.0/STM32_USB_OTG_Driver/src/usb_core.o
                0x0801556c                USB_OTG_HC_StartXfer
 .text.USB_OTG_HC_Halt
                0x08015680       0x3a project_build//home/karshan/gits/vaayu/software/mios32/trunk//drivers/STM32F4xx/v1.1.0/STM32_USB_OTG_Driver/src/usb_core.o
                0x08015680                USB_OTG_HC_Halt
 .text.USB_OTG_HC_DoPing
                0x080156ba       0x28 project_build//home/karshan/gits/vaayu/software/mios32/trunk//drivers/STM32F4xx/v1.1.0/STM32_USB_OTG_Driver/src/usb_core.o
                0x080156ba                USB_OTG_HC_DoPing
 .text.USB_OTG_InitDevSpeed
                0x080156e2        0xc project_build//home/karshan/gits/vaayu/software/mios32/trunk//drivers/STM32F4xx/v1.1.0/STM32_USB_OTG_Driver/src/usb_core.o
                0x080156e2                USB_OTG_InitDevSpeed
 .text.USB_OTG_EnableDevInt
                0x080156ee       0x3c project_build//home/karshan/gits/vaayu/software/mios32/trunk//drivers/STM32F4xx/v1.1.0/STM32_USB_OTG_Driver/src/usb_core.o
                0x080156ee                USB_OTG_EnableDevInt
 *fill*         0x0801572a        0x2 00
 .text.USB_OTG_CoreInitDev
                0x0801572c      0x100 project_build//home/karshan/gits/vaayu/software/mios32/trunk//drivers/STM32F4xx/v1.1.0/STM32_USB_OTG_Driver/src/usb_core.o
                0x0801572c                USB_OTG_CoreInitDev
 .text.USB_OTG_GetDeviceSpeed
                0x0801582c       0x1c project_build//home/karshan/gits/vaayu/software/mios32/trunk//drivers/STM32F4xx/v1.1.0/STM32_USB_OTG_Driver/src/usb_core.o
                0x0801582c                USB_OTG_GetDeviceSpeed
 .text.USB_OTG_EP0Activate
                0x08015848       0x2c project_build//home/karshan/gits/vaayu/software/mios32/trunk//drivers/STM32F4xx/v1.1.0/STM32_USB_OTG_Driver/src/usb_core.o
                0x08015848                USB_OTG_EP0Activate
 .text.USB_OTG_EPActivate
                0x08015874       0x5e project_build//home/karshan/gits/vaayu/software/mios32/trunk//drivers/STM32F4xx/v1.1.0/STM32_USB_OTG_Driver/src/usb_core.o
                0x08015874                USB_OTG_EPActivate
 .text.USB_OTG_EPDeactivate
                0x080158d2       0x3e project_build//home/karshan/gits/vaayu/software/mios32/trunk//drivers/STM32F4xx/v1.1.0/STM32_USB_OTG_Driver/src/usb_core.o
                0x080158d2                USB_OTG_EPDeactivate
 .text.USB_OTG_EPStartXfer
                0x08015910      0x10a project_build//home/karshan/gits/vaayu/software/mios32/trunk//drivers/STM32F4xx/v1.1.0/STM32_USB_OTG_Driver/src/usb_core.o
                0x08015910                USB_OTG_EPStartXfer
 .text.USB_OTG_EP0StartXfer
                0x08015a1a       0xda project_build//home/karshan/gits/vaayu/software/mios32/trunk//drivers/STM32F4xx/v1.1.0/STM32_USB_OTG_Driver/src/usb_core.o
                0x08015a1a                USB_OTG_EP0StartXfer
 .text.USB_OTG_EPSetStall
                0x08015af4       0x36 project_build//home/karshan/gits/vaayu/software/mios32/trunk//drivers/STM32F4xx/v1.1.0/STM32_USB_OTG_Driver/src/usb_core.o
                0x08015af4                USB_OTG_EPSetStall
 .text.USB_OTG_EPClearStall
                0x08015b2a       0x28 project_build//home/karshan/gits/vaayu/software/mios32/trunk//drivers/STM32F4xx/v1.1.0/STM32_USB_OTG_Driver/src/usb_core.o
                0x08015b2a                USB_OTG_EPClearStall
 .text.USB_OTG_ReadDevAllOutEp_itr
                0x08015b52        0xc project_build//home/karshan/gits/vaayu/software/mios32/trunk//drivers/STM32F4xx/v1.1.0/STM32_USB_OTG_Driver/src/usb_core.o
                0x08015b52                USB_OTG_ReadDevAllOutEp_itr
 .text.USB_OTG_ReadDevOutEP_itr
                0x08015b5e       0x10 project_build//home/karshan/gits/vaayu/software/mios32/trunk//drivers/STM32F4xx/v1.1.0/STM32_USB_OTG_Driver/src/usb_core.o
                0x08015b5e                USB_OTG_ReadDevOutEP_itr
 .text.USB_OTG_ReadDevAllInEPItr